Archive member included to satisfy reference by file (symbol)

/home/acid/pico/gcc-arm-none-eabi-10.3-2021.10/bin/../lib/gcc/arm-none-eabi/10.3.1/thumb/v6-m/nofp/libgcc.a(_dvmd_tls.o)
                              CMakeFiles/John-ADC-Git.dir/home/acid/Clones/pico/pico-sdk/src/rp2_common/pico_divider/divider_hardware.S.o (__aeabi_idiv0)
/home/acid/pico/gcc-arm-none-eabi-10.3-2021.10/bin/../lib/gcc/arm-none-eabi/10.3.1/../../../../arm-none-eabi/lib/thumb/v6-m/nofp/libg.a(lib_a-calloc.o)
                              CMakeFiles/John-ADC-Git.dir/home/acid/Clones/pico/pico-sdk/src/rp2_common/pico_malloc/malloc.c.o (calloc)
/home/acid/pico/gcc-arm-none-eabi-10.3-2021.10/bin/../lib/gcc/arm-none-eabi/10.3.1/../../../../arm-none-eabi/lib/thumb/v6-m/nofp/libg.a(lib_a-callocr.o)
                              /home/acid/pico/gcc-arm-none-eabi-10.3-2021.10/bin/../lib/gcc/arm-none-eabi/10.3.1/../../../../arm-none-eabi/lib/thumb/v6-m/nofp/libg.a(lib_a-calloc.o) (_calloc_r)
/home/acid/pico/gcc-arm-none-eabi-10.3-2021.10/bin/../lib/gcc/arm-none-eabi/10.3.1/../../../../arm-none-eabi/lib/thumb/v6-m/nofp/libg.a(lib_a-ctype_.o)
                              CMakeFiles/John-ADC-Git.dir/home/acid/Clones/pico/pico-sdk/lib/tinyusb/src/tusb.c.o (_ctype_)
/home/acid/pico/gcc-arm-none-eabi-10.3-2021.10/bin/../lib/gcc/arm-none-eabi/10.3.1/../../../../arm-none-eabi/lib/thumb/v6-m/nofp/libg.a(lib_a-errno.o)
                              /home/acid/pico/gcc-arm-none-eabi-10.3-2021.10/bin/../lib/gcc/arm-none-eabi/10.3.1/../../../../arm-none-eabi/lib/thumb/v6-m/nofp/libg.a(lib_a-callocr.o) (__errno)
/home/acid/pico/gcc-arm-none-eabi-10.3-2021.10/bin/../lib/gcc/arm-none-eabi/10.3.1/../../../../arm-none-eabi/lib/thumb/v6-m/nofp/libg.a(lib_a-fflush.o)
                              CMakeFiles/John-ADC-Git.dir/main.c.o (fflush)
/home/acid/pico/gcc-arm-none-eabi-10.3-2021.10/bin/../lib/gcc/arm-none-eabi/10.3.1/../../../../arm-none-eabi/lib/thumb/v6-m/nofp/libg.a(lib_a-findfp.o)
                              /home/acid/pico/gcc-arm-none-eabi-10.3-2021.10/bin/../lib/gcc/arm-none-eabi/10.3.1/../../../../arm-none-eabi/lib/thumb/v6-m/nofp/libg.a(lib_a-fflush.o) (__sinit)
/home/acid/pico/gcc-arm-none-eabi-10.3-2021.10/bin/../lib/gcc/arm-none-eabi/10.3.1/../../../../arm-none-eabi/lib/thumb/v6-m/nofp/libg.a(lib_a-freer.o)
                              /home/acid/pico/gcc-arm-none-eabi-10.3-2021.10/bin/../lib/gcc/arm-none-eabi/10.3.1/../../../../arm-none-eabi/lib/thumb/v6-m/nofp/libg.a(lib_a-fflush.o) (_free_r)
/home/acid/pico/gcc-arm-none-eabi-10.3-2021.10/bin/../lib/gcc/arm-none-eabi/10.3.1/../../../../arm-none-eabi/lib/thumb/v6-m/nofp/libg.a(lib_a-fwalk.o)
                              /home/acid/pico/gcc-arm-none-eabi-10.3-2021.10/bin/../lib/gcc/arm-none-eabi/10.3.1/../../../../arm-none-eabi/lib/thumb/v6-m/nofp/libg.a(lib_a-findfp.o) (_fwalk)
/home/acid/pico/gcc-arm-none-eabi-10.3-2021.10/bin/../lib/gcc/arm-none-eabi/10.3.1/../../../../arm-none-eabi/lib/thumb/v6-m/nofp/libg.a(lib_a-fwrite.o)
                              CMakeFiles/John-ADC-Git.dir/main.c.o (fwrite)
/home/acid/pico/gcc-arm-none-eabi-10.3-2021.10/bin/../lib/gcc/arm-none-eabi/10.3.1/../../../../arm-none-eabi/lib/thumb/v6-m/nofp/libg.a(lib_a-impure.o)
                              /home/acid/pico/gcc-arm-none-eabi-10.3-2021.10/bin/../lib/gcc/arm-none-eabi/10.3.1/../../../../arm-none-eabi/lib/thumb/v6-m/nofp/libg.a(lib_a-fflush.o) (_global_impure_ptr)
/home/acid/pico/gcc-arm-none-eabi-10.3-2021.10/bin/../lib/gcc/arm-none-eabi/10.3.1/../../../../arm-none-eabi/lib/thumb/v6-m/nofp/libg.a(lib_a-init.o)
                              /home/acid/pico/gcc-arm-none-eabi-10.3-2021.10/bin/../lib/gcc/arm-none-eabi/10.3.1/../../../../arm-none-eabi/lib/thumb/v6-m/nofp/crt0.o (__libc_init_array)
/home/acid/pico/gcc-arm-none-eabi-10.3-2021.10/bin/../lib/gcc/arm-none-eabi/10.3.1/../../../../arm-none-eabi/lib/thumb/v6-m/nofp/libg.a(lib_a-lcltime_r.o)
                              CMakeFiles/John-ADC-Git.dir/home/acid/Clones/pico/pico-sdk/src/common/pico_util/datetime.c.o (localtime_r)
/home/acid/pico/gcc-arm-none-eabi-10.3-2021.10/bin/../lib/gcc/arm-none-eabi/10.3.1/../../../../arm-none-eabi/lib/thumb/v6-m/nofp/libg.a(lib_a-lock.o)
                              /home/acid/pico/gcc-arm-none-eabi-10.3-2021.10/bin/../lib/gcc/arm-none-eabi/10.3.1/../../../../arm-none-eabi/lib/thumb/v6-m/nofp/libg.a(lib_a-findfp.o) (__retarget_lock_init_recursive)
/home/acid/pico/gcc-arm-none-eabi-10.3-2021.10/bin/../lib/gcc/arm-none-eabi/10.3.1/../../../../arm-none-eabi/lib/thumb/v6-m/nofp/libg.a(lib_a-malloc.o)
                              CMakeFiles/John-ADC-Git.dir/home/acid/Clones/pico/pico-sdk/src/rp2_common/pico_malloc/malloc.c.o (malloc)
/home/acid/pico/gcc-arm-none-eabi-10.3-2021.10/bin/../lib/gcc/arm-none-eabi/10.3.1/../../../../arm-none-eabi/lib/thumb/v6-m/nofp/libg.a(lib_a-mallocr.o)
[...]
Memory Configuration

Name             Origin             Length             Attributes
FLASH            0x0000000010000000 0x0000000000200000 xr
RAM              0x0000000020000000 0x0000000000040000 xrw
SCRATCH_X        0x0000000020040000 0x0000000000001000 xrw
SCRATCH_Y        0x0000000020041000 0x0000000000001000 xrw
*default*        0x0000000000000000 0xffffffffffffffff

Linker script and memory map

LOAD /home/acid/pico/gcc-arm-none-eabi-10.3-2021.10/bin/../lib/gcc/arm-none-eabi/10.3.1/thumb/v6-m/nofp/crti.o
LOAD /home/acid/pico/gcc-arm-none-eabi-10.3-2021.10/bin/../lib/gcc/arm-none-eabi/10.3.1/thumb/v6-m/nofp/crtbegin.o
LOAD /home/acid/pico/gcc-arm-none-eabi-10.3-2021.10/bin/../lib/gcc/arm-none-eabi/10.3.1/../../../../arm-none-eabi/lib/thumb/v6-m/nofp/crt0.o

.flash_begin    0x0000000010000000        0x0
                0x0000000010000000                __flash_binary_start = .

.boot2          0x0000000010000000      0x100
                0x0000000010000000                __boot2_start__ = .
 *(.boot2)
 .boot2         0x0000000010000000      0x100 pico-sdk/src/rp2040/boot_stage2/CMakeFiles/bs2_default_library.dir/bs2_default_padded_checksummed.S.o
                0x0000000010000100                __boot2_end__ = .
                0x0000000000000001                ASSERT (((__boot2_end__ - __boot2_start__) == 0x100), ERROR: Pico second stage bootloader must be 256 bytes in size)

.text           0x0000000010000100     0x8d5c
                0x0000000010000100                __logical_binary_start = .
 *(.vectors)
 .vectors       0x0000000010000100       0xd4 CMakeFiles/John-ADC-Git.dir/home/acid/Clones/pico/pico-sdk/src/rp2_common/pico_crt0/crt0.S.o
                0x0000000010000100                __vectors
                0x0000000010000100                __VECTOR_TABLE
                0x00000000100001c0                isr_irq30
                0x00000000100001c0                __unhandled_user_irq
                0x00000000100001c0                isr_irq13
                0x00000000100001c0                isr_irq27
                0x00000000100001c0                isr_irq31
                0x00000000100001c0                isr_irq5
                0x00000000100001c0                isr_irq11
                0x00000000100001c0                isr_irq23
                0x00000000100001c0                isr_irq18
                0x00000000100001c0                isr_irq28
                0x00000000100001c0                isr_irq19
                0x00000000100001c0                isr_irq0
                0x00000000100001c0                isr_irq6
                0x00000000100001c0                isr_irq22
                0x00000000100001c0                isr_irq17
                0x00000000100001c0                isr_irq14
                0x00000000100001c0                __vectors_end
                0x00000000100001c0                __default_isrs_start
                0x00000000100001c0                isr_irq2
                0x00000000100001c0                isr_irq10
                0x00000000100001c0                isr_irq8
                0x00000000100001c0                isr_irq24
                0x00000000100001c0                isr_irq1
                0x00000000100001c0                isr_irq7
                0x00000000100001c0                isr_irq21
                0x00000000100001c0                isr_irq20
                0x00000000100001c0                isr_irq15
                0x00000000100001c0                isr_irq25
                0x00000000100001c0                isr_irq4
                0x00000000100001c0                isr_irq16
                0x00000000100001c0                isr_irq29
                0x00000000100001c0                isr_irq26
                0x00000000100001c0                isr_irq3
                0x00000000100001c0                isr_irq12
                0x00000000100001c0                isr_irq9
                0x00000000100001c6                unhandled_user_irq_num_in_r0
                0x00000000100001c8                isr_invalid
                0x00000000100001ca                isr_nmi
                0x00000000100001cc                isr_hardfault
                0x00000000100001ce                isr_svcall
                0x00000000100001d0                isr_pendsv
                0x00000000100001d2                isr_systick
                0x00000000100001d4                __default_isrs_end
 *(.binary_info_header)
 .binary_info_header
                0x00000000100001d4       0x14 CMakeFiles/John-ADC-Git.dir/home/acid/Clones/pico/pico-sdk/src/rp2_common/pico_crt0/crt0.S.o
                0x00000000100001e8                __binary_info_header_end = .
 *(.embedded_block)
                0x00000000100001e8                __embedded_block_end = .
 *(.reset)
 .reset         0x00000000100001e8       0x9c CMakeFiles/John-ADC-Git.dir/home/acid/Clones/pico/pico-sdk/src/rp2_common/pico_crt0/crt0.S.o
                0x00000000100001e8                _entry_point
 *(.init)
 .init          0x0000000010000284        0x4 /home/acid/pico/gcc-arm-none-eabi-10.3-2021.10/bin/../lib/gcc/arm-none-eabi/10.3.1/thumb/v6-m/nofp/crti.o
                0x0000000010000284                _init
 *(EXCLUDE_FILE(*libm.a: *libc.a:*lib_a-mem*.o *libgcc.a:) .text*)
 .text          0x0000000010000288       0x48 /home/acid/pico/gcc-arm-none-eabi-10.3-2021.10/bin/../lib/gcc/arm-none-eabi/10.3.1/thumb/v6-m/nofp/crtbegin.o
 .text.drdy_handler
                0x00000000100002d0      0x144 CMakeFiles/John-ADC-Git.dir/main.c.o
                0x00000000100002d0                drdy_handler
 .text.core1_main
                0x0000000010000414      0x12c CMakeFiles/John-ADC-Git.dir/main.c.o
                0x0000000010000414                core1_main
 .text.write_reg
                0x0000000010000540       0x5c CMakeFiles/John-ADC-Git.dir/main.c.o
                0x0000000010000540                write_reg
 .text.Setup_PWM_Clock
                0x000000001000059c       0x80 CMakeFiles/John-ADC-Git.dir/main.c.o
                0x000000001000059c                Setup_PWM_Clock
 .text.read_reg
                0x000000001000061c       0x70 CMakeFiles/John-ADC-Git.dir/main.c.o
                0x000000001000061c                read_reg
 .text.verify_config
                0x000000001000068c       0x74 CMakeFiles/John-ADC-Git.dir/main.c.o
                0x000000001000068c                verify_config
 .text.main     0x0000000010000700      0x278 CMakeFiles/John-ADC-Git.dir/main.c.o
                0x0000000010000700                main
 .text.gpio_default_irq_handler
                0x0000000010000978       0xa8 CMakeFiles/John-ADC-Git.dir/home/acid/Clones/pico/pico-sdk/src/rp2_common/hardware_gpio/gpio.c.o
 .text._gpio_set_irq_enabled
                0x0000000010000a20       0x3c CMakeFiles/John-ADC-Git.dir/home/acid/Clones/pico/pico-sdk/src/rp2_common/hardware_gpio/gpio.c.o
 .text.gpio_set_function
                0x0000000010000a5c       0x34 CMakeFiles/John-ADC-Git.dir/home/acid/Clones/pico/pico-sdk/src/rp2_common/hardware_gpio/gpio.c.o
                0x0000000010000a5c                gpio_set_function
 .text.gpio_set_pulls
                0x0000000010000a90       0x38 CMakeFiles/John-ADC-Git.dir/home/acid/Clones/pico/pico-sdk/src/rp2_common/hardware_gpio/gpio.c.o
                0x0000000010000a90                gpio_set_pulls
 .text.gpio_set_irq_enabled
                0x0000000010000ac8       0x50 CMakeFiles/John-ADC-Git.dir/home/acid/Clones/pico/pico-sdk/src/rp2_common/hardware_gpio/gpio.c.o
                0x0000000010000ac8                gpio_set_irq_enabled
 .text.gpio_set_irq_callback
                0x0000000010000b18       0x48 CMakeFiles/John-ADC-Git.dir/home/acid/Clones/pico/pico-sdk/src/rp2_common/hardware_gpio/gpio.c.o
                0x0000000010000b18                gpio_set_irq_callback
 .text.gpio_set_irq_enabled_with_callback
                0x0000000010000b60       0x28 CMakeFiles/John-ADC-Git.dir/home/acid/Clones/pico/pico-sdk/src/rp2_common/hardware_gpio/gpio.c.o
                0x0000000010000b60                gpio_set_irq_enabled_with_callback
 .text.gpio_init
                0x0000000010000b88       0x16 CMakeFiles/John-ADC-Git.dir/home/acid/Clones/pico/pico-sdk/src/rp2_common/hardware_gpio/gpio.c.o
                0x0000000010000b88                gpio_init
 *fill*         0x0000000010000b9e        0x2 
 .text.rp2040_chip_version
                0x0000000010000ba0       0x4c CMakeFiles/John-ADC-Git.dir/home/acid/Clones/pico/pico-sdk/src/rp2040/pico_platform/platform.c.o
                0x0000000010000ba0                rp2040_chip_version
 .text.panic    0x0000000010000bec       0x30 CMakeFiles/John-ADC-Git.dir/home/acid/Clones/pico/pico-sdk/src/rp2_common/pico_platform_panic/panic.c.o
                0x0000000010000bec                panic
 .text.hw_claim_lock
                0x0000000010000c1c       0x18 CMakeFiles/John-ADC-Git.dir/home/acid/Clones/pico/pico-sdk/src/common/hardware_claim/claim.c.o
                0x0000000010000c1c                hw_claim_lock
 .text.hw_claim_unlock
                0x0000000010000c34       0x14 CMakeFiles/John-ADC-Git.dir/home/acid/Clones/pico/pico-sdk/src/common/hardware_claim/claim.c.o
                0x0000000010000c34                hw_claim_unlock
 .text.hw_claim_or_assert
                0x0000000010000c48       0x32 CMakeFiles/John-ADC-Git.dir/home/acid/Clones/pico/pico-sdk/src/common/hardware_claim/claim.c.o
                0x0000000010000c48                hw_claim_or_assert
 .text.hw_claim_unused_from_range
                0x0000000010000c7a       0x50 CMakeFiles/John-ADC-Git.dir/home/acid/Clones/pico/pico-sdk/src/common/hardware_claim/claim.c.o
                0x0000000010000c7a                hw_claim_unused_from_range
 *fill*         0x0000000010000cca        0x2 
 .text.next_striped_spin_lock_num
                0x0000000010000ccc       0x1c CMakeFiles/John-ADC-Git.dir/home/acid/Clones/pico/pico-sdk/src/rp2_common/hardware_sync/sync.c.o
                0x0000000010000ccc                next_striped_spin_lock_num
 .text.spin_lock_claim_unused
                0x0000000010000ce8       0x20 CMakeFiles/John-ADC-Git.dir/home/acid/Clones/pico/pico-sdk/src/rp2_common/hardware_sync/sync.c.o
                0x0000000010000ce8                spin_lock_claim_unused
 .text.spin_locks_reset
                0x0000000010000d08       0x20 CMakeFiles/John-ADC-Git.dir/home/acid/Clones/pico/pico-sdk/src/rp2_common/hardware_sync_spin_lock/sync_spin_lock.c.o
                0x0000000010000d08                spin_locks_reset
 .text.spin_lock_init
                0x0000000010000d28       0x34 CMakeFiles/John-ADC-Git.dir/home/acid/Clones/pico/pico-sdk/src/rp2_common/hardware_sync_spin_lock/sync_spin_lock.c.o
                0x0000000010000d28                spin_lock_init
 .text.set_raw_irq_handler_and_unlock
                0x0000000010000d5c       0x28 CMakeFiles/John-ADC-Git.dir/home/acid/Clones/pico/pico-sdk/src/rp2_common/hardware_irq/irq.c.o
 .text.nvic_ipr0
                0x0000000010000d84        0x8 CMakeFiles/John-ADC-Git.dir/home/acid/Clones/pico/pico-sdk/src/rp2_common/hardware_irq/irq.c.o
 .text.runtime_init_per_core_irq_priorities
                0x0000000010000d8c       0x1c CMakeFiles/John-ADC-Git.dir/home/acid/Clones/pico/pico-sdk/src/rp2_common/hardware_irq/irq.c.o
                0x0000000010000d8c                runtime_init_per_core_irq_priorities
 .text.make_j_16
                0x0000000010000da8       0x4c CMakeFiles/John-ADC-Git.dir/home/acid/Clones/pico/pico-sdk/src/rp2_common/hardware_irq/irq.c.o
 .text.insert_bl_32
                0x0000000010000df4       0x40 CMakeFiles/John-ADC-Git.dir/home/acid/Clones/pico/pico-sdk/src/rp2_common/hardware_irq/irq.c.o
 .text.irq_is_enabled
                0x0000000010000e34       0x18 CMakeFiles/John-ADC-Git.dir/home/acid/Clones/pico/pico-sdk/src/rp2_common/hardware_irq/irq.c.o
                0x0000000010000e34                irq_is_enabled
 .text.irq_set_mask_n_enabled
                0x0000000010000e4c       0x1c CMakeFiles/John-ADC-Git.dir/home/acid/Clones/pico/pico-sdk/src/rp2_common/hardware_irq/irq.c.o
                0x0000000010000e4c                irq_set_mask_n_enabled
 .text.irq_set_enabled
                0x0000000010000e68       0x14 CMakeFiles/John-ADC-Git.dir/home/acid/Clones/pico/pico-sdk/src/rp2_common/hardware_irq/irq.c.o
                0x0000000010000e68                irq_set_enabled
 .text.irq_set_pending
                0x0000000010000e7c       0x10 CMakeFiles/John-ADC-Git.dir/home/acid/Clones/pico/pico-sdk/src/rp2_common/hardware_irq/irq.c.o
                0x0000000010000e7c                irq_set_pending
 .text.irq_get_vtable_handler
                0x0000000010000e8c       0x10 CMakeFiles/John-ADC-Git.dir/home/acid/Clones/pico/pico-sdk/src/rp2_common/hardware_irq/irq.c.o
                0x0000000010000e8c                irq_get_vtable_handler
 .text.irq_has_shared_handler
                0x0000000010000e9c       0x1c CMakeFiles/John-ADC-Git.dir/home/acid/Clones/pico/pico-sdk/src/rp2_common/hardware_irq/irq.c.o
                0x0000000010000e9c                irq_has_shared_handler
 .text.irq_has_handler
                0x0000000010000eb8       0x20 CMakeFiles/John-ADC-Git.dir/home/acid/Clones/pico/pico-sdk/src/rp2_common/hardware_irq/irq.c.o
                0x0000000010000eb8                irq_has_handler
 .text.irq_set_exclusive_handler
                0x0000000010000ed8       0x54 CMakeFiles/John-ADC-Git.dir/home/acid/Clones/pico/pico-sdk/src/rp2_common/hardware_irq/irq.c.o
                0x0000000010000ed8                irq_set_exclusive_handler
 .text.irq_add_shared_handler
                0x0000000010000f2c      0x238 CMakeFiles/John-ADC-Git.dir/home/acid/Clones/pico/pico-sdk/src/rp2_common/hardware_irq/irq.c.o
                0x0000000010000f2c                irq_add_shared_handler
 .text.irq_remove_handler
                0x0000000010001164      0x1b0 CMakeFiles/John-ADC-Git.dir/home/acid/Clones/pico/pico-sdk/src/rp2_common/hardware_irq/irq.c.o
                0x0000000010001164                irq_remove_handler
 .text.irq_add_tail_to_free_list
                0x0000000010001314       0xf4 CMakeFiles/John-ADC-Git.dir/home/acid/Clones/pico/pico-sdk/src/rp2_common/hardware_irq/irq.c.o
                0x0000000010001314                irq_add_tail_to_free_list
 .text.user_irq_claim_unused
                0x0000000010001408       0x28 CMakeFiles/John-ADC-Git.dir/home/acid/Clones/pico/pico-sdk/src/rp2_common/hardware_irq/irq.c.o
                0x0000000010001408                user_irq_claim_unused
 .text.lock_init
                0x0000000010001430       0x10 CMakeFiles/John-ADC-Git.dir/home/acid/Clones/pico/pico-sdk/src/common/pico_sync/lock_core.c.o
                0x0000000010001430                lock_init
 .text.mutex_init
                0x0000000010001440       0x1a CMakeFiles/John-ADC-Git.dir/home/acid/Clones/pico/pico-sdk/src/common/pico_sync/mutex.c.o
                0x0000000010001440                mutex_init
 .text.recursive_mutex_init
                0x000000001000145a       0x1e CMakeFiles/John-ADC-Git.dir/home/acid/Clones/pico/pico-sdk/src/common/pico_sync/mutex.c.o
                0x000000001000145a                recursive_mutex_init
 .text.runtime_init_mutex
                0x0000000010001478       0x4c CMakeFiles/John-ADC-Git.dir/home/acid/Clones/pico/pico-sdk/src/common/pico_sync/mutex.c.o
                0x0000000010001478                runtime_init_mutex
 .text.critical_section_init_with_lock_num
                0x00000000100014c4       0x14 CMakeFiles/John-ADC-Git.dir/home/acid/Clones/pico/pico-sdk/src/common/pico_sync/critical_section.c.o
                0x00000000100014c4                critical_section_init_with_lock_num
 .text.critical_section_init
                0x00000000100014d8       0x14 CMakeFiles/John-ADC-Git.dir/home/acid/Clones/pico/pico-sdk/src/common/pico_sync/critical_section.c.o
                0x00000000100014d8                critical_section_init
 .text.make_alarm_id
                0x00000000100014ec        0x6 CMakeFiles/John-ADC-Git.dir/home/acid/Clones/pico/pico-sdk/src/common/pico_time/time.c.o
 *fill*         0x00000000100014f2        0x2 
 .text.sleep_until_callback
                0x00000000100014f4       0x30 CMakeFiles/John-ADC-Git.dir/home/acid/Clones/pico/pico-sdk/src/common/pico_time/time.c.o
 .text.alarm_pool_irq_handler
                0x0000000010001524      0x304 CMakeFiles/John-ADC-Git.dir/home/acid/Clones/pico/pico-sdk/src/common/pico_time/time.c.o
 .text.alarm_pool_post_alloc_init
                0x0000000010001828       0x94 CMakeFiles/John-ADC-Git.dir/home/acid/Clones/pico/pico-sdk/src/common/pico_time/time.c.o
 .text.alarm_pool_get_default
                0x00000000100018bc       0x2c CMakeFiles/John-ADC-Git.dir/home/acid/Clones/pico/pico-sdk/src/common/pico_time/time.c.o
                0x00000000100018bc                alarm_pool_get_default
 .text.alarm_pool_add_alarm_at_force_in_context
                0x00000000100018e8       0xb0 CMakeFiles/John-ADC-Git.dir/home/acid/Clones/pico/pico-sdk/src/common/pico_time/time.c.o
                0x00000000100018e8                alarm_pool_add_alarm_at_force_in_context
 .text.alarm_pool_add_alarm_at
                0x0000000010001998       0x3c CMakeFiles/John-ADC-Git.dir/home/acid/Clones/pico/pico-sdk/src/common/pico_time/time.c.o
                0x0000000010001998                alarm_pool_add_alarm_at
 .text.alarm_pool_cancel_alarm
                0x00000000100019d4       0x78 CMakeFiles/John-ADC-Git.dir/home/acid/Clones/pico/pico-sdk/src/common/pico_time/time.c.o
                0x00000000100019d4                alarm_pool_cancel_alarm
 .text.alarm_pool_core_num
                0x0000000010001a4c        0x4 CMakeFiles/John-ADC-Git.dir/home/acid/Clones/pico/pico-sdk/src/common/pico_time/time.c.o
                0x0000000010001a4c                alarm_pool_core_num
 .text.sleep_until
                0x0000000010001a50       0xc8 CMakeFiles/John-ADC-Git.dir/home/acid/Clones/pico/pico-sdk/src/common/pico_time/time.c.o
                0x0000000010001a50                sleep_until
 .text.sleep_us
                0x0000000010001b18       0x24 CMakeFiles/John-ADC-Git.dir/home/acid/Clones/pico/pico-sdk/src/common/pico_time/time.c.o
                0x0000000010001b18                sleep_us
 .text.sleep_ms
                0x0000000010001b3c       0x14 CMakeFiles/John-ADC-Git.dir/home/acid/Clones/pico/pico-sdk/src/common/pico_time/time.c.o
                0x0000000010001b3c                sleep_ms
 .text.best_effort_wfe_or_timeout
                0x0000000010001b50      0x13c CMakeFiles/John-ADC-Git.dir/home/acid/Clones/pico/pico-sdk/src/common/pico_time/time.c.o
                0x0000000010001b50                best_effort_wfe_or_timeout
 .text.alarm_pool_get_default_timer
                0x0000000010001c8c        0x8 CMakeFiles/John-ADC-Git.dir/home/acid/Clones/pico/pico-sdk/src/common/pico_time/time.c.o
                0x0000000010001c8c                alarm_pool_get_default_timer
 .text.runtime_init_default_alarm_pool
                0x0000000010001c94       0x38 CMakeFiles/John-ADC-Git.dir/home/acid/Clones/pico/pico-sdk/src/common/pico_time/time.c.o
                0x0000000010001c94                runtime_init_default_alarm_pool
 .text.timer_hardware_alarm_claim
                0x0000000010001ccc       0x14 CMakeFiles/John-ADC-Git.dir/home/acid/Clones/pico/pico-sdk/src/rp2_common/hardware_timer/timer.c.o
                0x0000000010001ccc                timer_hardware_alarm_claim
 .text.timer_time_us_64
                0x0000000010001ce0       0x10 CMakeFiles/John-ADC-Git.dir/home/acid/Clones/pico/pico-sdk/src/rp2_common/hardware_timer/timer.c.o
                0x0000000010001ce0                timer_time_us_64
 .text.timer_busy_wait_until
                0x0000000010001cf0       0x1a CMakeFiles/John-ADC-Git.dir/home/acid/Clones/pico/pico-sdk/src/rp2_common/hardware_timer/timer.c.o
                0x0000000010001cf0                timer_busy_wait_until
 .text.timer_busy_wait_us
                0x0000000010001d0a       0x38 CMakeFiles/John-ADC-Git.dir/home/acid/Clones/pico/pico-sdk/src/rp2_common/hardware_timer/timer.c.o
                0x0000000010001d0a                timer_busy_wait_us
 *fill*         0x0000000010001d42        0x2 
 .text.time_us_64
                0x0000000010001d44       0x10 CMakeFiles/John-ADC-Git.dir/home/acid/Clones/pico/pico-sdk/src/rp2_common/hardware_timer/timer.c.o
                0x0000000010001d44                time_us_64
 .text.busy_wait_us
                0x0000000010001d54       0x14 CMakeFiles/John-ADC-Git.dir/home/acid/Clones/pico/pico-sdk/src/rp2_common/hardware_timer/timer.c.o
                0x0000000010001d54                busy_wait_us
 .text.busy_wait_until
                0x0000000010001d68       0x14 CMakeFiles/John-ADC-Git.dir/home/acid/Clones/pico/pico-sdk/src/rp2_common/hardware_timer/timer.c.o
                0x0000000010001d68                busy_wait_until
 .text.clock_configure_internal
                0x0000000010001d7c       0xc4 CMakeFiles/John-ADC-Git.dir/home/acid/Clones/pico/pico-sdk/src/rp2_common/hardware_clocks/clocks.c.o
 .text.clock_configure_int_divider
                0x0000000010001e40       0x28 CMakeFiles/John-ADC-Git.dir/home/acid/Clones/pico/pico-sdk/src/rp2_common/hardware_clocks/clocks.c.o
                0x0000000010001e40                clock_configure_int_divider
 .text.clock_configure_undivided
                0x0000000010001e68       0x12 CMakeFiles/John-ADC-Git.dir/home/acid/Clones/pico/pico-sdk/src/rp2_common/hardware_clocks/clocks.c.o
                0x0000000010001e68                clock_configure_undivided
 *fill*         0x0000000010001e7a        0x2 
 .text.clock_get_hz
                0x0000000010001e7c        0xc CMakeFiles/John-ADC-Git.dir/home/acid/Clones/pico/pico-sdk/src/rp2_common/hardware_clocks/clocks.c.o
                0x0000000010001e7c                clock_get_hz
 .text.pll_init
                0x0000000010001e88      0x120 CMakeFiles/John-ADC-Git.dir/home/acid/Clones/pico/pico-sdk/src/rp2_common/hardware_pll/pll.c.o
                0x0000000010001e88                pll_init
 .text.watchdog_update
                0x0000000010001fa8       0x14 CMakeFiles/John-ADC-Git.dir/home/acid/Clones/pico/pico-sdk/src/rp2_common/hardware_watchdog/watchdog.c.o
                0x0000000010001fa8                watchdog_update
 .text._watchdog_enable
                0x0000000010001fbc       0x78 CMakeFiles/John-ADC-Git.dir/home/acid/Clones/pico/pico-sdk/src/rp2_common/hardware_watchdog/watchdog.c.o
                0x0000000010001fbc                _watchdog_enable
 .text.watchdog_reboot
                0x0000000010002034       0x48 CMakeFiles/John-ADC-Git.dir/home/acid/Clones/pico/pico-sdk/src/rp2_common/hardware_watchdog/watchdog.c.o
                0x0000000010002034                watchdog_reboot
 .text.tick_start
                0x000000001000207c       0x10 CMakeFiles/John-ADC-Git.dir/home/acid/Clones/pico/pico-sdk/src/rp2_common/hardware_ticks/ticks.c.o
                0x000000001000207c                tick_start
 .text.rom_func_lookup
                0x000000001000208c       0x10 CMakeFiles/John-ADC-Git.dir/home/acid/Clones/pico/pico-sdk/src/rp2_common/pico_bootrom/bootrom.c.o
                0x000000001000208c                rom_func_lookup
 .text.rom_data_lookup
                0x000000001000209c       0x10 CMakeFiles/John-ADC-Git.dir/home/acid/Clones/pico/pico-sdk/src/rp2_common/pico_bootrom/bootrom.c.o
                0x000000001000209c                rom_data_lookup
 .text.rom_funcs_lookup
                0x00000000100020ac       0x36 CMakeFiles/John-ADC-Git.dir/home/acid/Clones/pico/pico-sdk/src/rp2_common/pico_bootrom/bootrom.c.o
                0x00000000100020ac                rom_funcs_lookup
 *fill*         0x00000000100020e2        0x2 
 .text.rom_reset_usb_boot_extra
                0x00000000100020e4       0x24 CMakeFiles/John-ADC-Git.dir/home/acid/Clones/pico/pico-sdk/src/rp2_common/pico_bootrom/bootrom.c.o
                0x00000000100020e4                rom_reset_usb_boot_extra
 .text.xosc_init
                0x0000000010002108       0x2c CMakeFiles/John-ADC-Git.dir/home/acid/Clones/pico/pico-sdk/src/rp2_common/hardware_xosc/xosc.c.o
                0x0000000010002108                xosc_init
 .text.runtime_run_initializers_from
                0x0000000010002134       0x18 CMakeFiles/John-ADC-Git.dir/home/acid/Clones/pico/pico-sdk/src/rp2_common/pico_runtime/runtime.c.o
 .text.first_per_core_initializer
                0x000000001000214c        0x2 CMakeFiles/John-ADC-Git.dir/home/acid/Clones/pico/pico-sdk/src/rp2_common/pico_runtime/runtime.c.o
 *fill*         0x000000001000214e        0x2 
 .text.runtime_run_initializers
                0x0000000010002150       0x10 CMakeFiles/John-ADC-Git.dir/home/acid/Clones/pico/pico-sdk/src/rp2_common/pico_runtime/runtime.c.o
                0x0000000010002150                runtime_run_initializers
 .text.runtime_run_per_core_initializers
                0x0000000010002160       0x10 CMakeFiles/John-ADC-Git.dir/home/acid/Clones/pico/pico-sdk/src/rp2_common/pico_runtime/runtime.c.o
                0x0000000010002160                runtime_run_per_core_initializers
 .text.runtime_init_early_resets
                0x0000000010002170       0x2c CMakeFiles/John-ADC-Git.dir/home/acid/Clones/pico/pico-sdk/src/rp2_common/pico_runtime_init/runtime_init.c.o
                0x0000000010002170                runtime_init_early_resets
 .text.runtime_init_usb_power_down
                0x000000001000219c       0x1c CMakeFiles/John-ADC-Git.dir/home/acid/Clones/pico/pico-sdk/src/rp2_common/pico_runtime_init/runtime_init.c.o
                0x000000001000219c                runtime_init_usb_power_down
 .text.runtime_init_post_clock_resets
                0x00000000100021b8       0x20 CMakeFiles/John-ADC-Git.dir/home/acid/Clones/pico/pico-sdk/src/rp2_common/pico_runtime_init/runtime_init.c.o
                0x00000000100021b8                runtime_init_post_clock_resets
 .text.runtime_init_rp2040_gpio_ie_disable
                0x00000000100021d8       0x14 CMakeFiles/John-ADC-Git.dir/home/acid/Clones/pico/pico-sdk/src/rp2_common/pico_runtime_init/runtime_init.c.o
                0x00000000100021d8                runtime_init_rp2040_gpio_ie_disable
 .text.runtime_init_spin_locks_reset
                0x00000000100021ec        0x8 CMakeFiles/John-ADC-Git.dir/home/acid/Clones/pico/pico-sdk/src/rp2_common/pico_runtime_init/runtime_init.c.o
                0x00000000100021ec                runtime_init_spin_locks_reset
 .text.runtime_init_install_ram_vector_table
                0x00000000100021f4       0x48 CMakeFiles/John-ADC-Git.dir/home/acid/Clones/pico/pico-sdk/src/rp2_common/pico_runtime_init/runtime_init.c.o
                0x00000000100021f4                runtime_init_install_ram_vector_table
 .text.start_all_ticks
                0x000000001000223c       0x28 CMakeFiles/John-ADC-Git.dir/home/acid/Clones/pico/pico-sdk/src/rp2_common/pico_runtime_init/runtime_init_clocks.c.o
 .text.runtime_init_clocks
                0x0000000010002264       0xcc CMakeFiles/John-ADC-Git.dir/home/acid/Clones/pico/pico-sdk/src/rp2_common/pico_runtime_init/runtime_init_clocks.c.o
                0x0000000010002264                runtime_init_clocks
 .text          0x0000000010002330       0x10 CMakeFiles/John-ADC-Git.dir/home/acid/Clones/pico/pico-sdk/src/rp2_common/pico_bit_ops/bit_ops_aeabi.S.o
 .text.__wrap___aeabi_idiv
                0x0000000010002340       0x50 CMakeFiles/John-ADC-Git.dir/home/acid/Clones/pico/pico-sdk/src/rp2_common/pico_divider/divider_hardware.S.o
                0x0000000010002340                __wrap___aeabi_idivmod
                0x0000000010002340                divmod_s32s32
                0x0000000010002340                div_s32s32
                0x0000000010002340                __wrap___aeabi_idiv
                0x0000000010002348                divmod_s32s32_unsafe
                0x0000000010002374                divmod_s32s32_savestate
 .text.__wrap___aeabi_uidiv
                0x0000000010002390       0x4c CMakeFiles/John-ADC-Git.dir/home/acid/Clones/pico/pico-sdk/src/rp2_common/pico_divider/divider_hardware.S.o
                0x0000000010002390                __wrap___aeabi_uidiv
                0x0000000010002390                __wrap___aeabi_uidivmod
                0x0000000010002390                div_u32u32
                0x0000000010002390                divmod_u32u32
                0x0000000010002398                divmod_u32u32_unsafe
                0x00000000100023c0                divmod_u32u32_savestate
 .text.__wrap___aeabi_ldiv
                0x00000000100023dc      0x424 CMakeFiles/John-ADC-Git.dir/home/acid/Clones/pico/pico-sdk/src/rp2_common/pico_divider/divider_hardware.S.o
                0x00000000100023dc                div_s64s64
                0x00000000100023dc                divmod_s64s64
                0x00000000100023dc                __wrap___aeabi_ldivmod
                0x000000001000240c                div_u64u64
                0x000000001000240c                divmod_u64u64
                0x000000001000240c                __wrap___aeabi_uldivmod
                0x000000001000241c                divmod_u64u64_savestate
                0x000000001000243c                divmod_s64s64_unsafe
                0x00000000100024c4                divmod_u64u64_unsafe
 .text.__wrap___aeabi_darithmetic
                0x0000000010002800       0x80 CMakeFiles/John-ADC-Git.dir/home/acid/Clones/pico/pico-sdk/src/rp2_common/pico_double/double_aeabi_rp2040.S.o
                0x0000000010002800                __wrap___aeabi_drsub
                0x0000000010002806                __wrap___aeabi_dsub
                0x0000000010002818                __wrap___aeabi_dadd
                0x000000001000282a                __wrap___aeabi_ddiv
                0x0000000010002866                __wrap___aeabi_dmul
 .text.__wrap___aeabi_cdcmple
                0x0000000010002880       0x6c CMakeFiles/John-ADC-Git.dir/home/acid/Clones/pico/pico-sdk/src/rp2_common/pico_double/double_aeabi_rp2040.S.o
                0x0000000010002880                __wrap___aeabi_cdrcmple
                0x0000000010002890                __wrap___aeabi_cdcmple
                0x0000000010002890                __wrap___aeabi_cdcmpeq
 .text.__wrap___aeabi_dcmplt
                0x00000000100028ec        0xc CMakeFiles/John-ADC-Git.dir/home/acid/Clones/pico/pico-sdk/src/rp2_common/pico_double/double_aeabi_rp2040.S.o
                0x00000000100028ec                __wrap___aeabi_dcmplt
 .text.__wrap___aeabi_dcmple
                0x00000000100028f8       0x10 CMakeFiles/John-ADC-Git.dir/home/acid/Clones/pico/pico-sdk/src/rp2_common/pico_double/double_aeabi_rp2040.S.o
                0x00000000100028f8                __wrap___aeabi_dcmple
 .text.__wrap___aeabi_dcmpge
                0x0000000010002908       0x10 CMakeFiles/John-ADC-Git.dir/home/acid/Clones/pico/pico-sdk/src/rp2_common/pico_double/double_aeabi_rp2040.S.o
                0x0000000010002908                __wrap___aeabi_dcmpge
 .text.__wrap___aeabi_dcmpgt
                0x0000000010002918        0xa CMakeFiles/John-ADC-Git.dir/home/acid/Clones/pico/pico-sdk/src/rp2_common/pico_double/double_aeabi_rp2040.S.o
                0x0000000010002918                __wrap___aeabi_dcmpgt
 .text.__wrap___aeabi_dcmpun
                0x0000000010002922       0x18 CMakeFiles/John-ADC-Git.dir/home/acid/Clones/pico/pico-sdk/src/rp2_common/pico_double/double_aeabi_rp2040.S.o
                0x0000000010002922                __wrap___aeabi_dcmpun
 *fill*         0x000000001000293a        0x2 
 .text.__wrap___aeabi_i2d
                0x000000001000293c       0x38 CMakeFiles/John-ADC-Git.dir/home/acid/Clones/pico/pico-sdk/src/rp2_common/pico_double/double_aeabi_rp2040.S.o
                0x000000001000293c                __wrap___aeabi_ui2d
                0x000000001000293c                uint2double
                0x0000000010002944                __wrap___aeabi_i2d
                0x0000000010002944                int2double
 .text.__wrap___aeabi_d2iz
                0x0000000010002974       0x48 CMakeFiles/John-ADC-Git.dir/home/acid/Clones/pico/pico-sdk/src/rp2_common/pico_double/double_aeabi_rp2040.S.o
                0x0000000010002974                __wrap___aeabi_d2iz
                0x0000000010002974                double2int_z
 .text.__wrap___aeabi_d2uiz
                0x00000000100029bc       0x18 CMakeFiles/John-ADC-Git.dir/home/acid/Clones/pico/pico-sdk/src/rp2_common/pico_double/double_aeabi_rp2040.S.o
                0x00000000100029bc                double2uint_z
                0x00000000100029bc                double2uint
                0x00000000100029bc                __wrap___aeabi_d2uiz
 .text.__aeabi_double_init
                0x00000000100029d4       0xc8 CMakeFiles/John-ADC-Git.dir/home/acid/Clones/pico/pico-sdk/src/rp2_common/pico_double/double_init_rom_rp2040.c.o
                0x00000000100029d4                __aeabi_double_init
 .text.double_table_shim_on_use_helper
                0x0000000010002a9c       0x34 CMakeFiles/John-ADC-Git.dir/home/acid/Clones/pico/pico-sdk/src/rp2_common/pico_double/double_v1_rom_shim_rp2040.S.o
                0x0000000010002a9c                double_table_shim_on_use_helper
 .text.__wrap___aeabi_dsub
                0x0000000010002ad0       0x10 CMakeFiles/John-ADC-Git.dir/home/acid/Clones/pico/pico-sdk/src/rp2_common/pico_double/double_v1_rom_shim_rp2040.S.o
                0x0000000010002ad0                drsub_shim
                0x0000000010002ad6                dsub_shim
 .text.dadd_shim
                0x0000000010002ae0      0x15c CMakeFiles/John-ADC-Git.dir/home/acid/Clones/pico/pico-sdk/src/rp2_common/pico_double/double_v1_rom_shim_rp2040.S.o
                0x0000000010002ae0                dadd_shim
 .text.dmul_shim
                0x0000000010002c3c      0x15c CMakeFiles/John-ADC-Git.dir/home/acid/Clones/pico/pico-sdk/src/rp2_common/pico_double/double_v1_rom_shim_rp2040.S.o
                0x0000000010002c3c                dmul_shim
 .text.ddiv_shim
                0x0000000010002d98      0x1b0 CMakeFiles/John-ADC-Git.dir/home/acid/Clones/pico/pico-sdk/src/rp2_common/pico_double/double_v1_rom_shim_rp2040.S.o
                0x0000000010002d98                ddiv_shim
 .text.double2uint_shim
                0x0000000010002f48        0xe CMakeFiles/John-ADC-Git.dir/home/acid/Clones/pico/pico-sdk/src/rp2_common/pico_double/double_v1_rom_shim_rp2040.S.o
                0x0000000010002f48                double2uint_shim
                0x0000000010002f4a                double2ufix_shim
 *fill*         0x0000000010002f56        0x2 
 .text.double2uint64_shim
                0x0000000010002f58       0x70 CMakeFiles/John-ADC-Git.dir/home/acid/Clones/pico/pico-sdk/src/rp2_common/pico_double/double_v1_rom_shim_rp2040.S.o
                0x0000000010002f58                double2uint64_shim
                0x0000000010002f5a                double2ufix64_shim
                0x0000000010002f7a                d2fix_a
 .text.dunpacks
                0x0000000010002fc8       0x3c CMakeFiles/John-ADC-Git.dir/home/acid/Clones/pico/pico-sdk/src/rp2_common/pico_double/double_v1_rom_shim_rp2040.S.o
                0x0000000010002fc8                dunpacks
 .text.__aeabi_lmul
                0x0000000010003004       0x32 CMakeFiles/John-ADC-Git.dir/home/acid/Clones/pico/pico-sdk/src/rp2_common/pico_int64_ops/pico_int64_ops_aeabi.S.o
                0x0000000010003004                __wrap___aeabi_lmul
 *fill*         0x0000000010003036        0x2 
 .text.__aeabi_float_init
                0x0000000010003038       0xfc CMakeFiles/John-ADC-Git.dir/home/acid/Clones/pico/pico-sdk/src/rp2_common/pico_float/float_init_rom_rp2040.c.o
                0x0000000010003038                __aeabi_float_init
 .text.float_table_shim_on_use_helper
                0x0000000010003134       0x34 CMakeFiles/John-ADC-Git.dir/home/acid/Clones/pico/pico-sdk/src/rp2_common/pico_float/float_v1_rom_shim_rp2040.S.o
                0x0000000010003134                float_table_shim_on_use_helper
 .text          0x0000000010003168       0x10 CMakeFiles/John-ADC-Git.dir/home/acid/Clones/pico/pico-sdk/src/rp2_common/pico_mem_ops/mem_ops_aeabi.S.o
                0x0000000010003168                __aeabi_mem_init
 .text.memset   0x0000000010003178        0xc CMakeFiles/John-ADC-Git.dir/home/acid/Clones/pico/pico-sdk/src/rp2_common/pico_mem_ops/mem_ops_aeabi.S.o
                0x0000000010003178                __wrap_memset
 .text.memcpy   0x0000000010003184        0xc CMakeFiles/John-ADC-Git.dir/home/acid/Clones/pico/pico-sdk/src/rp2_common/pico_mem_ops/mem_ops_aeabi.S.o
                0x0000000010003184                __wrap___aeabi_memcpy
                0x0000000010003184                __wrap_memcpy
 .text._out_null
                0x0000000010003190        0x2 CMakeFiles/John-ADC-Git.dir/home/acid/Clones/pico/pico-sdk/src/rp2_common/pico_printf/printf.c.o
 .text._out_fct
                0x0000000010003192        0xe CMakeFiles/John-ADC-Git.dir/home/acid/Clones/pico/pico-sdk/src/rp2_common/pico_printf/printf.c.o
 .text._atoi    0x00000000100031a0       0x24 CMakeFiles/John-ADC-Git.dir/home/acid/Clones/pico/pico-sdk/src/rp2_common/pico_printf/printf.c.o
 .text._out_rev
                0x00000000100031c4       0xae CMakeFiles/John-ADC-Git.dir/home/acid/Clones/pico/pico-sdk/src/rp2_common/pico_printf/printf.c.o
 .text._ntoa_format
                0x0000000010003272      0x112 CMakeFiles/John-ADC-Git.dir/home/acid/Clones/pico/pico-sdk/src/rp2_common/pico_printf/printf.c.o
 .text._ntoa_long
                0x0000000010003384       0xbc CMakeFiles/John-ADC-Git.dir/home/acid/Clones/pico/pico-sdk/src/rp2_common/pico_printf/printf.c.o
 .text._ntoa_long_long
                0x0000000010003440       0xe2 CMakeFiles/John-ADC-Git.dir/home/acid/Clones/pico/pico-sdk/src/rp2_common/pico_printf/printf.c.o
 *fill*         0x0000000010003522        0x2 
 .text._etoa    0x0000000010003524      0x414 CMakeFiles/John-ADC-Git.dir/home/acid/Clones/pico/pico-sdk/src/rp2_common/pico_printf/printf.c.o
 .text._ftoa    0x0000000010003938      0x354 CMakeFiles/John-ADC-Git.dir/home/acid/Clones/pico/pico-sdk/src/rp2_common/pico_printf/printf.c.o
 .text._vsnprintf
                0x0000000010003c8c      0x624 CMakeFiles/John-ADC-Git.dir/home/acid/Clones/pico/pico-sdk/src/rp2_common/pico_printf/printf.c.o
 .text.vfctprintf
                0x00000000100042b0       0x20 CMakeFiles/John-ADC-Git.dir/home/acid/Clones/pico/pico-sdk/src/rp2_common/pico_printf/printf.c.o
                0x00000000100042b0                vfctprintf
 .text._exit    0x00000000100042d0        0x4 CMakeFiles/John-ADC-Git.dir/home/acid/Clones/pico/pico-sdk/src/rp2_common/pico_clib_interface/newlib_interface.c.o
                0x00000000100042d0                _exit
 .text._sbrk    0x00000000100042d4       0x38 CMakeFiles/John-ADC-Git.dir/home/acid/Clones/pico/pico-sdk/src/rp2_common/pico_clib_interface/newlib_interface.c.o
                0x00000000100042d4                _sbrk
 .text._read    0x000000001000430c       0x24 CMakeFiles/John-ADC-Git.dir/home/acid/Clones/pico/pico-sdk/src/rp2_common/pico_clib_interface/newlib_interface.c.o
                0x000000001000430c                _read
 .text._write   0x0000000010004330       0x22 CMakeFiles/John-ADC-Git.dir/home/acid/Clones/pico/pico-sdk/src/rp2_common/pico_clib_interface/newlib_interface.c.o
                0x0000000010004330                _write
 .text._close   0x0000000010004352        0x6 CMakeFiles/John-ADC-Git.dir/home/acid/Clones/pico/pico-sdk/src/rp2_common/pico_clib_interface/newlib_interface.c.o
                0x0000000010004352                _close
 .text._lseek   0x0000000010004358        0x6 CMakeFiles/John-ADC-Git.dir/home/acid/Clones/pico/pico-sdk/src/rp2_common/pico_clib_interface/newlib_interface.c.o
                0x0000000010004358                _lseek
 .text._fstat   0x000000001000435e        0x6 CMakeFiles/John-ADC-Git.dir/home/acid/Clones/pico/pico-sdk/src/rp2_common/pico_clib_interface/newlib_interface.c.o
                0x000000001000435e                _fstat
 .text._isatty  0x0000000010004364        0xc CMakeFiles/John-ADC-Git.dir/home/acid/Clones/pico/pico-sdk/src/rp2_common/pico_clib_interface/newlib_interface.c.o
                0x0000000010004364                _isatty
 .text.exit     0x0000000010004370        0x6 CMakeFiles/John-ADC-Git.dir/home/acid/Clones/pico/pico-sdk/src/rp2_common/pico_clib_interface/newlib_interface.c.o
                0x0000000010004370                exit
 *fill*         0x0000000010004376        0x2 
 .text.__assert_func
                0x0000000010004378       0x3c CMakeFiles/John-ADC-Git.dir/home/acid/Clones/pico/pico-sdk/src/rp2_common/pico_clib_interface/newlib_interface.c.o
                0x0000000010004378                __assert_func
 .text.runtime_init
                0x00000000100043b4       0x28 CMakeFiles/John-ADC-Git.dir/home/acid/Clones/pico/pico-sdk/src/rp2_common/pico_clib_interface/newlib_interface.c.o
                0x00000000100043b4                runtime_init
 .text.stdio_out_chars_no_crlf
                0x00000000100043dc        0xe CMakeFiles/John-ADC-Git.dir/home/acid/Clones/pico/pico-sdk/src/rp2_common/pico_stdio/stdio.c.o
 *fill*         0x00000000100043ea        0x2 
 .text.stdio_out_chars_crlf
                0x00000000100043ec       0x80 CMakeFiles/John-ADC-Git.dir/home/acid/Clones/pico/pico-sdk/src/rp2_common/pico_stdio/stdio.c.o
 .text.stdio_stack_buffer_flush
                0x000000001000446c       0x44 CMakeFiles/John-ADC-Git.dir/home/acid/Clones/pico/pico-sdk/src/rp2_common/pico_stdio/stdio.c.o
 .text.stdio_buffered_printer
                0x00000000100044b0       0x20 CMakeFiles/John-ADC-Git.dir/home/acid/Clones/pico/pico-sdk/src/rp2_common/pico_stdio/stdio.c.o
 .text.stdout_serialize_begin
                0x00000000100044d0       0x30 CMakeFiles/John-ADC-Git.dir/home/acid/Clones/pico/pico-sdk/src/rp2_common/pico_stdio/stdio.c.o
                0x00000000100044d0                stdout_serialize_begin
 .text.stdout_serialize_end
                0x0000000010004500       0x10 CMakeFiles/John-ADC-Git.dir/home/acid/Clones/pico/pico-sdk/src/rp2_common/pico_stdio/stdio.c.o
                0x0000000010004500                stdout_serialize_end
 .text.stdio_put_string
                0x0000000010004510       0x94 CMakeFiles/John-ADC-Git.dir/home/acid/Clones/pico/pico-sdk/src/rp2_common/pico_stdio/stdio.c.o
                0x0000000010004510                stdio_put_string
 .text.stdio_get_until
                0x00000000100045a4       0x88 CMakeFiles/John-ADC-Git.dir/home/acid/Clones/pico/pico-sdk/src/rp2_common/pico_stdio/stdio.c.o
                0x00000000100045a4                stdio_get_until
 .text.stdio_set_driver_enabled
                0x000000001000462c       0x2c CMakeFiles/John-ADC-Git.dir/home/acid/Clones/pico/pico-sdk/src/rp2_common/pico_stdio/stdio.c.o
                0x000000001000462c                stdio_set_driver_enabled
 .text.stdio_flush
                0x0000000010004658       0x20 CMakeFiles/John-ADC-Git.dir/home/acid/Clones/pico/pico-sdk/src/rp2_common/pico_stdio/stdio.c.o
                0x0000000010004658                stdio_flush
 .text.stdio_init_all
                0x0000000010004678        0x8 CMakeFiles/John-ADC-Git.dir/home/acid/Clones/pico/pico-sdk/src/rp2_common/pico_stdio/stdio.c.o
                0x0000000010004678                stdio_init_all
 .text.__wrap_puts
                0x0000000010004680       0x1e CMakeFiles/John-ADC-Git.dir/home/acid/Clones/pico/pico-sdk/src/rp2_common/pico_stdio/stdio.c.o
                0x0000000010004680                __wrap_puts
                0x0000000010004680                stdio_puts
 *fill*         0x000000001000469e        0x2 
 .text.__wrap_vprintf
                0x00000000100046a0       0x40 CMakeFiles/John-ADC-Git.dir/home/acid/Clones/pico/pico-sdk/src/rp2_common/pico_stdio/stdio.c.o
                0x00000000100046a0                __wrap_vprintf
                0x00000000100046a0                stdio_vprintf
 .text.__wrap_printf
                0x00000000100046e0       0x18 CMakeFiles/John-ADC-Git.dir/home/acid/Clones/pico/pico-sdk/src/rp2_common/pico_stdio/stdio.c.o
                0x00000000100046e0                stdio_printf
                0x00000000100046e0                __wrap_printf
 .text.resetd_init
                0x00000000100046f8        0x2 CMakeFiles/John-ADC-Git.dir/home/acid/Clones/pico/pico-sdk/src/rp2_common/pico_stdio_usb/reset_interface.c.o
 *fill*         0x00000000100046fa        0x2 
 .text.resetd_reset
                0x00000000100046fc        0xc CMakeFiles/John-ADC-Git.dir/home/acid/Clones/pico/pico-sdk/src/rp2_common/pico_stdio_usb/reset_interface.c.o
 .text.resetd_open
                0x0000000010004708       0x34 CMakeFiles/John-ADC-Git.dir/home/acid/Clones/pico/pico-sdk/src/rp2_common/pico_stdio_usb/reset_interface.c.o
 .text.resetd_xfer_cb
                0x000000001000473c        0x4 CMakeFiles/John-ADC-Git.dir/home/acid/Clones/pico/pico-sdk/src/rp2_common/pico_stdio_usb/reset_interface.c.o
 .text.resetd_control_xfer_cb
                0x0000000010004740       0x60 CMakeFiles/John-ADC-Git.dir/home/acid/Clones/pico/pico-sdk/src/rp2_common/pico_stdio_usb/reset_interface.c.o
 .text.tud_descriptor_bos_cb
                0x00000000100047a0        0x8 CMakeFiles/John-ADC-Git.dir/home/acid/Clones/pico/pico-sdk/src/rp2_common/pico_stdio_usb/reset_interface.c.o
                0x00000000100047a0                tud_descriptor_bos_cb
 .text.tud_vendor_control_xfer_cb
                0x00000000100047a8       0x38 CMakeFiles/John-ADC-Git.dir/home/acid/Clones/pico/pico-sdk/src/rp2_common/pico_stdio_usb/reset_interface.c.o
                0x00000000100047a8                tud_vendor_control_xfer_cb
 .text.usbd_app_driver_get_cb
                0x00000000100047e0        0xc CMakeFiles/John-ADC-Git.dir/home/acid/Clones/pico/pico-sdk/src/rp2_common/pico_stdio_usb/reset_interface.c.o
                0x00000000100047e0                usbd_app_driver_get_cb
 .text.tud_cdc_line_coding_cb
                0x00000000100047ec       0x2c CMakeFiles/John-ADC-Git.dir/home/acid/Clones/pico/pico-sdk/src/rp2_common/pico_stdio_usb/reset_interface.c.o
                0x00000000100047ec                tud_cdc_line_coding_cb
 .text.stdio_usb_set_chars_available_callback
                0x0000000010004818       0x14 CMakeFiles/John-ADC-Git.dir/home/acid/Clones/pico/pico-sdk/src/rp2_common/pico_stdio_usb/stdio_usb.c.o
                0x0000000010004818                stdio_usb_set_chars_available_callback
 .text.stdio_usb_out_flush
                0x000000001000482c       0x4c CMakeFiles/John-ADC-Git.dir/home/acid/Clones/pico/pico-sdk/src/rp2_common/pico_stdio_usb/stdio_usb.c.o
 .text.usb_irq  0x0000000010004878       0x10 CMakeFiles/John-ADC-Git.dir/home/acid/Clones/pico/pico-sdk/src/rp2_common/pico_stdio_usb/stdio_usb.c.o
 .text.timer_task
                0x0000000010004888       0x68 CMakeFiles/John-ADC-Git.dir/home/acid/Clones/pico/pico-sdk/src/rp2_common/pico_stdio_usb/stdio_usb.c.o
 .text.low_priority_worker_irq
                0x00000000100048f0       0xcc CMakeFiles/John-ADC-Git.dir/home/acid/Clones/pico/pico-sdk/src/rp2_common/pico_stdio_usb/stdio_usb.c.o
 .text.stdio_usb_init
                0x00000000100049bc       0xfc CMakeFiles/John-ADC-Git.dir/home/acid/Clones/pico/pico-sdk/src/rp2_common/pico_stdio_usb/stdio_usb.c.o
                0x00000000100049bc                stdio_usb_init
 .text.stdio_usb_connected
                0x0000000010004ab8        0xa CMakeFiles/John-ADC-Git.dir/home/acid/Clones/pico/pico-sdk/src/rp2_common/pico_stdio_usb/stdio_usb.c.o
                0x0000000010004ab8                stdio_usb_connected
 *fill*         0x0000000010004ac2        0x2 
 .text.stdio_usb_in_chars
                0x0000000010004ac4       0x98 CMakeFiles/John-ADC-Git.dir/home/acid/Clones/pico/pico-sdk/src/rp2_common/pico_stdio_usb/stdio_usb.c.o
                0x0000000010004ac4                stdio_usb_in_chars
 .text.stdio_usb_out_chars
                0x0000000010004b5c       0xe8 CMakeFiles/John-ADC-Git.dir/home/acid/Clones/pico/pico-sdk/src/rp2_common/pico_stdio_usb/stdio_usb.c.o
 .text.tud_descriptor_device_cb
                0x0000000010004c44        0x8 CMakeFiles/John-ADC-Git.dir/home/acid/Clones/pico/pico-sdk/src/rp2_common/pico_stdio_usb/stdio_usb_descriptors.c.o
                0x0000000010004c44                tud_descriptor_device_cb
 .text.tud_descriptor_configuration_cb
                0x0000000010004c4c        0x8 CMakeFiles/John-ADC-Git.dir/home/acid/Clones/pico/pico-sdk/src/rp2_common/pico_stdio_usb/stdio_usb_descriptors.c.o
                0x0000000010004c4c                tud_descriptor_configuration_cb
 .text.tud_descriptor_string_cb
                0x0000000010004c54       0x6c CMakeFiles/John-ADC-Git.dir/home/acid/Clones/pico/pico-sdk/src/rp2_common/pico_stdio_usb/stdio_usb_descriptors.c.o
                0x0000000010004c54                tud_descriptor_string_cb
 .text._retrieve_unique_id_on_boot
                0x0000000010004cc0       0x10 CMakeFiles/John-ADC-Git.dir/home/acid/Clones/pico/pico-sdk/src/rp2_common/pico_unique_id/unique_id.c.o
 .text.pico_get_unique_board_id_string
                0x0000000010004cd0       0x60 CMakeFiles/John-ADC-Git.dir/home/acid/Clones/pico/pico-sdk/src/rp2_common/pico_unique_id/unique_id.c.o
                0x0000000010004cd0                pico_get_unique_board_id_string
 .text.flash_get_unique_id
                0x0000000010004d30       0x46 CMakeFiles/John-ADC-Git.dir/home/acid/Clones/pico/pico-sdk/src/rp2_common/hardware_flash/flash.c.o
                0x0000000010004d30                flash_get_unique_id
 *fill*         0x0000000010004d76        0x2 
 .text._hw_endpoint_alloc
                0x0000000010004d78       0x70 CMakeFiles/John-ADC-Git.dir/home/acid/Clones/pico/pico-sdk/lib/tinyusb/src/portable/raspberrypi/rp2040/dcd_rp2040.c.o
 .text.hw_endpoint_init
                0x0000000010004de8       0xc4 CMakeFiles/John-ADC-Git.dir/home/acid/Clones/pico/pico-sdk/lib/tinyusb/src/portable/raspberrypi/rp2040/dcd_rp2040.c.o
 .text.hw_endpoint_xfer
                0x0000000010004eac       0x20 CMakeFiles/John-ADC-Git.dir/home/acid/Clones/pico/pico-sdk/lib/tinyusb/src/portable/raspberrypi/rp2040/dcd_rp2040.c.o
 .text.dcd_int_enable
                0x0000000010004ecc       0x2c CMakeFiles/John-ADC-Git.dir/home/acid/Clones/pico/pico-sdk/lib/tinyusb/src/portable/raspberrypi/rp2040/dcd_rp2040.c.o
                0x0000000010004ecc                dcd_int_enable
 .text.dcd_set_address
                0x0000000010004ef8       0x2c CMakeFiles/John-ADC-Git.dir/home/acid/Clones/pico/pico-sdk/lib/tinyusb/src/portable/raspberrypi/rp2040/dcd_rp2040.c.o
                0x0000000010004ef8                dcd_set_address
 .text.dcd_connect
                0x0000000010004f24       0x10 CMakeFiles/John-ADC-Git.dir/home/acid/Clones/pico/pico-sdk/lib/tinyusb/src/portable/raspberrypi/rp2040/dcd_rp2040.c.o
                0x0000000010004f24                dcd_connect
 .text.dcd_init
                0x0000000010004f34       0x80 CMakeFiles/John-ADC-Git.dir/home/acid/Clones/pico/pico-sdk/lib/tinyusb/src/portable/raspberrypi/rp2040/dcd_rp2040.c.o
                0x0000000010004f34                dcd_init
 .text.dcd_sof_enable
                0x0000000010004fb4       0x1c CMakeFiles/John-ADC-Git.dir/home/acid/Clones/pico/pico-sdk/lib/tinyusb/src/portable/raspberrypi/rp2040/dcd_rp2040.c.o
                0x0000000010004fb4                dcd_sof_enable
 .text.dcd_edpt0_status_complete
                0x0000000010004fd0       0x1c CMakeFiles/John-ADC-Git.dir/home/acid/Clones/pico/pico-sdk/lib/tinyusb/src/portable/raspberrypi/rp2040/dcd_rp2040.c.o
                0x0000000010004fd0                dcd_edpt0_status_complete
 .text.dcd_edpt_open
                0x0000000010004fec       0x40 CMakeFiles/John-ADC-Git.dir/home/acid/Clones/pico/pico-sdk/lib/tinyusb/src/portable/raspberrypi/rp2040/dcd_rp2040.c.o
                0x0000000010004fec                dcd_edpt_open
 .text.dcd_edpt_close_all
                0x000000001000502c        0x8 CMakeFiles/John-ADC-Git.dir/home/acid/Clones/pico/pico-sdk/lib/tinyusb/src/portable/raspberrypi/rp2040/dcd_rp2040.c.o
                0x000000001000502c                dcd_edpt_close_all
 .text.dcd_edpt_xfer
                0x0000000010005034       0x30 CMakeFiles/John-ADC-Git.dir/home/acid/Clones/pico/pico-sdk/lib/tinyusb/src/portable/raspberrypi/rp2040/dcd_rp2040.c.o
                0x0000000010005034                dcd_edpt_xfer
 .text.dcd_edpt_stall
                0x0000000010005064       0x3c CMakeFiles/John-ADC-Git.dir/home/acid/Clones/pico/pico-sdk/lib/tinyusb/src/portable/raspberrypi/rp2040/dcd_rp2040.c.o
                0x0000000010005064                dcd_edpt_stall
 .text.dcd_edpt_clear_stall
                0x00000000100050a0       0x30 CMakeFiles/John-ADC-Git.dir/home/acid/Clones/pico/pico-sdk/lib/tinyusb/src/portable/raspberrypi/rp2040/dcd_rp2040.c.o
                0x00000000100050a0                dcd_edpt_clear_stall
 .text.unaligned_memcpy
                0x00000000100050d0       0x14 CMakeFiles/John-ADC-Git.dir/home/acid/Clones/pico/pico-sdk/lib/tinyusb/src/portable/raspberrypi/rp2040/rp2040_usb.c.o
 .text.rp2040_usb_init
                0x00000000100050e4       0x44 CMakeFiles/John-ADC-Git.dir/home/acid/Clones/pico/pico-sdk/lib/tinyusb/src/portable/raspberrypi/rp2040/rp2040_usb.c.o
                0x00000000100050e4                rp2040_usb_init
 .text.hw_endpoint_xfer_start
                0x0000000010005128       0x60 CMakeFiles/John-ADC-Git.dir/home/acid/Clones/pico/pico-sdk/lib/tinyusb/src/portable/raspberrypi/rp2040/rp2040_usb.c.o
                0x0000000010005128                hw_endpoint_xfer_start
 .text.configuration_reset
                0x0000000010005188       0x84 CMakeFiles/John-ADC-Git.dir/home/acid/Clones/pico/pico-sdk/lib/tinyusb/src/device/usbd.c.o
 .text.usbd_reset
                0x000000001000520c        0xc CMakeFiles/John-ADC-Git.dir/home/acid/Clones/pico/pico-sdk/lib/tinyusb/src/device/usbd.c.o
 .text.invoke_class_control
                0x0000000010005218       0x1a CMakeFiles/John-ADC-Git.dir/home/acid/Clones/pico/pico-sdk/lib/tinyusb/src/device/usbd.c.o
 *fill*         0x0000000010005232        0x2 
 .text.process_set_config
                0x0000000010005234      0x19c CMakeFiles/John-ADC-Git.dir/home/acid/Clones/pico/pico-sdk/lib/tinyusb/src/device/usbd.c.o
 .text.tud_event_hook_cb
                0x00000000100053d0        0x2 CMakeFiles/John-ADC-Git.dir/home/acid/Clones/pico/pico-sdk/lib/tinyusb/src/device/usbd.c.o
                0x00000000100053d0                tud_event_hook_cb
 .text.tud_sof_cb
                0x00000000100053d2        0x2 CMakeFiles/John-ADC-Git.dir/home/acid/Clones/pico/pico-sdk/lib/tinyusb/src/device/usbd.c.o
                0x00000000100053d2                tud_sof_cb
 .text.tud_descriptor_device_qualifier_cb
                0x00000000100053d4        0x4 CMakeFiles/John-ADC-Git.dir/home/acid/Clones/pico/pico-sdk/lib/tinyusb/src/device/usbd.c.o
                0x00000000100053d4                tud_descriptor_device_qualifier_cb
 .text.tud_descriptor_other_speed_configuration_cb
                0x00000000100053d8        0x4 CMakeFiles/John-ADC-Git.dir/home/acid/Clones/pico/pico-sdk/lib/tinyusb/src/device/usbd.c.o
                0x00000000100053d8                tud_descriptor_other_speed_configuration_cb
 .text.process_get_descriptor
                0x00000000100053dc       0xe0 CMakeFiles/John-ADC-Git.dir/home/acid/Clones/pico/pico-sdk/lib/tinyusb/src/device/usbd.c.o
 .text.tud_mount_cb
                0x00000000100054bc        0x2 CMakeFiles/John-ADC-Git.dir/home/acid/Clones/pico/pico-sdk/lib/tinyusb/src/device/usbd.c.o
                0x00000000100054bc                tud_mount_cb
 .text.tud_umount_cb
                0x00000000100054be        0x2 CMakeFiles/John-ADC-Git.dir/home/acid/Clones/pico/pico-sdk/lib/tinyusb/src/device/usbd.c.o
                0x00000000100054be                tud_umount_cb
 .text.tud_suspend_cb
                0x00000000100054c0        0x2 CMakeFiles/John-ADC-Git.dir/home/acid/Clones/pico/pico-sdk/lib/tinyusb/src/device/usbd.c.o
                0x00000000100054c0                tud_suspend_cb
 .text.tud_resume_cb
                0x00000000100054c2        0x2 CMakeFiles/John-ADC-Git.dir/home/acid/Clones/pico/pico-sdk/lib/tinyusb/src/device/usbd.c.o
                0x00000000100054c2                tud_resume_cb
 .text.tud_mounted
                0x00000000100054c4       0x10 CMakeFiles/John-ADC-Git.dir/home/acid/Clones/pico/pico-sdk/lib/tinyusb/src/device/usbd.c.o
                0x00000000100054c4                tud_mounted
 .text.tud_suspended
                0x00000000100054d4       0x10 CMakeFiles/John-ADC-Git.dir/home/acid/Clones/pico/pico-sdk/lib/tinyusb/src/device/usbd.c.o
                0x00000000100054d4                tud_suspended
 .text.tud_inited
                0x00000000100054e4       0x14 CMakeFiles/John-ADC-Git.dir/home/acid/Clones/pico/pico-sdk/lib/tinyusb/src/device/usbd.c.o
                0x00000000100054e4                tud_inited
 .text.tud_init
                0x00000000100054f8       0xdc CMakeFiles/John-ADC-Git.dir/home/acid/Clones/pico/pico-sdk/lib/tinyusb/src/device/usbd.c.o
                0x00000000100054f8                tud_init
 .text.usbd_edpt_open
                0x00000000100055d4       0x60 CMakeFiles/John-ADC-Git.dir/home/acid/Clones/pico/pico-sdk/lib/tinyusb/src/device/usbd.c.o
                0x00000000100055d4                usbd_edpt_open
 .text.usbd_open_edpt_pair
                0x0000000010005634       0x8c CMakeFiles/John-ADC-Git.dir/home/acid/Clones/pico/pico-sdk/lib/tinyusb/src/device/usbd.c.o
                0x0000000010005634                usbd_open_edpt_pair
 .text.usbd_edpt_claim
                0x00000000100056c0       0x28 CMakeFiles/John-ADC-Git.dir/home/acid/Clones/pico/pico-sdk/lib/tinyusb/src/device/usbd.c.o
                0x00000000100056c0                usbd_edpt_claim
 .text.usbd_edpt_release
                0x00000000100056e8       0x28 CMakeFiles/John-ADC-Git.dir/home/acid/Clones/pico/pico-sdk/lib/tinyusb/src/device/usbd.c.o
                0x00000000100056e8                usbd_edpt_release
 .text.usbd_edpt_xfer
                0x0000000010005710       0x88 CMakeFiles/John-ADC-Git.dir/home/acid/Clones/pico/pico-sdk/lib/tinyusb/src/device/usbd.c.o
                0x0000000010005710                usbd_edpt_xfer
 .text.usbd_edpt_stall
                0x0000000010005798       0x34 CMakeFiles/John-ADC-Git.dir/home/acid/Clones/pico/pico-sdk/lib/tinyusb/src/device/usbd.c.o
                0x0000000010005798                usbd_edpt_stall
 .text.usbd_edpt_clear_stall
                0x00000000100057cc       0x34 CMakeFiles/John-ADC-Git.dir/home/acid/Clones/pico/pico-sdk/lib/tinyusb/src/device/usbd.c.o
                0x00000000100057cc                usbd_edpt_clear_stall
 .text.usbd_edpt_stalled
                0x0000000010005800       0x1c CMakeFiles/John-ADC-Git.dir/home/acid/Clones/pico/pico-sdk/lib/tinyusb/src/device/usbd.c.o
                0x0000000010005800                usbd_edpt_stalled
 .text.process_control_request
                0x000000001000581c      0x394 CMakeFiles/John-ADC-Git.dir/home/acid/Clones/pico/pico-sdk/lib/tinyusb/src/device/usbd.c.o
 .text.tud_task_ext
                0x0000000010005bb0      0x1d4 CMakeFiles/John-ADC-Git.dir/home/acid/Clones/pico/pico-sdk/lib/tinyusb/src/device/usbd.c.o
                0x0000000010005bb0                tud_task_ext
 .text._data_stage_xact
                0x0000000010005d84       0x60 CMakeFiles/John-ADC-Git.dir/home/acid/Clones/pico/pico-sdk/lib/tinyusb/src/device/usbd_control.c.o
 .text.tud_control_status
                0x0000000010005de4       0x38 CMakeFiles/John-ADC-Git.dir/home/acid/Clones/pico/pico-sdk/lib/tinyusb/src/device/usbd_control.c.o
                0x0000000010005de4                tud_control_status
 .text.tud_control_xfer
                0x0000000010005e1c       0xa8 CMakeFiles/John-ADC-Git.dir/home/acid/Clones/pico/pico-sdk/lib/tinyusb/src/device/usbd_control.c.o
                0x0000000010005e1c                tud_control_xfer
 .text.usbd_control_reset
                0x0000000010005ec4       0x14 CMakeFiles/John-ADC-Git.dir/home/acid/Clones/pico/pico-sdk/lib/tinyusb/src/device/usbd_control.c.o
                0x0000000010005ec4                usbd_control_reset
 .text.usbd_control_set_complete_callback
                0x0000000010005ed8        0xc CMakeFiles/John-ADC-Git.dir/home/acid/Clones/pico/pico-sdk/lib/tinyusb/src/device/usbd_control.c.o
                0x0000000010005ed8                usbd_control_set_complete_callback
 .text.usbd_control_set_request
                0x0000000010005ee4       0x1c CMakeFiles/John-ADC-Git.dir/home/acid/Clones/pico/pico-sdk/lib/tinyusb/src/device/usbd_control.c.o
                0x0000000010005ee4                usbd_control_set_request
 .text.usbd_control_xfer_cb
                0x0000000010005f00       0xf4 CMakeFiles/John-ADC-Git.dir/home/acid/Clones/pico/pico-sdk/lib/tinyusb/src/device/usbd_control.c.o
                0x0000000010005f00                usbd_control_xfer_cb
 .text._prep_out_transaction
                0x0000000010005ff4       0x70 CMakeFiles/John-ADC-Git.dir/home/acid/Clones/pico/pico-sdk/lib/tinyusb/src/class/cdc/cdc_device.c.o
 .text.tud_cdc_n_connected
                0x0000000010006064       0x48 CMakeFiles/John-ADC-Git.dir/home/acid/Clones/pico/pico-sdk/lib/tinyusb/src/class/cdc/cdc_device.c.o
                0x0000000010006064                tud_cdc_n_connected
 .text.tud_cdc_n_available
                0x00000000100060ac       0x20 CMakeFiles/John-ADC-Git.dir/home/acid/Clones/pico/pico-sdk/lib/tinyusb/src/class/cdc/cdc_device.c.o
                0x00000000100060ac                tud_cdc_n_available
 .text.tud_cdc_n_read
                0x00000000100060cc       0x40 CMakeFiles/John-ADC-Git.dir/home/acid/Clones/pico/pico-sdk/lib/tinyusb/src/class/cdc/cdc_device.c.o
                0x00000000100060cc                tud_cdc_n_read
 .text.tud_cdc_n_write_flush
                0x000000001000610c       0xdc CMakeFiles/John-ADC-Git.dir/home/acid/Clones/pico/pico-sdk/lib/tinyusb/src/class/cdc/cdc_device.c.o
                0x000000001000610c                tud_cdc_n_write_flush
 .text.tud_cdc_n_write
                0x00000000100061e8       0x4c CMakeFiles/John-ADC-Git.dir/home/acid/Clones/pico/pico-sdk/lib/tinyusb/src/class/cdc/cdc_device.c.o
                0x00000000100061e8                tud_cdc_n_write
 .text.tud_cdc_n_write_available
                0x0000000010006234       0x20 CMakeFiles/John-ADC-Git.dir/home/acid/Clones/pico/pico-sdk/lib/tinyusb/src/class/cdc/cdc_device.c.o
                0x0000000010006234                tud_cdc_n_write_available
 .text.cdcd_init
                0x0000000010006254       0xc8 CMakeFiles/John-ADC-Git.dir/home/acid/Clones/pico/pico-sdk/lib/tinyusb/src/class/cdc/cdc_device.c.o
                0x0000000010006254                cdcd_init
 .text.cdcd_deinit
                0x000000001000631c       0x5c CMakeFiles/John-ADC-Git.dir/home/acid/Clones/pico/pico-sdk/lib/tinyusb/src/class/cdc/cdc_device.c.o
                0x000000001000631c                cdcd_deinit
 .text.cdcd_reset
                0x0000000010006378       0x88 CMakeFiles/John-ADC-Git.dir/home/acid/Clones/pico/pico-sdk/lib/tinyusb/src/class/cdc/cdc_device.c.o
                0x0000000010006378                cdcd_reset
 .text.cdcd_open
                0x0000000010006400      0x104 CMakeFiles/John-ADC-Git.dir/home/acid/Clones/pico/pico-sdk/lib/tinyusb/src/class/cdc/cdc_device.c.o
                0x0000000010006400                cdcd_open
 .text.cdcd_control_xfer_cb
                0x0000000010006504      0x130 CMakeFiles/John-ADC-Git.dir/home/acid/Clones/pico/pico-sdk/lib/tinyusb/src/class/cdc/cdc_device.c.o
                0x0000000010006504                cdcd_control_xfer_cb
 .text.cdcd_xfer_cb
                0x0000000010006634      0x140 CMakeFiles/John-ADC-Git.dir/home/acid/Clones/pico/pico-sdk/lib/tinyusb/src/class/cdc/cdc_device.c.o
                0x0000000010006634                cdcd_xfer_cb
 .text._prep_out_transaction
                0x0000000010006774       0x3a CMakeFiles/John-ADC-Git.dir/home/acid/Clones/pico/pico-sdk/lib/tinyusb/src/class/vendor/vendor_device.c.o
 *fill*         0x00000000100067ae        0x2 
 .text.tud_vendor_n_write_flush
                0x00000000100067b0       0xcc CMakeFiles/John-ADC-Git.dir/home/acid/Clones/pico/pico-sdk/lib/tinyusb/src/class/vendor/vendor_device.c.o
                0x00000000100067b0                tud_vendor_n_write_flush
 .text.vendord_init
                0x000000001000687c       0xa0 CMakeFiles/John-ADC-Git.dir/home/acid/Clones/pico/pico-sdk/lib/tinyusb/src/class/vendor/vendor_device.c.o
                0x000000001000687c                vendord_init
 .text.vendord_deinit
                0x000000001000691c       0x50 CMakeFiles/John-ADC-Git.dir/home/acid/Clones/pico/pico-sdk/lib/tinyusb/src/class/vendor/vendor_device.c.o
                0x000000001000691c                vendord_deinit
 .text.vendord_reset
                0x000000001000696c       0x38 CMakeFiles/John-ADC-Git.dir/home/acid/Clones/pico/pico-sdk/lib/tinyusb/src/class/vendor/vendor_device.c.o
                0x000000001000696c                vendord_reset
 .text.vendord_open
                0x00000000100069a4       0xd8 CMakeFiles/John-ADC-Git.dir/home/acid/Clones/pico/pico-sdk/lib/tinyusb/src/class/vendor/vendor_device.c.o
                0x00000000100069a4                vendord_open
 .text.vendord_xfer_cb
                0x0000000010006a7c       0xc8 CMakeFiles/John-ADC-Git.dir/home/acid/Clones/pico/pico-sdk/lib/tinyusb/src/class/vendor/vendor_device.c.o
                0x0000000010006a7c                vendord_xfer_cb
 .text.tusb_init
                0x0000000010006b44       0x24 CMakeFiles/John-ADC-Git.dir/home/acid/Clones/pico/pico-sdk/lib/tinyusb/src/tusb.c.o
                0x0000000010006b44                tusb_init
 .text.tu_edpt_claim
                0x0000000010006b68       0x50 CMakeFiles/John-ADC-Git.dir/home/acid/Clones/pico/pico-sdk/lib/tinyusb/src/tusb.c.o
                0x0000000010006b68                tu_edpt_claim
 .text.tu_edpt_release
                0x0000000010006bb8       0x3c CMakeFiles/John-ADC-Git.dir/home/acid/Clones/pico/pico-sdk/lib/tinyusb/src/tusb.c.o
                0x0000000010006bb8                tu_edpt_release
 .text.tu_edpt_validate
                0x0000000010006bf4       0xac CMakeFiles/John-ADC-Git.dir/home/acid/Clones/pico/pico-sdk/lib/tinyusb/src/tusb.c.o
                0x0000000010006bf4                tu_edpt_validate
 .text.tu_edpt_bind_driver
                0x0000000010006ca0       0x26 CMakeFiles/John-ADC-Git.dir/home/acid/Clones/pico/pico-sdk/lib/tinyusb/src/tusb.c.o
                0x0000000010006ca0                tu_edpt_bind_driver
 .text.advance_index
                0x0000000010006cc6       0x1a CMakeFiles/John-ADC-Git.dir/home/acid/Clones/pico/pico-sdk/lib/tinyusb/src/common/tusb_fifo.c.o
 .text._tu_fifo_peek
                0x0000000010006ce0       0x56 CMakeFiles/John-ADC-Git.dir/home/acid/Clones/pico/pico-sdk/lib/tinyusb/src/common/tusb_fifo.c.o
 .text._ff_pull_n
                0x0000000010006d36       0x68 CMakeFiles/John-ADC-Git.dir/home/acid/Clones/pico/pico-sdk/lib/tinyusb/src/common/tusb_fifo.c.o
 .text._tu_fifo_peek_n
                0x0000000010006d9e       0x6a CMakeFiles/John-ADC-Git.dir/home/acid/Clones/pico/pico-sdk/lib/tinyusb/src/common/tusb_fifo.c.o
 .text._tu_fifo_read_n
                0x0000000010006e08       0x4e CMakeFiles/John-ADC-Git.dir/home/acid/Clones/pico/pico-sdk/lib/tinyusb/src/common/tusb_fifo.c.o
 .text._ff_push_n
                0x0000000010006e56       0x68 CMakeFiles/John-ADC-Git.dir/home/acid/Clones/pico/pico-sdk/lib/tinyusb/src/common/tusb_fifo.c.o
 .text._tu_fifo_write_n
                0x0000000010006ebe       0xf0 CMakeFiles/John-ADC-Git.dir/home/acid/Clones/pico/pico-sdk/lib/tinyusb/src/common/tusb_fifo.c.o
 .text.tu_fifo_config
                0x0000000010006fae       0x7c CMakeFiles/John-ADC-Git.dir/home/acid/Clones/pico/pico-sdk/lib/tinyusb/src/common/tusb_fifo.c.o
                0x0000000010006fae                tu_fifo_config
 .text.tu_fifo_count
                0x000000001000702a       0x2a CMakeFiles/John-ADC-Git.dir/home/acid/Clones/pico/pico-sdk/lib/tinyusb/src/common/tusb_fifo.c.o
                0x000000001000702a                tu_fifo_count
 .text.tu_fifo_empty
                0x0000000010007054       0x10 CMakeFiles/John-ADC-Git.dir/home/acid/Clones/pico/pico-sdk/lib/tinyusb/src/common/tusb_fifo.c.o
                0x0000000010007054                tu_fifo_empty
 .text.tu_fifo_full
                0x0000000010007064       0x28 CMakeFiles/John-ADC-Git.dir/home/acid/Clones/pico/pico-sdk/lib/tinyusb/src/common/tusb_fifo.c.o
                0x0000000010007064                tu_fifo_full
 .text.tu_fifo_remaining
                0x000000001000708c       0x2c CMakeFiles/John-ADC-Git.dir/home/acid/Clones/pico/pico-sdk/lib/tinyusb/src/common/tusb_fifo.c.o
                0x000000001000708c                tu_fifo_remaining
 .text.tu_fifo_read
                0x00000000100070b8       0x42 CMakeFiles/John-ADC-Git.dir/home/acid/Clones/pico/pico-sdk/lib/tinyusb/src/common/tusb_fifo.c.o
                0x00000000100070b8                tu_fifo_read
 .text.tu_fifo_read_n
                0x00000000100070fa        0xa CMakeFiles/John-ADC-Git.dir/home/acid/Clones/pico/pico-sdk/lib/tinyusb/src/common/tusb_fifo.c.o
                0x00000000100070fa                tu_fifo_read_n
 .text.tu_fifo_write
                0x0000000010007104       0x64 CMakeFiles/John-ADC-Git.dir/home/acid/Clones/pico/pico-sdk/lib/tinyusb/src/common/tusb_fifo.c.o
                0x0000000010007104                tu_fifo_write
 .text.tu_fifo_write_n
                0x0000000010007168        0xa CMakeFiles/John-ADC-Git.dir/home/acid/Clones/pico/pico-sdk/lib/tinyusb/src/common/tusb_fifo.c.o
                0x0000000010007168                tu_fifo_write_n
 .text.tu_fifo_clear
                0x0000000010007172       0x3e CMakeFiles/John-ADC-Git.dir/home/acid/Clones/pico/pico-sdk/lib/tinyusb/src/common/tusb_fifo.c.o
                0x0000000010007172                tu_fifo_clear
 .text.tu_fifo_set_overwritable
                0x00000000100071b0       0x46 CMakeFiles/John-ADC-Git.dir/home/acid/Clones/pico/pico-sdk/lib/tinyusb/src/common/tusb_fifo.c.o
                0x00000000100071b0                tu_fifo_set_overwritable
 *fill*         0x00000000100071f6        0x2 
 .text.spi_set_baudrate
                0x00000000100071f8       0xb4 CMakeFiles/John-ADC-Git.dir/home/acid/Clones/pico/pico-sdk/src/rp2_common/hardware_spi/spi.c.o
                0x00000000100071f8                spi_set_baudrate
 .text.spi_init
                0x00000000100072ac       0x8c CMakeFiles/John-ADC-Git.dir/home/acid/Clones/pico/pico-sdk/src/rp2_common/hardware_spi/spi.c.o
                0x00000000100072ac                spi_init
 .text.dma_claim_unused_channel
                0x0000000010007338       0x20 CMakeFiles/John-ADC-Git.dir/home/acid/Clones/pico/pico-sdk/src/rp2_common/hardware_dma/dma.c.o
                0x0000000010007338                dma_claim_unused_channel
 .text.core1_trampoline
                0x0000000010007358        0x2 CMakeFiles/John-ADC-Git.dir/home/acid/Clones/pico/pico-sdk/src/rp2_common/pico_multicore/multicore.c.o
 .text.core1_wrapper
                0x000000001000735a        0xc CMakeFiles/John-ADC-Git.dir/home/acid/Clones/pico/pico-sdk/src/rp2_common/pico_multicore/multicore.c.o
                0x000000001000735a                core1_wrapper
 .text.multicore_fifo_push_blocking
                0x0000000010007366       0x14 CMakeFiles/John-ADC-Git.dir/home/acid/Clones/pico/pico-sdk/src/rp2_common/pico_multicore/multicore.c.o
                0x0000000010007366                multicore_fifo_push_blocking
 .text.multicore_fifo_pop_blocking
                0x000000001000737a       0x16 CMakeFiles/John-ADC-Git.dir/home/acid/Clones/pico/pico-sdk/src/rp2_common/pico_multicore/multicore.c.o
                0x000000001000737a                multicore_fifo_pop_blocking
 .text.multicore_launch_core1_raw
                0x0000000010007390       0x6e CMakeFiles/John-ADC-Git.dir/home/acid/Clones/pico/pico-sdk/src/rp2_common/pico_multicore/multicore.c.o
                0x0000000010007390                multicore_launch_core1_raw
 *fill*         0x00000000100073fe        0x2 
 .text.multicore_launch_core1_with_stack
                0x0000000010007400       0x50 CMakeFiles/John-ADC-Git.dir/home/acid/Clones/pico/pico-sdk/src/rp2_common/pico_multicore/multicore.c.o
                0x0000000010007400                multicore_launch_core1_with_stack
 .text.multicore_launch_core1
                0x0000000010007450       0x24 CMakeFiles/John-ADC-Git.dir/home/acid/Clones/pico/pico-sdk/src/rp2_common/pico_multicore/multicore.c.o
                0x0000000010007450                multicore_launch_core1
 .text.__sflush_r
                0x0000000010007474      0x140 /home/acid/pico/gcc-arm-none-eabi-10.3-2021.10/bin/../lib/gcc/arm-none-eabi/10.3.1/../../../../arm-none-eabi/lib/thumb/v6-m/nofp/libg.a(lib_a-fflush.o)
                0x0000000010007474                __sflush_r
 .text._fflush_r
                0x00000000100075b4       0x6c /home/acid/pico/gcc-arm-none-eabi-10.3-2021.10/bin/../lib/gcc/arm-none-eabi/10.3.1/../../../../arm-none-eabi/lib/thumb/v6-m/nofp/libg.a(lib_a-fflush.o)
                0x00000000100075b4                _fflush_r
 .text.fflush   0x0000000010007620       0x78 /home/acid/pico/gcc-arm-none-eabi-10.3-2021.10/bin/../lib/gcc/arm-none-eabi/10.3.1/../../../../arm-none-eabi/lib/thumb/v6-m/nofp/libg.a(lib_a-fflush.o)
                0x0000000010007620                fflush
 .text._cleanup_r
                0x0000000010007698       0x10 /home/acid/pico/gcc-arm-none-eabi-10.3-2021.10/bin/../lib/gcc/arm-none-eabi/10.3.1/../../../../arm-none-eabi/lib/thumb/v6-m/nofp/libg.a(lib_a-findfp.o)
                0x0000000010007698                _cleanup_r
 .text.__sinit  0x00000000100076a8      0x120 /home/acid/pico/gcc-arm-none-eabi-10.3-2021.10/bin/../lib/gcc/arm-none-eabi/10.3.1/../../../../arm-none-eabi/lib/thumb/v6-m/nofp/libg.a(lib_a-findfp.o)
                0x00000000100076a8                __sinit
 .text.__sfp_lock_acquire
                0x00000000100077c8       0x10 /home/acid/pico/gcc-arm-none-eabi-10.3-2021.10/bin/../lib/gcc/arm-none-eabi/10.3.1/../../../../arm-none-eabi/lib/thumb/v6-m/nofp/libg.a(lib_a-findfp.o)
                0x00000000100077c8                __sfp_lock_acquire
 .text.__sfp_lock_release
                0x00000000100077d8       0x10 /home/acid/pico/gcc-arm-none-eabi-10.3-2021.10/bin/../lib/gcc/arm-none-eabi/10.3.1/../../../../arm-none-eabi/lib/thumb/v6-m/nofp/libg.a(lib_a-findfp.o)
                0x00000000100077d8                __sfp_lock_release
 .text._malloc_trim_r
                0x00000000100077e8       0x9c /home/acid/pico/gcc-arm-none-eabi-10.3-2021.10/bin/../lib/gcc/arm-none-eabi/10.3.1/../../../../arm-none-eabi/lib/thumb/v6-m/nofp/libg.a(lib_a-freer.o)
                0x00000000100077e8                _malloc_trim_r
 .text._free_r  0x0000000010007884      0x1c4 /home/acid/pico/gcc-arm-none-eabi-10.3-2021.10/bin/../lib/gcc/arm-none-eabi/10.3.1/../../../../arm-none-eabi/lib/thumb/v6-m/nofp/libg.a(lib_a-freer.o)
                0x0000000010007884                _free_r
 .text._fwalk_reent
                0x0000000010007a48       0x48 /home/acid/pico/gcc-arm-none-eabi-10.3-2021.10/bin/../lib/gcc/arm-none-eabi/10.3.1/../../../../arm-none-eabi/lib/thumb/v6-m/nofp/libg.a(lib_a-fwalk.o)
                0x0000000010007a48                _fwalk_reent
 .text._fwrite_r
                0x0000000010007a90       0xb0 /home/acid/pico/gcc-arm-none-eabi-10.3-2021.10/bin/../lib/gcc/arm-none-eabi/10.3.1/../../../../arm-none-eabi/lib/thumb/v6-m/nofp/libg.a(lib_a-fwrite.o)
                0x0000000010007a90                _fwrite_r
 .text.fwrite   0x0000000010007b40       0x20 /home/acid/pico/gcc-arm-none-eabi-10.3-2021.10/bin/../lib/gcc/arm-none-eabi/10.3.1/../../../../arm-none-eabi/lib/thumb/v6-m/nofp/libg.a(lib_a-fwrite.o)
                0x0000000010007b40                fwrite
 .text.__retarget_lock_init_recursive
                0x0000000010007b60        0x4 /home/acid/pico/gcc-arm-none-eabi-10.3-2021.10/bin/../lib/gcc/arm-none-eabi/10.3.1/../../../../arm-none-eabi/lib/thumb/v6-m/nofp/libg.a(lib_a-lock.o)
                0x0000000010007b60                __retarget_lock_init_recursive
 .text.__retarget_lock_close_recursive
                0x0000000010007b64        0x4 /home/acid/pico/gcc-arm-none-eabi-10.3-2021.10/bin/../lib/gcc/arm-none-eabi/10.3.1/../../../../arm-none-eabi/lib/thumb/v6-m/nofp/libg.a(lib_a-lock.o)
                0x0000000010007b64                __retarget_lock_close_recursive
 .text.__retarget_lock_acquire_recursive
                0x0000000010007b68        0x4 /home/acid/pico/gcc-arm-none-eabi-10.3-2021.10/bin/../lib/gcc/arm-none-eabi/10.3.1/../../../../arm-none-eabi/lib/thumb/v6-m/nofp/libg.a(lib_a-lock.o)
                0x0000000010007b68                __retarget_lock_acquire_recursive
 .text.__retarget_lock_release_recursive
                0x0000000010007b6c        0x4 /home/acid/pico/gcc-arm-none-eabi-10.3-2021.10/bin/../lib/gcc/arm-none-eabi/10.3.1/../../../../arm-none-eabi/lib/thumb/v6-m/nofp/libg.a(lib_a-lock.o)
                0x0000000010007b6c                __retarget_lock_release_recursive
 .text._malloc_r
                0x0000000010007b70      0x584 /home/acid/pico/gcc-arm-none-eabi-10.3-2021.10/bin/../lib/gcc/arm-none-eabi/10.3.1/../../../../arm-none-eabi/lib/thumb/v6-m/nofp/libg.a(lib_a-mallocr.o)
                0x0000000010007b70                _malloc_r
 .text.__malloc_lock
                0x00000000100080f4       0x10 /home/acid/pico/gcc-arm-none-eabi-10.3-2021.10/bin/../lib/gcc/arm-none-eabi/10.3.1/../../../../arm-none-eabi/lib/thumb/v6-m/nofp/libg.a(lib_a-mlock.o)
                0x00000000100080f4                __malloc_lock
 .text.__malloc_unlock
                0x0000000010008104       0x10 /home/acid/pico/gcc-arm-none-eabi-10.3-2021.10/bin/../lib/gcc/arm-none-eabi/10.3.1/../../../../arm-none-eabi/lib/thumb/v6-m/nofp/libg.a(lib_a-mlock.o)
                0x0000000010008104                __malloc_unlock
 .text._realloc_r
                0x0000000010008114      0x354 /home/acid/pico/gcc-arm-none-eabi-10.3-2021.10/bin/../lib/gcc/arm-none-eabi/10.3.1/../../../../arm-none-eabi/lib/thumb/v6-m/nofp/libg.a(lib_a-reallocr.o)
                0x0000000010008114                _realloc_r
 .text._sbrk_r  0x0000000010008468       0x24 /home/acid/pico/gcc-arm-none-eabi-10.3-2021.10/bin/../lib/gcc/arm-none-eabi/10.3.1/../../../../arm-none-eabi/lib/thumb/v6-m/nofp/libg.a(lib_a-sbrkr.o)
                0x0000000010008468                _sbrk_r
 .text.__sread  0x000000001000848c       0x28 /home/acid/pico/gcc-arm-none-eabi-10.3-2021.10/bin/../lib/gcc/arm-none-eabi/10.3.1/../../../../arm-none-eabi/lib/thumb/v6-m/nofp/libg.a(lib_a-stdio.o)
                0x000000001000848c                __sread
 .text.__swrite
                0x00000000100084b4       0x40 /home/acid/pico/gcc-arm-none-eabi-10.3-2021.10/bin/../lib/gcc/arm-none-eabi/10.3.1/../../../../arm-none-eabi/lib/thumb/v6-m/nofp/libg.a(lib_a-stdio.o)
                0x00000000100084b4                __swrite
 .text.__sseek  0x00000000100084f4       0x2c /home/acid/pico/gcc-arm-none-eabi-10.3-2021.10/bin/../lib/gcc/arm-none-eabi/10.3.1/../../../../arm-none-eabi/lib/thumb/v6-m/nofp/libg.a(lib_a-stdio.o)
                0x00000000100084f4                __sseek
 .text.__sclose
                0x0000000010008520        0xc /home/acid/pico/gcc-arm-none-eabi-10.3-2021.10/bin/../lib/gcc/arm-none-eabi/10.3.1/../../../../arm-none-eabi/lib/thumb/v6-m/nofp/libg.a(lib_a-stdio.o)
                0x0000000010008520                __sclose
 .text.strlen   0x000000001000852c       0x5c /home/acid/pico/gcc-arm-none-eabi-10.3-2021.10/bin/../lib/gcc/arm-none-eabi/10.3.1/../../../../arm-none-eabi/lib/thumb/v6-m/nofp/libg.a(lib_a-strlen-stub.o)
                0x000000001000852c                strlen
 .text._write_r
                0x0000000010008588       0x28 /home/acid/pico/gcc-arm-none-eabi-10.3-2021.10/bin/../lib/gcc/arm-none-eabi/10.3.1/../../../../arm-none-eabi/lib/thumb/v6-m/nofp/libg.a(lib_a-writer.o)
                0x0000000010008588                _write_r
 .text._close_r
                0x00000000100085b0       0x24 /home/acid/pico/gcc-arm-none-eabi-10.3-2021.10/bin/../lib/gcc/arm-none-eabi/10.3.1/../../../../arm-none-eabi/lib/thumb/v6-m/nofp/libg.a(lib_a-closer.o)
                0x00000000100085b0                _close_r
 .text._fclose_r
                0x00000000100085d4       0xdc /home/acid/pico/gcc-arm-none-eabi-10.3-2021.10/bin/../lib/gcc/arm-none-eabi/10.3.1/../../../../arm-none-eabi/lib/thumb/v6-m/nofp/libg.a(lib_a-fclose.o)
                0x00000000100085d4                _fclose_r
 .text.__sfvwrite_r
                0x00000000100086b0      0x2f4 /home/acid/pico/gcc-arm-none-eabi-10.3-2021.10/bin/../lib/gcc/arm-none-eabi/10.3.1/../../../../arm-none-eabi/lib/thumb/v6-m/nofp/libg.a(lib_a-fvwrite.o)
                0x00000000100086b0                __sfvwrite_r
 .text._lseek_r
                0x00000000100089a4       0x28 /home/acid/pico/gcc-arm-none-eabi-10.3-2021.10/bin/../lib/gcc/arm-none-eabi/10.3.1/../../../../arm-none-eabi/lib/thumb/v6-m/nofp/libg.a(lib_a-lseekr.o)
                0x00000000100089a4                _lseek_r
 .text.memchr   0x00000000100089cc       0x74 /home/acid/pico/gcc-arm-none-eabi-10.3-2021.10/bin/../lib/gcc/arm-none-eabi/10.3.1/../../../../arm-none-eabi/lib/thumb/v6-m/nofp/libg.a(lib_a-memchr-stub.o)
                0x00000000100089cc                memchr
 .text.memmove  0x0000000010008a40       0xac /home/acid/pico/gcc-arm-none-eabi-10.3-2021.10/bin/../lib/gcc/arm-none-eabi/10.3.1/../../../../arm-none-eabi/lib/thumb/v6-m/nofp/libg.a(lib_a-memmove.o)
                0x0000000010008a40                memmove
 .text._read_r  0x0000000010008aec       0x28 /home/acid/pico/gcc-arm-none-eabi-10.3-2021.10/bin/../lib/gcc/arm-none-eabi/10.3.1/../../../../arm-none-eabi/lib/thumb/v6-m/nofp/libg.a(lib_a-readr.o)
                0x0000000010008aec                _read_r
 .text.__swsetup_r
                0x0000000010008b14       0xdc /home/acid/pico/gcc-arm-none-eabi-10.3-2021.10/bin/../lib/gcc/arm-none-eabi/10.3.1/../../../../arm-none-eabi/lib/thumb/v6-m/nofp/libg.a(lib_a-wsetup.o)
                0x0000000010008b14                __swsetup_r
 .text.__smakebuf_r
                0x0000000010008bf0       0xe4 /home/acid/pico/gcc-arm-none-eabi-10.3-2021.10/bin/../lib/gcc/arm-none-eabi/10.3.1/../../../../arm-none-eabi/lib/thumb/v6-m/nofp/libg.a(lib_a-makebuf.o)
                0x0000000010008bf0                __smakebuf_r
 .text._fstat_r
                0x0000000010008cd4       0x28 /home/acid/pico/gcc-arm-none-eabi-10.3-2021.10/bin/../lib/gcc/arm-none-eabi/10.3.1/../../../../arm-none-eabi/lib/thumb/v6-m/nofp/libg.a(lib_a-fstatr.o)
                0x0000000010008cd4                _fstat_r
 .text._isatty_r
                0x0000000010008cfc       0x24 /home/acid/pico/gcc-arm-none-eabi-10.3-2021.10/bin/../lib/gcc/arm-none-eabi/10.3.1/../../../../arm-none-eabi/lib/thumb/v6-m/nofp/libg.a(lib_a-isattyr.o)
                0x0000000010008cfc                _isatty_r
 *(.fini)
 .fini          0x0000000010008d20        0x4 /home/acid/pico/gcc-arm-none-eabi-10.3-2021.10/bin/../lib/gcc/arm-none-eabi/10.3.1/thumb/v6-m/nofp/crti.o
                0x0000000010008d20                _fini
 *fill*         0x0000000010008d24        0x4 
 .fini.__stub   0x0000000010008d28       0xf0 linker stubs
 *crtbegin.o(.ctors)
 *crtbegin?.o(.ctors)
 *(EXCLUDE_FILE(*crtend.o *crtend?.o) .ctors)
 *(SORT_BY_NAME(.ctors.*))
 *(.ctors)
 *crtbegin.o(.dtors)
 *crtbegin?.o(.dtors)
 *(EXCLUDE_FILE(*crtend.o *crtend?.o) .dtors)
 *(SORT_BY_NAME(.dtors.*))
 *(.dtors)
                0x0000000010008e18                . = ALIGN (0x4)
                0x0000000010008e18                PROVIDE (__preinit_array_start = .)
 *(SORT_BY_NAME(.preinit_array.*))
 .preinit_array.00100
                0x0000000010008e18        0x4 CMakeFiles/John-ADC-Git.dir/home/acid/Clones/pico/pico-sdk/src/rp2_common/pico_runtime_init/runtime_init.c.o
                0x0000000010008e18                __pre_init_runtime_init_early_resets
 .preinit_array.00101
                0x0000000010008e1c        0x4 CMakeFiles/John-ADC-Git.dir/home/acid/Clones/pico/pico-sdk/src/rp2_common/pico_runtime_init/runtime_init.c.o
                0x0000000010008e1c                __pre_init_runtime_init_usb_power_down
 .preinit_array.00275
                0x0000000010008e20        0x4 CMakeFiles/John-ADC-Git.dir/home/acid/Clones/pico/pico-sdk/src/rp2_common/pico_bit_ops/bit_ops_aeabi.S.o
 .preinit_array.00300
                0x0000000010008e24        0x4 CMakeFiles/John-ADC-Git.dir/home/acid/Clones/pico/pico-sdk/src/rp2_common/pico_mem_ops/mem_ops_aeabi.S.o
 .preinit_array.00350
                0x0000000010008e28        0x4 CMakeFiles/John-ADC-Git.dir/home/acid/Clones/pico/pico-sdk/src/rp2_common/pico_double/double_aeabi_rp2040.S.o
 .preinit_array.00350
                0x0000000010008e2c        0x4 CMakeFiles/John-ADC-Git.dir/home/acid/Clones/pico/pico-sdk/src/rp2_common/pico_float/float_aeabi_rp2040.S.o
 .preinit_array.00500
                0x0000000010008e30        0x4 CMakeFiles/John-ADC-Git.dir/home/acid/Clones/pico/pico-sdk/src/rp2_common/pico_runtime_init/runtime_init.c.o
                0x0000000010008e30                __pre_init_runtime_init_clocks
 .preinit_array.00600
                0x0000000010008e34        0x4 CMakeFiles/John-ADC-Git.dir/home/acid/Clones/pico/pico-sdk/src/rp2_common/pico_runtime_init/runtime_init.c.o
                0x0000000010008e34                __pre_init_runtime_init_post_clock_resets
 .preinit_array.00700
                0x0000000010008e38        0x4 CMakeFiles/John-ADC-Git.dir/home/acid/Clones/pico/pico-sdk/src/rp2_common/pico_runtime_init/runtime_init.c.o
                0x0000000010008e38                __pre_init_runtime_init_rp2040_gpio_ie_disable
 .preinit_array.01000
                0x0000000010008e3c        0x4 CMakeFiles/John-ADC-Git.dir/home/acid/Clones/pico/pico-sdk/src/rp2_common/pico_runtime_init/runtime_init.c.o
                0x0000000010008e3c                __pre_init_runtime_init_spin_locks_reset
 .preinit_array.01100
                0x0000000010008e40        0x4 CMakeFiles/John-ADC-Git.dir/home/acid/Clones/pico/pico-sdk/src/common/pico_sync/mutex.c.o
                0x0000000010008e40                __pre_init_runtime_init_mutex
 .preinit_array.10080
                0x0000000010008e44        0x4 CMakeFiles/John-ADC-Git.dir/home/acid/Clones/pico/pico-sdk/src/rp2_common/pico_runtime_init/runtime_init.c.o
                0x0000000010008e44                __pre_init_runtime_init_install_ram_vector_table
 .preinit_array.11000
                0x0000000010008e48        0x4 CMakeFiles/John-ADC-Git.dir/home/acid/Clones/pico/pico-sdk/src/common/pico_time/time.c.o
                0x0000000010008e48                __pre_init_runtime_init_default_alarm_pool
 .preinit_array.YYYYY
                0x0000000010008e4c        0x4 CMakeFiles/John-ADC-Git.dir/home/acid/Clones/pico/pico-sdk/src/rp2_common/pico_runtime/runtime.c.o
                0x0000000010008e4c                __pre_init_first_per_core_initializer
 .preinit_array.ZZZZZ.01200
                0x0000000010008e50        0x4 CMakeFiles/John-ADC-Git.dir/home/acid/Clones/pico/pico-sdk/src/rp2_common/hardware_irq/irq.c.o
                0x0000000010008e50                __pre_init_runtime_init_per_core_irq_priorities
 *(.preinit_array)
                0x0000000010008e54                PROVIDE (__preinit_array_end = .)
                0x0000000010008e54                . = ALIGN (0x4)
                0x0000000010008e54                PROVIDE (__init_array_start = .)
 *(SORT_BY_NAME(.init_array.*))
 .init_array.01000
                0x0000000010008e54        0x4 CMakeFiles/John-ADC-Git.dir/home/acid/Clones/pico/pico-sdk/src/rp2_common/pico_unique_id/unique_id.c.o
 *(.init_array)
 .init_array    0x0000000010008e58        0x4 /home/acid/pico/gcc-arm-none-eabi-10.3-2021.10/bin/../lib/gcc/arm-none-eabi/10.3.1/thumb/v6-m/nofp/crtbegin.o
                0x0000000010008e5c                PROVIDE (__init_array_end = .)
                0x0000000010008e5c                . = ALIGN (0x4)
                [!provide]                        PROVIDE (__fini_array_start = .)
 *(SORT_BY_NAME(.fini_array.*))
 *(.fini_array)
                [!provide]                        PROVIDE (__fini_array_end = .)
 *(.eh_frame*)
 .eh_frame      0x0000000010008e5c        0x0 /home/acid/pico/gcc-arm-none-eabi-10.3-2021.10/bin/../lib/gcc/arm-none-eabi/10.3.1/thumb/v6-m/nofp/crtbegin.o
                0x0000000010008e5c                . = ALIGN (0x4)

.glue_7         0x0000000010008e5c        0x0
 .glue_7        0x0000000010008e5c        0x0 linker stubs

.glue_7t        0x0000000010008e5c        0x0
 .glue_7t       0x0000000010008e5c        0x0 linker stubs

.vfp11_veneer   0x0000000010008e5c        0x0
 .vfp11_veneer  0x0000000010008e5c        0x0 linker stubs

.v4_bx          0x0000000010008e5c        0x0
 .v4_bx         0x0000000010008e5c        0x0 linker stubs

.iplt           0x0000000010008e5c        0x0
 .iplt          0x0000000010008e5c        0x0 /home/acid/pico/gcc-arm-none-eabi-10.3-2021.10/bin/../lib/gcc/arm-none-eabi/10.3.1/thumb/v6-m/nofp/crtbegin.o

.rodata         0x0000000010008e60     0x18c4
 *(EXCLUDE_FILE(*libm.a: *libc.a:*lib_a-mem*.o *libgcc.a:) .rodata*)
 .rodata.drdy_handler.str1.4
                0x0000000010008e60       0x38 CMakeFiles/John-ADC-Git.dir/main.c.o
 .rodata.core1_main.str1.4
                0x0000000010008e98       0x73 CMakeFiles/John-ADC-Git.dir/main.c.o
 *fill*         0x0000000010008f0b        0x1 
 .rodata.read_reg.str1.4
                0x0000000010008f0c        0x4 CMakeFiles/John-ADC-Git.dir/main.c.o
 .rodata.verify_config.str1.4
                0x0000000010008f10       0xd6 CMakeFiles/John-ADC-Git.dir/main.c.o
 *fill*         0x0000000010008fe6        0x2 
 .rodata.main.str1.4
                0x0000000010008fe8       0x93 CMakeFiles/John-ADC-Git.dir/main.c.o
 *fill*         0x000000001000907b        0x1 
 .rodata        0x000000001000907c        0x3 CMakeFiles/John-ADC-Git.dir/main.c.o
 *fill*         0x000000001000907f        0x1 
 .rodata.__func__.3
                0x0000000010009080       0x1c CMakeFiles/John-ADC-Git.dir/main.c.o
 .rodata.gpio_set_irq_enabled.str1.4
                0x000000001000909c       0x70 CMakeFiles/John-ADC-Git.dir/home/acid/Clones/pico/pico-sdk/src/rp2_common/hardware_gpio/gpio.c.o
 .rodata.__func__.4
                0x000000001000910c       0x15 CMakeFiles/John-ADC-Git.dir/home/acid/Clones/pico/pico-sdk/src/rp2_common/hardware_gpio/gpio.c.o
 *fill*         0x0000000010009121        0x3 
 .rodata.rp2040_chip_version.str1.4
                0x0000000010009124       0x79 CMakeFiles/John-ADC-Git.dir/home/acid/Clones/pico/pico-sdk/src/rp2040/pico_platform/platform.c.o
 *fill*         0x000000001000919d        0x3 
 .rodata.__func__.0
                0x00000000100091a0       0x14 CMakeFiles/John-ADC-Git.dir/home/acid/Clones/pico/pico-sdk/src/rp2040/pico_platform/platform.c.o
 .rodata.panic.str1.4
                0x00000000100091b4       0x10 CMakeFiles/John-ADC-Git.dir/home/acid/Clones/pico/pico-sdk/src/rp2_common/pico_platform_panic/panic.c.o
                                         0x12 (size before relaxing)
 .rodata.spin_lock_claim_unused.str1.4
                0x00000000100091c4       0x1b CMakeFiles/John-ADC-Git.dir/home/acid/Clones/pico/pico-sdk/src/rp2_common/hardware_sync/sync.c.o
 *fill*         0x00000000100091df        0x1 
 .rodata.spin_lock_init.str1.4
                0x00000000100091e0       0x74 CMakeFiles/John-ADC-Git.dir/home/acid/Clones/pico/pico-sdk/src/rp2_common/hardware_sync_spin_lock/sync_spin_lock.c.o
 .rodata.__func__.0
                0x0000000010009254        0xf CMakeFiles/John-ADC-Git.dir/home/acid/Clones/pico/pico-sdk/src/rp2_common/hardware_sync_spin_lock/sync_spin_lock.c.o
 *fill*         0x0000000010009263        0x1 
 .rodata.make_j_16.str1.4
                0x0000000010009264       0x72 CMakeFiles/John-ADC-Git.dir/home/acid/Clones/pico/pico-sdk/src/rp2_common/hardware_irq/irq.c.o
 *fill*         0x00000000100092d6        0x2 
 .rodata.insert_bl_32.str1.4
                0x00000000100092d8       0x10 CMakeFiles/John-ADC-Git.dir/home/acid/Clones/pico/pico-sdk/src/rp2_common/hardware_irq/irq.c.o
 .rodata.irq_set_exclusive_handler.str1.4
                0x00000000100092e8       0x36 CMakeFiles/John-ADC-Git.dir/home/acid/Clones/pico/pico-sdk/src/rp2_common/hardware_irq/irq.c.o
 *fill*         0x000000001000931e        0x2 
 .rodata.irq_add_shared_handler.str1.4
                0x0000000010009320       0xe9 CMakeFiles/John-ADC-Git.dir/home/acid/Clones/pico/pico-sdk/src/rp2_common/hardware_irq/irq.c.o
 *fill*         0x0000000010009409        0x3 
 .rodata.irq_remove_handler.str1.4
                0x000000001000940c       0x3a CMakeFiles/John-ADC-Git.dir/home/acid/Clones/pico/pico-sdk/src/rp2_common/hardware_irq/irq.c.o
 *fill*         0x0000000010009446        0x2 
 .rodata.irq_add_tail_to_free_list.str1.4
                0x0000000010009448       0x3a CMakeFiles/John-ADC-Git.dir/home/acid/Clones/pico/pico-sdk/src/rp2_common/hardware_irq/irq.c.o
 *fill*         0x0000000010009482        0x2 
 .rodata.user_irq_claim_unused.str1.4
                0x0000000010009484       0x1b CMakeFiles/John-ADC-Git.dir/home/acid/Clones/pico/pico-sdk/src/rp2_common/hardware_irq/irq.c.o
 *fill*         0x000000001000949f        0x1 
 .rodata.__func__.0
                0x00000000100094a0       0x1a CMakeFiles/John-ADC-Git.dir/home/acid/Clones/pico/pico-sdk/src/rp2_common/hardware_irq/irq.c.o
 *fill*         0x00000000100094ba        0x2 
 .rodata.__func__.1
                0x00000000100094bc        0xd CMakeFiles/John-ADC-Git.dir/home/acid/Clones/pico/pico-sdk/src/rp2_common/hardware_irq/irq.c.o