Archive member included to satisfy reference by file (symbol)

/home/acid/pico/gcc-arm-none-eabi-10.3-2021.10/bin/../lib/gcc/arm-none-eabi/10.3.1/thumb/v6-m/nofp/libgcc.a(_dvmd_tls.o)
                              CMakeFiles/John-ADC-Git.dir/home/acid/Clones/pico/pico-sdk/src/rp2_common/pico_divider/divider_hardware.S.o (__aeabi_idiv0)
/home/acid/pico/gcc-arm-none-eabi-10.3-2021.10/bin/../lib/gcc/arm-none-eabi/10.3.1/../../../../arm-none-eabi/lib/thumb/v6-m/nofp/libg.a(lib_a-calloc.o)
                              CMakeFiles/John-ADC-Git.dir/home/acid/Clones/pico/pico-sdk/src/rp2_common/pico_malloc/malloc.c.o (calloc)
/home/acid/pico/gcc-arm-none-eabi-10.3-2021.10/bin/../lib/gcc/arm-none-eabi/10.3.1/../../../../arm-none-eabi/lib/thumb/v6-m/nofp/libg.a(lib_a-callocr.o)
                              /home/acid/pico/gcc-arm-none-eabi-10.3-2021.10/bin/../lib/gcc/arm-none-eabi/10.3.1/../../../../arm-none-eabi/lib/thumb/v6-m/nofp/libg.a(lib_a-calloc.o) (_calloc_r)
/home/acid/pico/gcc-arm-none-eabi-10.3-2021.10/bin/../lib/gcc/arm-none-eabi/10.3.1/../../../../arm-none-eabi/lib/thumb/v6-m/nofp/libg.a(lib_a-ctype_.o)
                              CMakeFiles/John-ADC-Git.dir/home/acid/Clones/pico/pico-sdk/lib/tinyusb/src/tusb.c.o (_ctype_)
/home/acid/pico/gcc-arm-none-eabi-10.3-2021.10/bin/../lib/gcc/arm-none-eabi/10.3.1/../../../../arm-none-eabi/lib/thumb/v6-m/nofp/libg.a(lib_a-errno.o)
                              /home/acid/pico/gcc-arm-none-eabi-10.3-2021.10/bin/../lib/gcc/arm-none-eabi/10.3.1/../../../../arm-none-eabi/lib/thumb/v6-m/nofp/libg.a(lib_a-callocr.o) (__errno)
/home/acid/pico/gcc-arm-none-eabi-10.3-2021.10/bin/../lib/gcc/arm-none-eabi/10.3.1/../../../../arm-none-eabi/lib/thumb/v6-m/nofp/libg.a(lib_a-fflush.o)
                              CMakeFiles/John-ADC-Git.dir/main.c.o (fflush)
/home/acid/pico/gcc-arm-none-eabi-10.3-2021.10/bin/../lib/gcc/arm-none-eabi/10.3.1/../../../../arm-none-eabi/lib/thumb/v6-m/nofp/libg.a(lib_a-findfp.o)
                              /home/acid/pico/gcc-arm-none-eabi-10.3-2021.10/bin/../lib/gcc/arm-none-eabi/10.3.1/../../../../arm-none-eabi/lib/thumb/v6-m/nofp/libg.a(lib_a-fflush.o) (__sinit)
/home/acid/pico/gcc-arm-none-eabi-10.3-2021.10/bin/../lib/gcc/arm-none-eabi/10.3.1/../../../../arm-none-eabi/lib/thumb/v6-m/nofp/libg.a(lib_a-freer.o)
                              /home/acid/pico/gcc-arm-none-eabi-10.3-2021.10/bin/../lib/gcc/arm-none-eabi/10.3.1/../../../../arm-none-eabi/lib/thumb/v6-m/nofp/libg.a(lib_a-fflush.o) (_free_r)
/home/acid/pico/gcc-arm-none-eabi-10.3-2021.10/bin/../lib/gcc/arm-none-eabi/10.3.1/../../../../arm-none-eabi/lib/thumb/v6-m/nofp/libg.a(lib_a-fwalk.o)
                              /home/acid/pico/gcc-arm-none-eabi-10.3-2021.10/bin/../lib/gcc/arm-none-eabi/10.3.1/../../../../arm-none-eabi/lib/thumb/v6-m/nofp/libg.a(lib_a-findfp.o) (_fwalk)
/home/acid/pico/gcc-arm-none-eabi-10.3-2021.10/bin/../lib/gcc/arm-none-eabi/10.3.1/../../../../arm-none-eabi/lib/thumb/v6-m/nofp/libg.a(lib_a-fwrite.o)
                              CMakeFiles/John-ADC-Git.dir/main.c.o (fwrite)
/home/acid/pico/gcc-arm-none-eabi-10.3-2021.10/bin/../lib/gcc/arm-none-eabi/10.3.1/../../../../arm-none-eabi/lib/thumb/v6-m/nofp/libg.a(lib_a-impure.o)
                              /home/acid/pico/gcc-arm-none-eabi-10.3-2021.10/bin/../lib/gcc/arm-none-eabi/10.3.1/../../../../arm-none-eabi/lib/thumb/v6-m/nofp/libg.a(lib_a-fflush.o) (_global_impure_ptr)
/home/acid/pico/gcc-arm-none-eabi-10.3-2021.10/bin/../lib/gcc/arm-none-eabi/10.3.1/../../../../arm-none-eabi/lib/thumb/v6-m/nofp/libg.a(lib_a-init.o)
                              /home/acid/pico/gcc-arm-none-eabi-10.3-2021.10/bin/../lib/gcc/arm-none-eabi/10.3.1/../../../../arm-none-eabi/lib/thumb/v6-m/nofp/crt0.o (__libc_init_array)
/home/acid/pico/gcc-arm-none-eabi-10.3-2021.10/bin/../lib/gcc/arm-none-eabi/10.3.1/../../../../arm-none-eabi/lib/thumb/v6-m/nofp/libg.a(lib_a-lcltime_r.o)
                              CMakeFiles/John-ADC-Git.dir/home/acid/Clones/pico/pico-sdk/src/common/pico_util/datetime.c.o (localtime_r)
/home/acid/pico/gcc-arm-none-eabi-10.3-2021.10/bin/../lib/gcc/arm-none-eabi/10.3.1/../../../../arm-none-eabi/lib/thumb/v6-m/nofp/libg.a(lib_a-lock.o)
                              /home/acid/pico/gcc-arm-none-eabi-10.3-2021.10/bin/../lib/gcc/arm-none-eabi/10.3.1/../../../../arm-none-eabi/lib/thumb/v6-m/nofp/libg.a(lib_a-findfp.o) (__retarget_lock_init_recursive)
/home/acid/pico/gcc-arm-none-eabi-10.3-2021.10/bin/../lib/gcc/arm-none-eabi/10.3.1/../../../../arm-none-eabi/lib/thumb/v6-m/nofp/libg.a(lib_a-malloc.o)
                              CMakeFiles/John-ADC-Git.dir/home/acid/Clones/pico/pico-sdk/src/rp2_common/pico_malloc/malloc.c.o (malloc)
/home/acid/pico/gcc-arm-none-eabi-10.3-2021.10/bin/../lib/gcc/arm-none-eabi/10.3.1/../../../../arm-none-eabi/lib/thumb/v6-m/nofp/libg.a(lib_a-mallocr.o)
[...]
Memory Configuration

Name             Origin             Length             Attributes
FLASH            0x0000000010000000 0x0000000000200000 xr
RAM              0x0000000020000000 0x0000000000040000 xrw
SCRATCH_X        0x0000000020040000 0x0000000000001000 xrw
SCRATCH_Y        0x0000000020041000 0x0000000000001000 xrw
*default*        0x0000000000000000 0xffffffffffffffff

Linker script and memory map

LOAD /home/acid/pico/gcc-arm-none-eabi-10.3-2021.10/bin/../lib/gcc/arm-none-eabi/10.3.1/thumb/v6-m/nofp/crti.o
LOAD /home/acid/pico/gcc-arm-none-eabi-10.3-2021.10/bin/../lib/gcc/arm-none-eabi/10.3.1/thumb/v6-m/nofp/crtbegin.o
LOAD /home/acid/pico/gcc-arm-none-eabi-10.3-2021.10/bin/../lib/gcc/arm-none-eabi/10.3.1/../../../../arm-none-eabi/lib/thumb/v6-m/nofp/crt0.o

.flash_begin    0x0000000010000000        0x0
                0x0000000010000000                __flash_binary_start = .

.boot2          0x0000000010000000      0x100
                0x0000000010000000                __boot2_start__ = .
 *(.boot2)
 .boot2         0x0000000010000000      0x100 pico-sdk/src/rp2040/boot_stage2/CMakeFiles/bs2_default_library.dir/bs2_default_padded_checksummed.S.o
                0x0000000010000100                __boot2_end__ = .
                0x0000000000000001                ASSERT (((__boot2_end__ - __boot2_start__) == 0x100), ERROR: Pico second stage bootloader must be 256 bytes in size)

.text           0x0000000010000100     0x8d94
                0x0000000010000100                __logical_binary_start = .
 *(.vectors)
 .vectors       0x0000000010000100       0xd4 CMakeFiles/John-ADC-Git.dir/home/acid/Clones/pico/pico-sdk/src/rp2_common/pico_crt0/crt0.S.o
                0x0000000010000100                __vectors
                0x0000000010000100                __VECTOR_TABLE
                0x00000000100001c0                isr_irq30
                0x00000000100001c0                __unhandled_user_irq
                0x00000000100001c0                isr_irq13
                0x00000000100001c0                isr_irq27
                0x00000000100001c0                isr_irq31
                0x00000000100001c0                isr_irq5
                0x00000000100001c0                isr_irq11
                0x00000000100001c0                isr_irq23
                0x00000000100001c0                isr_irq18
                0x00000000100001c0                isr_irq28
                0x00000000100001c0                isr_irq19
                0x00000000100001c0                isr_irq0
                0x00000000100001c0                isr_irq6
                0x00000000100001c0                isr_irq22
                0x00000000100001c0                isr_irq17
                0x00000000100001c0                isr_irq14
                0x00000000100001c0                __vectors_end
                0x00000000100001c0                __default_isrs_start
                0x00000000100001c0                isr_irq2
                0x00000000100001c0                isr_irq10
                0x00000000100001c0                isr_irq8
                0x00000000100001c0                isr_irq24
                0x00000000100001c0                isr_irq1
                0x00000000100001c0                isr_irq7
                0x00000000100001c0                isr_irq21
                0x00000000100001c0                isr_irq20
                0x00000000100001c0                isr_irq15
                0x00000000100001c0                isr_irq25
                0x00000000100001c0                isr_irq4
                0x00000000100001c0                isr_irq16
                0x00000000100001c0                isr_irq29
                0x00000000100001c0                isr_irq26
                0x00000000100001c0                isr_irq3
                0x00000000100001c0                isr_irq12
                0x00000000100001c0                isr_irq9
                0x00000000100001c6                unhandled_user_irq_num_in_r0
                0x00000000100001c8                isr_invalid
                0x00000000100001ca                isr_nmi
                0x00000000100001cc                isr_hardfault
                0x00000000100001ce                isr_svcall
                0x00000000100001d0                isr_pendsv
                0x00000000100001d2                isr_systick
                0x00000000100001d4                __default_isrs_end
 *(.binary_info_header)
 .binary_info_header
                0x00000000100001d4       0x14 CMakeFiles/John-ADC-Git.dir/home/acid/Clones/pico/pico-sdk/src/rp2_common/pico_crt0/crt0.S.o
                0x00000000100001e8                __binary_info_header_end = .
 *(.embedded_block)
                0x00000000100001e8                __embedded_block_end = .
 *(.reset)
 .reset         0x00000000100001e8       0x9c CMakeFiles/John-ADC-Git.dir/home/acid/Clones/pico/pico-sdk/src/rp2_common/pico_crt0/crt0.S.o
                0x00000000100001e8                _entry_point
 *(.init)
 .init          0x0000000010000284        0x4 /home/acid/pico/gcc-arm-none-eabi-10.3-2021.10/bin/../lib/gcc/arm-none-eabi/10.3.1/thumb/v6-m/nofp/crti.o
                0x0000000010000284                _init
 *(EXCLUDE_FILE(*libm.a: *libc.a:*lib_a-mem*.o *libgcc.a:) .text*)
 .text          0x0000000010000288       0x48 /home/acid/pico/gcc-arm-none-eabi-10.3-2021.10/bin/../lib/gcc/arm-none-eabi/10.3.1/thumb/v6-m/nofp/crtbegin.o
 .text.drdy_handler
                0x00000000100002d0      0x180 CMakeFiles/John-ADC-Git.dir/main.c.o
                0x00000000100002d0                drdy_handler
 .text.core1_main
                0x0000000010000450      0x12c CMakeFiles/John-ADC-Git.dir/main.c.o
                0x0000000010000450                core1_main
 .text.write_reg
                0x000000001000057c       0x5c CMakeFiles/John-ADC-Git.dir/main.c.o
                0x000000001000057c                write_reg
 .text.Setup_PWM_Clock
                0x00000000100005d8       0x80 CMakeFiles/John-ADC-Git.dir/main.c.o
                0x00000000100005d8                Setup_PWM_Clock
 .text.read_reg
                0x0000000010000658       0x70 CMakeFiles/John-ADC-Git.dir/main.c.o
                0x0000000010000658                read_reg
 .text.verify_config
                0x00000000100006c8       0x74 CMakeFiles/John-ADC-Git.dir/main.c.o
                0x00000000100006c8                verify_config
 .text.main     0x000000001000073c      0x278 CMakeFiles/John-ADC-Git.dir/main.c.o
                0x000000001000073c                main
 .text.gpio_default_irq_handler
                0x00000000100009b4       0xa8 CMakeFiles/John-ADC-Git.dir/home/acid/Clones/pico/pico-sdk/src/rp2_common/hardware_gpio/gpio.c.o
 .text._gpio_set_irq_enabled
                0x0000000010000a5c       0x3c CMakeFiles/John-ADC-Git.dir/home/acid/Clones/pico/pico-sdk/src/rp2_common/hardware_gpio/gpio.c.o
 .text.gpio_set_function
                0x0000000010000a98       0x34 CMakeFiles/John-ADC-Git.dir/home/acid/Clones/pico/pico-sdk/src/rp2_common/hardware_gpio/gpio.c.o
                0x0000000010000a98                gpio_set_function
 .text.gpio_set_pulls
                0x0000000010000acc       0x38 CMakeFiles/John-ADC-Git.dir/home/acid/Clones/pico/pico-sdk/src/rp2_common/hardware_gpio/gpio.c.o
                0x0000000010000acc                gpio_set_pulls
 .text.gpio_set_irq_enabled
                0x0000000010000b04       0x50 CMakeFiles/John-ADC-Git.dir/home/acid/Clones/pico/pico-sdk/src/rp2_common/hardware_gpio/gpio.c.o
                0x0000000010000b04                gpio_set_irq_enabled
 .text.gpio_set_irq_callback
                0x0000000010000b54       0x48 CMakeFiles/John-ADC-Git.dir/home/acid/Clones/pico/pico-sdk/src/rp2_common/hardware_gpio/gpio.c.o
                0x0000000010000b54                gpio_set_irq_callback
 .text.gpio_set_irq_enabled_with_callback
                0x0000000010000b9c       0x28 CMakeFiles/John-ADC-Git.dir/home/acid/Clones/pico/pico-sdk/src/rp2_common/hardware_gpio/gpio.c.o
                0x0000000010000b9c                gpio_set_irq_enabled_with_callback
 .text.gpio_init
                0x0000000010000bc4       0x16 CMakeFiles/John-ADC-Git.dir/home/acid/Clones/pico/pico-sdk/src/rp2_common/hardware_gpio/gpio.c.o
                0x0000000010000bc4                gpio_init
 *fill*         0x0000000010000bda        0x2 
 .text.rp2040_chip_version
                0x0000000010000bdc       0x4c CMakeFiles/John-ADC-Git.dir/home/acid/Clones/pico/pico-sdk/src/rp2040/pico_platform/platform.c.o
                0x0000000010000bdc                rp2040_chip_version
 .text.panic    0x0000000010000c28       0x30 CMakeFiles/John-ADC-Git.dir/home/acid/Clones/pico/pico-sdk/src/rp2_common/pico_platform_panic/panic.c.o
                0x0000000010000c28                panic
 .text.hw_claim_lock
                0x0000000010000c58       0x18 CMakeFiles/John-ADC-Git.dir/home/acid/Clones/pico/pico-sdk/src/common/hardware_claim/claim.c.o
                0x0000000010000c58                hw_claim_lock
 .text.hw_claim_unlock
                0x0000000010000c70       0x14 CMakeFiles/John-ADC-Git.dir/home/acid/Clones/pico/pico-sdk/src/common/hardware_claim/claim.c.o
                0x0000000010000c70                hw_claim_unlock
 .text.hw_claim_or_assert
                0x0000000010000c84       0x32 CMakeFiles/John-ADC-Git.dir/home/acid/Clones/pico/pico-sdk/src/common/hardware_claim/claim.c.o
                0x0000000010000c84                hw_claim_or_assert
 .text.hw_claim_unused_from_range
                0x0000000010000cb6       0x50 CMakeFiles/John-ADC-Git.dir/home/acid/Clones/pico/pico-sdk/src/common/hardware_claim/claim.c.o
                0x0000000010000cb6                hw_claim_unused_from_range
 *fill*         0x0000000010000d06        0x2 
 .text.next_striped_spin_lock_num
                0x0000000010000d08       0x1c CMakeFiles/John-ADC-Git.dir/home/acid/Clones/pico/pico-sdk/src/rp2_common/hardware_sync/sync.c.o
                0x0000000010000d08                next_striped_spin_lock_num
 .text.spin_lock_claim_unused
                0x0000000010000d24       0x20 CMakeFiles/John-ADC-Git.dir/home/acid/Clones/pico/pico-sdk/src/rp2_common/hardware_sync/sync.c.o
                0x0000000010000d24                spin_lock_claim_unused
 .text.spin_locks_reset
                0x0000000010000d44       0x20 CMakeFiles/John-ADC-Git.dir/home/acid/Clones/pico/pico-sdk/src/rp2_common/hardware_sync_spin_lock/sync_spin_lock.c.o
                0x0000000010000d44                spin_locks_reset
 .text.spin_lock_init
                0x0000000010000d64       0x34 CMakeFiles/John-ADC-Git.dir/home/acid/Clones/pico/pico-sdk/src/rp2_common/hardware_sync_spin_lock/sync_spin_lock.c.o
                0x0000000010000d64                spin_lock_init
 .text.set_raw_irq_handler_and_unlock
                0x0000000010000d98       0x28 CMakeFiles/John-ADC-Git.dir/home/acid/Clones/pico/pico-sdk/src/rp2_common/hardware_irq/irq.c.o
 .text.nvic_ipr0
                0x0000000010000dc0        0x8 CMakeFiles/John-ADC-Git.dir/home/acid/Clones/pico/pico-sdk/src/rp2_common/hardware_irq/irq.c.o
 .text.runtime_init_per_core_irq_priorities
                0x0000000010000dc8       0x1c CMakeFiles/John-ADC-Git.dir/home/acid/Clones/pico/pico-sdk/src/rp2_common/hardware_irq/irq.c.o
                0x0000000010000dc8                runtime_init_per_core_irq_priorities
 .text.make_j_16
                0x0000000010000de4       0x4c CMakeFiles/John-ADC-Git.dir/home/acid/Clones/pico/pico-sdk/src/rp2_common/hardware_irq/irq.c.o
 .text.insert_bl_32
                0x0000000010000e30       0x40 CMakeFiles/John-ADC-Git.dir/home/acid/Clones/pico/pico-sdk/src/rp2_common/hardware_irq/irq.c.o
 .text.irq_is_enabled
                0x0000000010000e70       0x18 CMakeFiles/John-ADC-Git.dir/home/acid/Clones/pico/pico-sdk/src/rp2_common/hardware_irq/irq.c.o
                0x0000000010000e70                irq_is_enabled
 .text.irq_set_mask_n_enabled
                0x0000000010000e88       0x1c CMakeFiles/John-ADC-Git.dir/home/acid/Clones/pico/pico-sdk/src/rp2_common/hardware_irq/irq.c.o
                0x0000000010000e88                irq_set_mask_n_enabled
 .text.irq_set_enabled
                0x0000000010000ea4       0x14 CMakeFiles/John-ADC-Git.dir/home/acid/Clones/pico/pico-sdk/src/rp2_common/hardware_irq/irq.c.o
                0x0000000010000ea4                irq_set_enabled
 .text.irq_set_pending
                0x0000000010000eb8       0x10 CMakeFiles/John-ADC-Git.dir/home/acid/Clones/pico/pico-sdk/src/rp2_common/hardware_irq/irq.c.o
                0x0000000010000eb8                irq_set_pending
 .text.irq_get_vtable_handler
                0x0000000010000ec8       0x10 CMakeFiles/John-ADC-Git.dir/home/acid/Clones/pico/pico-sdk/src/rp2_common/hardware_irq/irq.c.o
                0x0000000010000ec8                irq_get_vtable_handler
 .text.irq_has_shared_handler
                0x0000000010000ed8       0x1c CMakeFiles/John-ADC-Git.dir/home/acid/Clones/pico/pico-sdk/src/rp2_common/hardware_irq/irq.c.o
                0x0000000010000ed8                irq_has_shared_handler
 .text.irq_has_handler
                0x0000000010000ef4       0x20 CMakeFiles/John-ADC-Git.dir/home/acid/Clones/pico/pico-sdk/src/rp2_common/hardware_irq/irq.c.o
                0x0000000010000ef4                irq_has_handler
 .text.irq_set_exclusive_handler
                0x0000000010000f14       0x54 CMakeFiles/John-ADC-Git.dir/home/acid/Clones/pico/pico-sdk/src/rp2_common/hardware_irq/irq.c.o
                0x0000000010000f14                irq_set_exclusive_handler
 .text.irq_add_shared_handler
                0x0000000010000f68      0x238 CMakeFiles/John-ADC-Git.dir/home/acid/Clones/pico/pico-sdk/src/rp2_common/hardware_irq/irq.c.o
                0x0000000010000f68                irq_add_shared_handler
 .text.irq_remove_handler
                0x00000000100011a0      0x1b0 CMakeFiles/John-ADC-Git.dir/home/acid/Clones/pico/pico-sdk/src/rp2_common/hardware_irq/irq.c.o
                0x00000000100011a0                irq_remove_handler
 .text.irq_add_tail_to_free_list
                0x0000000010001350       0xf4 CMakeFiles/John-ADC-Git.dir/home/acid/Clones/pico/pico-sdk/src/rp2_common/hardware_irq/irq.c.o
                0x0000000010001350                irq_add_tail_to_free_list
 .text.user_irq_claim_unused
                0x0000000010001444       0x28 CMakeFiles/John-ADC-Git.dir/home/acid/Clones/pico/pico-sdk/src/rp2_common/hardware_irq/irq.c.o
                0x0000000010001444                user_irq_claim_unused
 .text.lock_init
                0x000000001000146c       0x10 CMakeFiles/John-ADC-Git.dir/home/acid/Clones/pico/pico-sdk/src/common/pico_sync/lock_core.c.o
                0x000000001000146c                lock_init
 .text.mutex_init
                0x000000001000147c       0x1a CMakeFiles/John-ADC-Git.dir/home/acid/Clones/pico/pico-sdk/src/common/pico_sync/mutex.c.o
                0x000000001000147c                mutex_init
 .text.recursive_mutex_init
                0x0000000010001496       0x1e CMakeFiles/John-ADC-Git.dir/home/acid/Clones/pico/pico-sdk/src/common/pico_sync/mutex.c.o
                0x0000000010001496                recursive_mutex_init
 .text.runtime_init_mutex
                0x00000000100014b4       0x4c CMakeFiles/John-ADC-Git.dir/home/acid/Clones/pico/pico-sdk/src/common/pico_sync/mutex.c.o
                0x00000000100014b4                runtime_init_mutex
 .text.critical_section_init_with_lock_num
                0x0000000010001500       0x14 CMakeFiles/John-ADC-Git.dir/home/acid/Clones/pico/pico-sdk/src/common/pico_sync/critical_section.c.o
                0x0000000010001500                critical_section_init_with_lock_num
 .text.critical_section_init
                0x0000000010001514       0x14 CMakeFiles/John-ADC-Git.dir/home/acid/Clones/pico/pico-sdk/src/common/pico_sync/critical_section.c.o
                0x0000000010001514                critical_section_init
 .text.make_alarm_id
                0x0000000010001528        0x6 CMakeFiles/John-ADC-Git.dir/home/acid/Clones/pico/pico-sdk/src/common/pico_time/time.c.o
 *fill*         0x000000001000152e        0x2 
 .text.sleep_until_callback
                0x0000000010001530       0x30 CMakeFiles/John-ADC-Git.dir/home/acid/Clones/pico/pico-sdk/src/common/pico_time/time.c.o
 .text.alarm_pool_irq_handler
                0x0000000010001560      0x304 CMakeFiles/John-ADC-Git.dir/home/acid/Clones/pico/pico-sdk/src/common/pico_time/time.c.o
 .text.alarm_pool_post_alloc_init
                0x0000000010001864       0x94 CMakeFiles/John-ADC-Git.dir/home/acid/Clones/pico/pico-sdk/src/common/pico_time/time.c.o
 .text.alarm_pool_get_default
                0x00000000100018f8       0x2c CMakeFiles/John-ADC-Git.dir/home/acid/Clones/pico/pico-sdk/src/common/pico_time/time.c.o
                0x00000000100018f8                alarm_pool_get_default
 .text.alarm_pool_add_alarm_at_force_in_context
                0x0000000010001924       0xb0 CMakeFiles/John-ADC-Git.dir/home/acid/Clones/pico/pico-sdk/src/common/pico_time/time.c.o
                0x0000000010001924                alarm_pool_add_alarm_at_force_in_context
 .text.alarm_pool_add_alarm_at
                0x00000000100019d4       0x3c CMakeFiles/John-ADC-Git.dir/home/acid/Clones/pico/pico-sdk/src/common/pico_time/time.c.o
                0x00000000100019d4                alarm_pool_add_alarm_at
 .text.alarm_pool_cancel_alarm
                0x0000000010001a10       0x78 CMakeFiles/John-ADC-Git.dir/home/acid/Clones/pico/pico-sdk/src/common/pico_time/time.c.o
                0x0000000010001a10                alarm_pool_cancel_alarm
 .text.alarm_pool_core_num
                0x0000000010001a88        0x4 CMakeFiles/John-ADC-Git.dir/home/acid/Clones/pico/pico-sdk/src/common/pico_time/time.c.o
                0x0000000010001a88                alarm_pool_core_num
 .text.sleep_until
                0x0000000010001a8c       0xc8 CMakeFiles/John-ADC-Git.dir/home/acid/Clones/pico/pico-sdk/src/common/pico_time/time.c.o
                0x0000000010001a8c                sleep_until
 .text.sleep_us
                0x0000000010001b54       0x24 CMakeFiles/John-ADC-Git.dir/home/acid/Clones/pico/pico-sdk/src/common/pico_time/time.c.o
                0x0000000010001b54                sleep_us
 .text.sleep_ms
                0x0000000010001b78       0x14 CMakeFiles/John-ADC-Git.dir/home/acid/Clones/pico/pico-sdk/src/common/pico_time/time.c.o
                0x0000000010001b78                sleep_ms
 .text.best_effort_wfe_or_timeout
                0x0000000010001b8c      0x13c CMakeFiles/John-ADC-Git.dir/home/acid/Clones/pico/pico-sdk/src/common/pico_time/time.c.o
                0x0000000010001b8c                best_effort_wfe_or_timeout
 .text.alarm_pool_get_default_timer
                0x0000000010001cc8        0x8 CMakeFiles/John-ADC-Git.dir/home/acid/Clones/pico/pico-sdk/src/common/pico_time/time.c.o
                0x0000000010001cc8                alarm_pool_get_default_timer
 .text.runtime_init_default_alarm_pool
                0x0000000010001cd0       0x38 CMakeFiles/John-ADC-Git.dir/home/acid/Clones/pico/pico-sdk/src/common/pico_time/time.c.o
                0x0000000010001cd0                runtime_init_default_alarm_pool
 .text.timer_hardware_alarm_claim
                0x0000000010001d08       0x14 CMakeFiles/John-ADC-Git.dir/home/acid/Clones/pico/pico-sdk/src/rp2_common/hardware_timer/timer.c.o
                0x0000000010001d08                timer_hardware_alarm_claim
 .text.timer_time_us_64
                0x0000000010001d1c       0x10 CMakeFiles/John-ADC-Git.dir/home/acid/Clones/pico/pico-sdk/src/rp2_common/hardware_timer/timer.c.o
                0x0000000010001d1c                timer_time_us_64
 .text.timer_busy_wait_until
                0x0000000010001d2c       0x1a CMakeFiles/John-ADC-Git.dir/home/acid/Clones/pico/pico-sdk/src/rp2_common/hardware_timer/timer.c.o
                0x0000000010001d2c                timer_busy_wait_until
 .text.timer_busy_wait_us
                0x0000000010001d46       0x38 CMakeFiles/John-ADC-Git.dir/home/acid/Clones/pico/pico-sdk/src/rp2_common/hardware_timer/timer.c.o
                0x0000000010001d46                timer_busy_wait_us
 *fill*         0x0000000010001d7e        0x2 
 .text.time_us_64
                0x0000000010001d80       0x10 CMakeFiles/John-ADC-Git.dir/home/acid/Clones/pico/pico-sdk/src/rp2_common/hardware_timer/timer.c.o
                0x0000000010001d80                time_us_64
 .text.busy_wait_us
                0x0000000010001d90       0x14 CMakeFiles/John-ADC-Git.dir/home/acid/Clones/pico/pico-sdk/src/rp2_common/hardware_timer/timer.c.o
                0x0000000010001d90                busy_wait_us
 .text.busy_wait_until
                0x0000000010001da4       0x14 CMakeFiles/John-ADC-Git.dir/home/acid/Clones/pico/pico-sdk/src/rp2_common/hardware_timer/timer.c.o
                0x0000000010001da4                busy_wait_until
 .text.clock_configure_internal
                0x0000000010001db8       0xc4 CMakeFiles/John-ADC-Git.dir/home/acid/Clones/pico/pico-sdk/src/rp2_common/hardware_clocks/clocks.c.o
 .text.clock_configure_int_divider
                0x0000000010001e7c       0x28 CMakeFiles/John-ADC-Git.dir/home/acid/Clones/pico/pico-sdk/src/rp2_common/hardware_clocks/clocks.c.o
                0x0000000010001e7c                clock_configure_int_divider
 .text.clock_configure_undivided
                0x0000000010001ea4       0x12 CMakeFiles/John-ADC-Git.dir/home/acid/Clones/pico/pico-sdk/src/rp2_common/hardware_clocks/clocks.c.o
                0x0000000010001ea4                clock_configure_undivided
 *fill*         0x0000000010001eb6        0x2 
 .text.clock_get_hz
                0x0000000010001eb8        0xc CMakeFiles/John-ADC-Git.dir/home/acid/Clones/pico/pico-sdk/src/rp2_common/hardware_clocks/clocks.c.o
                0x0000000010001eb8                clock_get_hz
 .text.pll_init
                0x0000000010001ec4      0x120 CMakeFiles/John-ADC-Git.dir/home/acid/Clones/pico/pico-sdk/src/rp2_common/hardware_pll/pll.c.o
                0x0000000010001ec4                pll_init
 .text.watchdog_update
                0x0000000010001fe4       0x14 CMakeFiles/John-ADC-Git.dir/home/acid/Clones/pico/pico-sdk/src/rp2_common/hardware_watchdog/watchdog.c.o
                0x0000000010001fe4                watchdog_update
 .text._watchdog_enable
                0x0000000010001ff8       0x78 CMakeFiles/John-ADC-Git.dir/home/acid/Clones/pico/pico-sdk/src/rp2_common/hardware_watchdog/watchdog.c.o
                0x0000000010001ff8                _watchdog_enable
 .text.watchdog_reboot
                0x0000000010002070       0x48 CMakeFiles/John-ADC-Git.dir/home/acid/Clones/pico/pico-sdk/src/rp2_common/hardware_watchdog/watchdog.c.o
                0x0000000010002070                watchdog_reboot
 .text.tick_start
                0x00000000100020b8       0x10 CMakeFiles/John-ADC-Git.dir/home/acid/Clones/pico/pico-sdk/src/rp2_common/hardware_ticks/ticks.c.o
                0x00000000100020b8                tick_start
 .text.rom_func_lookup
                0x00000000100020c8       0x10 CMakeFiles/John-ADC-Git.dir/home/acid/Clones/pico/pico-sdk/src/rp2_common/pico_bootrom/bootrom.c.o
                0x00000000100020c8                rom_func_lookup
 .text.rom_data_lookup
                0x00000000100020d8       0x10 CMakeFiles/John-ADC-Git.dir/home/acid/Clones/pico/pico-sdk/src/rp2_common/pico_bootrom/bootrom.c.o
                0x00000000100020d8                rom_data_lookup
 .text.rom_funcs_lookup
                0x00000000100020e8       0x36 CMakeFiles/John-ADC-Git.dir/home/acid/Clones/pico/pico-sdk/src/rp2_common/pico_bootrom/bootrom.c.o
                0x00000000100020e8                rom_funcs_lookup
 *fill*         0x000000001000211e        0x2 
 .text.rom_reset_usb_boot_extra
                0x0000000010002120       0x24 CMakeFiles/John-ADC-Git.dir/home/acid/Clones/pico/pico-sdk/src/rp2_common/pico_bootrom/bootrom.c.o
                0x0000000010002120                rom_reset_usb_boot_extra
 .text.xosc_init
                0x0000000010002144       0x2c CMakeFiles/John-ADC-Git.dir/home/acid/Clones/pico/pico-sdk/src/rp2_common/hardware_xosc/xosc.c.o
                0x0000000010002144                xosc_init
 .text.runtime_run_initializers_from
                0x0000000010002170       0x18 CMakeFiles/John-ADC-Git.dir/home/acid/Clones/pico/pico-sdk/src/rp2_common/pico_runtime/runtime.c.o
 .text.first_per_core_initializer
                0x0000000010002188        0x2 CMakeFiles/John-ADC-Git.dir/home/acid/Clones/pico/pico-sdk/src/rp2_common/pico_runtime/runtime.c.o
 *fill*         0x000000001000218a        0x2 
 .text.runtime_run_initializers
                0x000000001000218c       0x10 CMakeFiles/John-ADC-Git.dir/home/acid/Clones/pico/pico-sdk/src/rp2_common/pico_runtime/runtime.c.o
                0x000000001000218c                runtime_run_initializers
 .text.runtime_run_per_core_initializers
                0x000000001000219c       0x10 CMakeFiles/John-ADC-Git.dir/home/acid/Clones/pico/pico-sdk/src/rp2_common/pico_runtime/runtime.c.o
                0x000000001000219c                runtime_run_per_core_initializers
 .text.runtime_init_early_resets
                0x00000000100021ac       0x2c CMakeFiles/John-ADC-Git.dir/home/acid/Clones/pico/pico-sdk/src/rp2_common/pico_runtime_init/runtime_init.c.o
                0x00000000100021ac                runtime_init_early_resets
 .text.runtime_init_usb_power_down
                0x00000000100021d8       0x1c CMakeFiles/John-ADC-Git.dir/home/acid/Clones/pico/pico-sdk/src/rp2_common/pico_runtime_init/runtime_init.c.o
                0x00000000100021d8                runtime_init_usb_power_down
 .text.runtime_init_post_clock_resets
                0x00000000100021f4       0x20 CMakeFiles/John-ADC-Git.dir/home/acid/Clones/pico/pico-sdk/src/rp2_common/pico_runtime_init/runtime_init.c.o
                0x00000000100021f4                runtime_init_post_clock_resets
 .text.runtime_init_rp2040_gpio_ie_disable
                0x0000000010002214       0x14 CMakeFiles/John-ADC-Git.dir/home/acid/Clones/pico/pico-sdk/src/rp2_common/pico_runtime_init/runtime_init.c.o
                0x0000000010002214                runtime_init_rp2040_gpio_ie_disable
 .text.runtime_init_spin_locks_reset
                0x0000000010002228        0x8 CMakeFiles/John-ADC-Git.dir/home/acid/Clones/pico/pico-sdk/src/rp2_common/pico_runtime_init/runtime_init.c.o
                0x0000000010002228                runtime_init_spin_locks_reset
 .text.runtime_init_install_ram_vector_table
                0x0000000010002230       0x48 CMakeFiles/John-ADC-Git.dir/home/acid/Clones/pico/pico-sdk/src/rp2_common/pico_runtime_init/runtime_init.c.o
                0x0000000010002230                runtime_init_install_ram_vector_table
 .text.start_all_ticks
                0x0000000010002278       0x28 CMakeFiles/John-ADC-Git.dir/home/acid/Clones/pico/pico-sdk/src/rp2_common/pico_runtime_init/runtime_init_clocks.c.o
 .text.runtime_init_clocks
                0x00000000100022a0       0xcc CMakeFiles/John-ADC-Git.dir/home/acid/Clones/pico/pico-sdk/src/rp2_common/pico_runtime_init/runtime_init_clocks.c.o
                0x00000000100022a0                runtime_init_clocks
 .text          0x000000001000236c       0x10 CMakeFiles/John-ADC-Git.dir/home/acid/Clones/pico/pico-sdk/src/rp2_common/pico_bit_ops/bit_ops_aeabi.S.o
 .text.__wrap___aeabi_idiv
                0x000000001000237c       0x50 CMakeFiles/John-ADC-Git.dir/home/acid/Clones/pico/pico-sdk/src/rp2_common/pico_divider/divider_hardware.S.o
                0x000000001000237c                __wrap___aeabi_idivmod
                0x000000001000237c                divmod_s32s32
                0x000000001000237c                div_s32s32
                0x000000001000237c                __wrap___aeabi_idiv
                0x0000000010002384                divmod_s32s32_unsafe
                0x00000000100023b0                divmod_s32s32_savestate
 .text.__wrap___aeabi_uidiv
                0x00000000100023cc       0x4c CMakeFiles/John-ADC-Git.dir/home/acid/Clones/pico/pico-sdk/src/rp2_common/pico_divider/divider_hardware.S.o
                0x00000000100023cc                __wrap___aeabi_uidiv
                0x00000000100023cc                __wrap___aeabi_uidivmod
                0x00000000100023cc                div_u32u32
                0x00000000100023cc                divmod_u32u32
                0x00000000100023d4                divmod_u32u32_unsafe
                0x00000000100023fc                divmod_u32u32_savestate
 .text.__wrap___aeabi_ldiv
                0x0000000010002418      0x424 CMakeFiles/John-ADC-Git.dir/home/acid/Clones/pico/pico-sdk/src/rp2_common/pico_divider/divider_hardware.S.o
                0x0000000010002418                div_s64s64
                0x0000000010002418                divmod_s64s64
                0x0000000010002418                __wrap___aeabi_ldivmod
                0x0000000010002448                div_u64u64
                0x0000000010002448                divmod_u64u64
                0x0000000010002448                __wrap___aeabi_uldivmod
                0x0000000010002458                divmod_u64u64_savestate
                0x0000000010002478                divmod_s64s64_unsafe
                0x0000000010002500                divmod_u64u64_unsafe
 .text.__wrap___aeabi_darithmetic
                0x000000001000283c       0x80 CMakeFiles/John-ADC-Git.dir/home/acid/Clones/pico/pico-sdk/src/rp2_common/pico_double/double_aeabi_rp2040.S.o
                0x000000001000283c                __wrap___aeabi_drsub
                0x0000000010002842                __wrap___aeabi_dsub
                0x0000000010002854                __wrap___aeabi_dadd
                0x0000000010002866                __wrap___aeabi_ddiv
                0x00000000100028a2                __wrap___aeabi_dmul
 .text.__wrap___aeabi_cdcmple
                0x00000000100028bc       0x6c CMakeFiles/John-ADC-Git.dir/home/acid/Clones/pico/pico-sdk/src/rp2_common/pico_double/double_aeabi_rp2040.S.o
                0x00000000100028bc                __wrap___aeabi_cdrcmple
                0x00000000100028cc                __wrap___aeabi_cdcmple
                0x00000000100028cc                __wrap___aeabi_cdcmpeq
 .text.__wrap___aeabi_dcmplt
                0x0000000010002928        0xc CMakeFiles/John-ADC-Git.dir/home/acid/Clones/pico/pico-sdk/src/rp2_common/pico_double/double_aeabi_rp2040.S.o
                0x0000000010002928                __wrap___aeabi_dcmplt
 .text.__wrap___aeabi_dcmple
                0x0000000010002934       0x10 CMakeFiles/John-ADC-Git.dir/home/acid/Clones/pico/pico-sdk/src/rp2_common/pico_double/double_aeabi_rp2040.S.o
                0x0000000010002934                __wrap___aeabi_dcmple
 .text.__wrap___aeabi_dcmpge
                0x0000000010002944       0x10 CMakeFiles/John-ADC-Git.dir/home/acid/Clones/pico/pico-sdk/src/rp2_common/pico_double/double_aeabi_rp2040.S.o
                0x0000000010002944                __wrap___aeabi_dcmpge
 .text.__wrap___aeabi_dcmpgt
                0x0000000010002954        0xa CMakeFiles/John-ADC-Git.dir/home/acid/Clones/pico/pico-sdk/src/rp2_common/pico_double/double_aeabi_rp2040.S.o
                0x0000000010002954                __wrap___aeabi_dcmpgt
 .text.__wrap___aeabi_dcmpun
                0x000000001000295e       0x18 CMakeFiles/John-ADC-Git.dir/home/acid/Clones/pico/pico-sdk/src/rp2_common/pico_double/double_aeabi_rp2040.S.o
                0x000000001000295e                __wrap___aeabi_dcmpun
 *fill*         0x0000000010002976        0x2 
 .text.__wrap___aeabi_i2d
                0x0000000010002978       0x38 CMakeFiles/John-ADC-Git.dir/home/acid/Clones/pico/pico-sdk/src/rp2_common/pico_double/double_aeabi_rp2040.S.o
                0x0000000010002978                __wrap___aeabi_ui2d
                0x0000000010002978                uint2double
                0x0000000010002980                __wrap___aeabi_i2d
                0x0000000010002980                int2double
 .text.__wrap___aeabi_d2iz
                0x00000000100029b0       0x48 CMakeFiles/John-ADC-Git.dir/home/acid/Clones/pico/pico-sdk/src/rp2_common/pico_double/double_aeabi_rp2040.S.o
                0x00000000100029b0                __wrap___aeabi_d2iz
                0x00000000100029b0                double2int_z
 .text.__wrap___aeabi_d2uiz
                0x00000000100029f8       0x18 CMakeFiles/John-ADC-Git.dir/home/acid/Clones/pico/pico-sdk/src/rp2_common/pico_double/double_aeabi_rp2040.S.o
                0x00000000100029f8                double2uint_z
                0x00000000100029f8                double2uint
                0x00000000100029f8                __wrap___aeabi_d2uiz
 .text.__aeabi_double_init
                0x0000000010002a10       0xc8 CMakeFiles/John-ADC-Git.dir/home/acid/Clones/pico/pico-sdk/src/rp2_common/pico_double/double_init_rom_rp2040.c.o
                0x0000000010002a10                __aeabi_double_init
 .text.double_table_shim_on_use_helper
                0x0000000010002ad8       0x34 CMakeFiles/John-ADC-Git.dir/home/acid/Clones/pico/pico-sdk/src/rp2_common/pico_double/double_v1_rom_shim_rp2040.S.o
                0x0000000010002ad8                double_table_shim_on_use_helper
 .text.__wrap___aeabi_dsub
                0x0000000010002b0c       0x10 CMakeFiles/John-ADC-Git.dir/home/acid/Clones/pico/pico-sdk/src/rp2_common/pico_double/double_v1_rom_shim_rp2040.S.o
                0x0000000010002b0c                drsub_shim
                0x0000000010002b12                dsub_shim
 .text.dadd_shim
                0x0000000010002b1c      0x15c CMakeFiles/John-ADC-Git.dir/home/acid/Clones/pico/pico-sdk/src/rp2_common/pico_double/double_v1_rom_shim_rp2040.S.o
                0x0000000010002b1c                dadd_shim
 .text.dmul_shim
                0x0000000010002c78      0x15c CMakeFiles/John-ADC-Git.dir/home/acid/Clones/pico/pico-sdk/src/rp2_common/pico_double/double_v1_rom_shim_rp2040.S.o
                0x0000000010002c78                dmul_shim
 .text.ddiv_shim
                0x0000000010002dd4      0x1b0 CMakeFiles/John-ADC-Git.dir/home/acid/Clones/pico/pico-sdk/src/rp2_common/pico_double/double_v1_rom_shim_rp2040.S.o
                0x0000000010002dd4                ddiv_shim
 .text.double2uint_shim
                0x0000000010002f84        0xe CMakeFiles/John-ADC-Git.dir/home/acid/Clones/pico/pico-sdk/src/rp2_common/pico_double/double_v1_rom_shim_rp2040.S.o
                0x0000000010002f84                double2uint_shim
                0x0000000010002f86                double2ufix_shim
 *fill*         0x0000000010002f92        0x2 
 .text.double2uint64_shim
                0x0000000010002f94       0x70 CMakeFiles/John-ADC-Git.dir/home/acid/Clones/pico/pico-sdk/src/rp2_common/pico_double/double_v1_rom_shim_rp2040.S.o
                0x0000000010002f94                double2uint64_shim
                0x0000000010002f96                double2ufix64_shim
                0x0000000010002fb6                d2fix_a
 .text.dunpacks
                0x0000000010003004       0x3c CMakeFiles/John-ADC-Git.dir/home/acid/Clones/pico/pico-sdk/src/rp2_common/pico_double/double_v1_rom_shim_rp2040.S.o
                0x0000000010003004                dunpacks
 .text.__aeabi_lmul
                0x0000000010003040       0x32 CMakeFiles/John-ADC-Git.dir/home/acid/Clones/pico/pico-sdk/src/rp2_common/pico_int64_ops/pico_int64_ops_aeabi.S.o
                0x0000000010003040                __wrap___aeabi_lmul
 *fill*         0x0000000010003072        0x2 
 .text.__aeabi_float_init
                0x0000000010003074       0xfc CMakeFiles/John-ADC-Git.dir/home/acid/Clones/pico/pico-sdk/src/rp2_common/pico_float/float_init_rom_rp2040.c.o
                0x0000000010003074                __aeabi_float_init
 .text.float_table_shim_on_use_helper
                0x0000000010003170       0x34 CMakeFiles/John-ADC-Git.dir/home/acid/Clones/pico/pico-sdk/src/rp2_common/pico_float/float_v1_rom_shim_rp2040.S.o
                0x0000000010003170                float_table_shim_on_use_helper
 .text          0x00000000100031a4       0x10 CMakeFiles/John-ADC-Git.dir/home/acid/Clones/pico/pico-sdk/src/rp2_common/pico_mem_ops/mem_ops_aeabi.S.o
                0x00000000100031a4                __aeabi_mem_init
 .text.memset   0x00000000100031b4        0xc CMakeFiles/John-ADC-Git.dir/home/acid/Clones/pico/pico-sdk/src/rp2_common/pico_mem_ops/mem_ops_aeabi.S.o
                0x00000000100031b4                __wrap_memset
 .text.memcpy   0x00000000100031c0        0xc CMakeFiles/John-ADC-Git.dir/home/acid/Clones/pico/pico-sdk/src/rp2_common/pico_mem_ops/mem_ops_aeabi.S.o
                0x00000000100031c0                __wrap___aeabi_memcpy
                0x00000000100031c0                __wrap_memcpy
 .text._out_null
                0x00000000100031cc        0x2 CMakeFiles/John-ADC-Git.dir/home/acid/Clones/pico/pico-sdk/src/rp2_common/pico_printf/printf.c.o
 .text._out_fct
                0x00000000100031ce        0xe CMakeFiles/John-ADC-Git.dir/home/acid/Clones/pico/pico-sdk/src/rp2_common/pico_printf/printf.c.o
 .text._atoi    0x00000000100031dc       0x24 CMakeFiles/John-ADC-Git.dir/home/acid/Clones/pico/pico-sdk/src/rp2_common/pico_printf/printf.c.o
 .text._out_rev
                0x0000000010003200       0xae CMakeFiles/John-ADC-Git.dir/home/acid/Clones/pico/pico-sdk/src/rp2_common/pico_printf/printf.c.o
 .text._ntoa_format
                0x00000000100032ae      0x112 CMakeFiles/John-ADC-Git.dir/home/acid/Clones/pico/pico-sdk/src/rp2_common/pico_printf/printf.c.o
 .text._ntoa_long
                0x00000000100033c0       0xbc CMakeFiles/John-ADC-Git.dir/home/acid/Clones/pico/pico-sdk/src/rp2_common/pico_printf/printf.c.o
 .text._ntoa_long_long
                0x000000001000347c       0xe2 CMakeFiles/John-ADC-Git.dir/home/acid/Clones/pico/pico-sdk/src/rp2_common/pico_printf/printf.c.o
 *fill*         0x000000001000355e        0x2 
 .text._etoa    0x0000000010003560      0x414 CMakeFiles/John-ADC-Git.dir/home/acid/Clones/pico/pico-sdk/src/rp2_common/pico_printf/printf.c.o
 .text._ftoa    0x0000000010003974      0x354 CMakeFiles/John-ADC-Git.dir/home/acid/Clones/pico/pico-sdk/src/rp2_common/pico_printf/printf.c.o
 .text._vsnprintf
                0x0000000010003cc8      0x624 CMakeFiles/John-ADC-Git.dir/home/acid/Clones/pico/pico-sdk/src/rp2_common/pico_printf/printf.c.o
 .text.vfctprintf
                0x00000000100042ec       0x20 CMakeFiles/John-ADC-Git.dir/home/acid/Clones/pico/pico-sdk/src/rp2_common/pico_printf/printf.c.o
                0x00000000100042ec                vfctprintf
 .text._exit    0x000000001000430c        0x4 CMakeFiles/John-ADC-Git.dir/home/acid/Clones/pico/pico-sdk/src/rp2_common/pico_clib_interface/newlib_interface.c.o
                0x000000001000430c                _exit
 .text._sbrk    0x0000000010004310       0x38 CMakeFiles/John-ADC-Git.dir/home/acid/Clones/pico/pico-sdk/src/rp2_common/pico_clib_interface/newlib_interface.c.o
                0x0000000010004310                _sbrk
 .text._read    0x0000000010004348       0x24 CMakeFiles/John-ADC-Git.dir/home/acid/Clones/pico/pico-sdk/src/rp2_common/pico_clib_interface/newlib_interface.c.o
                0x0000000010004348                _read
 .text._write   0x000000001000436c       0x22 CMakeFiles/John-ADC-Git.dir/home/acid/Clones/pico/pico-sdk/src/rp2_common/pico_clib_interface/newlib_interface.c.o
                0x000000001000436c                _write
 .text._close   0x000000001000438e        0x6 CMakeFiles/John-ADC-Git.dir/home/acid/Clones/pico/pico-sdk/src/rp2_common/pico_clib_interface/newlib_interface.c.o
                0x000000001000438e                _close
 .text._lseek   0x0000000010004394        0x6 CMakeFiles/John-ADC-Git.dir/home/acid/Clones/pico/pico-sdk/src/rp2_common/pico_clib_interface/newlib_interface.c.o
                0x0000000010004394                _lseek
 .text._fstat   0x000000001000439a        0x6 CMakeFiles/John-ADC-Git.dir/home/acid/Clones/pico/pico-sdk/src/rp2_common/pico_clib_interface/newlib_interface.c.o
                0x000000001000439a                _fstat
 .text._isatty  0x00000000100043a0        0xc CMakeFiles/John-ADC-Git.dir/home/acid/Clones/pico/pico-sdk/src/rp2_common/pico_clib_interface/newlib_interface.c.o
                0x00000000100043a0                _isatty
 .text.exit     0x00000000100043ac        0x6 CMakeFiles/John-ADC-Git.dir/home/acid/Clones/pico/pico-sdk/src/rp2_common/pico_clib_interface/newlib_interface.c.o
                0x00000000100043ac                exit
 *fill*         0x00000000100043b2        0x2 
 .text.__assert_func
                0x00000000100043b4       0x3c CMakeFiles/John-ADC-Git.dir/home/acid/Clones/pico/pico-sdk/src/rp2_common/pico_clib_interface/newlib_interface.c.o
                0x00000000100043b4                __assert_func
 .text.runtime_init
                0x00000000100043f0       0x28 CMakeFiles/John-ADC-Git.dir/home/acid/Clones/pico/pico-sdk/src/rp2_common/pico_clib_interface/newlib_interface.c.o
                0x00000000100043f0                runtime_init
 .text.stdio_out_chars_no_crlf
                0x0000000010004418        0xe CMakeFiles/John-ADC-Git.dir/home/acid/Clones/pico/pico-sdk/src/rp2_common/pico_stdio/stdio.c.o
 *fill*         0x0000000010004426        0x2 
 .text.stdio_out_chars_crlf
                0x0000000010004428       0x80 CMakeFiles/John-ADC-Git.dir/home/acid/Clones/pico/pico-sdk/src/rp2_common/pico_stdio/stdio.c.o
 .text.stdio_stack_buffer_flush
                0x00000000100044a8       0x44 CMakeFiles/John-ADC-Git.dir/home/acid/Clones/pico/pico-sdk/src/rp2_common/pico_stdio/stdio.c.o
 .text.stdio_buffered_printer
                0x00000000100044ec       0x20 CMakeFiles/John-ADC-Git.dir/home/acid/Clones/pico/pico-sdk/src/rp2_common/pico_stdio/stdio.c.o
 .text.stdout_serialize_begin
                0x000000001000450c       0x30 CMakeFiles/John-ADC-Git.dir/home/acid/Clones/pico/pico-sdk/src/rp2_common/pico_stdio/stdio.c.o
                0x000000001000450c                stdout_serialize_begin
 .text.stdout_serialize_end
                0x000000001000453c       0x10 CMakeFiles/John-ADC-Git.dir/home/acid/Clones/pico/pico-sdk/src/rp2_common/pico_stdio/stdio.c.o
                0x000000001000453c                stdout_serialize_end
 .text.stdio_put_string
                0x000000001000454c       0x94 CMakeFiles/John-ADC-Git.dir/home/acid/Clones/pico/pico-sdk/src/rp2_common/pico_stdio/stdio.c.o
                0x000000001000454c                stdio_put_string
 .text.stdio_get_until
                0x00000000100045e0       0x88 CMakeFiles/John-ADC-Git.dir/home/acid/Clones/pico/pico-sdk/src/rp2_common/pico_stdio/stdio.c.o
                0x00000000100045e0                stdio_get_until
 .text.stdio_set_driver_enabled
                0x0000000010004668       0x2c CMakeFiles/John-ADC-Git.dir/home/acid/Clones/pico/pico-sdk/src/rp2_common/pico_stdio/stdio.c.o
                0x0000000010004668                stdio_set_driver_enabled
 .text.stdio_flush
                0x0000000010004694       0x20 CMakeFiles/John-ADC-Git.dir/home/acid/Clones/pico/pico-sdk/src/rp2_common/pico_stdio/stdio.c.o
                0x0000000010004694                stdio_flush
 .text.stdio_init_all
                0x00000000100046b4        0x8 CMakeFiles/John-ADC-Git.dir/home/acid/Clones/pico/pico-sdk/src/rp2_common/pico_stdio/stdio.c.o
                0x00000000100046b4                stdio_init_all
 .text.__wrap_puts
                0x00000000100046bc       0x1e CMakeFiles/John-ADC-Git.dir/home/acid/Clones/pico/pico-sdk/src/rp2_common/pico_stdio/stdio.c.o
                0x00000000100046bc                __wrap_puts
                0x00000000100046bc                stdio_puts
 *fill*         0x00000000100046da        0x2 
 .text.__wrap_vprintf
                0x00000000100046dc       0x40 CMakeFiles/John-ADC-Git.dir/home/acid/Clones/pico/pico-sdk/src/rp2_common/pico_stdio/stdio.c.o
                0x00000000100046dc                __wrap_vprintf
                0x00000000100046dc                stdio_vprintf
 .text.__wrap_printf
                0x000000001000471c       0x18 CMakeFiles/John-ADC-Git.dir/home/acid/Clones/pico/pico-sdk/src/rp2_common/pico_stdio/stdio.c.o
                0x000000001000471c                stdio_printf
                0x000000001000471c                __wrap_printf
 .text.resetd_init
                0x0000000010004734        0x2 CMakeFiles/John-ADC-Git.dir/home/acid/Clones/pico/pico-sdk/src/rp2_common/pico_stdio_usb/reset_interface.c.o
 *fill*         0x0000000010004736        0x2 
 .text.resetd_reset
                0x0000000010004738        0xc CMakeFiles/John-ADC-Git.dir/home/acid/Clones/pico/pico-sdk/src/rp2_common/pico_stdio_usb/reset_interface.c.o
 .text.resetd_open
                0x0000000010004744       0x34 CMakeFiles/John-ADC-Git.dir/home/acid/Clones/pico/pico-sdk/src/rp2_common/pico_stdio_usb/reset_interface.c.o
 .text.resetd_xfer_cb
                0x0000000010004778        0x4 CMakeFiles/John-ADC-Git.dir/home/acid/Clones/pico/pico-sdk/src/rp2_common/pico_stdio_usb/reset_interface.c.o
 .text.resetd_control_xfer_cb
                0x000000001000477c       0x60 CMakeFiles/John-ADC-Git.dir/home/acid/Clones/pico/pico-sdk/src/rp2_common/pico_stdio_usb/reset_interface.c.o
 .text.tud_descriptor_bos_cb
                0x00000000100047dc        0x8 CMakeFiles/John-ADC-Git.dir/home/acid/Clones/pico/pico-sdk/src/rp2_common/pico_stdio_usb/reset_interface.c.o
                0x00000000100047dc                tud_descriptor_bos_cb
 .text.tud_vendor_control_xfer_cb
                0x00000000100047e4       0x38 CMakeFiles/John-ADC-Git.dir/home/acid/Clones/pico/pico-sdk/src/rp2_common/pico_stdio_usb/reset_interface.c.o
                0x00000000100047e4                tud_vendor_control_xfer_cb
 .text.usbd_app_driver_get_cb
                0x000000001000481c        0xc CMakeFiles/John-ADC-Git.dir/home/acid/Clones/pico/pico-sdk/src/rp2_common/pico_stdio_usb/reset_interface.c.o
                0x000000001000481c                usbd_app_driver_get_cb
 .text.tud_cdc_line_coding_cb
                0x0000000010004828       0x2c CMakeFiles/John-ADC-Git.dir/home/acid/Clones/pico/pico-sdk/src/rp2_common/pico_stdio_usb/reset_interface.c.o
                0x0000000010004828                tud_cdc_line_coding_cb
 .text.stdio_usb_set_chars_available_callback
                0x0000000010004854       0x14 CMakeFiles/John-ADC-Git.dir/home/acid/Clones/pico/pico-sdk/src/rp2_common/pico_stdio_usb/stdio_usb.c.o
                0x0000000010004854                stdio_usb_set_chars_available_callback
 .text.stdio_usb_out_flush
                0x0000000010004868       0x4c CMakeFiles/John-ADC-Git.dir/home/acid/Clones/pico/pico-sdk/src/rp2_common/pico_stdio_usb/stdio_usb.c.o
 .text.usb_irq  0x00000000100048b4       0x10 CMakeFiles/John-ADC-Git.dir/home/acid/Clones/pico/pico-sdk/src/rp2_common/pico_stdio_usb/stdio_usb.c.o
 .text.timer_task
                0x00000000100048c4       0x68 CMakeFiles/John-ADC-Git.dir/home/acid/Clones/pico/pico-sdk/src/rp2_common/pico_stdio_usb/stdio_usb.c.o
 .text.low_priority_worker_irq
                0x000000001000492c       0xcc CMakeFiles/John-ADC-Git.dir/home/acid/Clones/pico/pico-sdk/src/rp2_common/pico_stdio_usb/stdio_usb.c.o
 .text.stdio_usb_init
                0x00000000100049f8       0xfc CMakeFiles/John-ADC-Git.dir/home/acid/Clones/pico/pico-sdk/src/rp2_common/pico_stdio_usb/stdio_usb.c.o
                0x00000000100049f8                stdio_usb_init
 .text.stdio_usb_connected
                0x0000000010004af4        0xa CMakeFiles/John-ADC-Git.dir/home/acid/Clones/pico/pico-sdk/src/rp2_common/pico_stdio_usb/stdio_usb.c.o
                0x0000000010004af4                stdio_usb_connected
 *fill*         0x0000000010004afe        0x2 
 .text.stdio_usb_in_chars
                0x0000000010004b00       0x98 CMakeFiles/John-ADC-Git.dir/home/acid/Clones/pico/pico-sdk/src/rp2_common/pico_stdio_usb/stdio_usb.c.o
                0x0000000010004b00                stdio_usb_in_chars
 .text.stdio_usb_out_chars
                0x0000000010004b98       0xe8 CMakeFiles/John-ADC-Git.dir/home/acid/Clones/pico/pico-sdk/src/rp2_common/pico_stdio_usb/stdio_usb.c.o
 .text.tud_descriptor_device_cb
                0x0000000010004c80        0x8 CMakeFiles/John-ADC-Git.dir/home/acid/Clones/pico/pico-sdk/src/rp2_common/pico_stdio_usb/stdio_usb_descriptors.c.o
                0x0000000010004c80                tud_descriptor_device_cb
 .text.tud_descriptor_configuration_cb
                0x0000000010004c88        0x8 CMakeFiles/John-ADC-Git.dir/home/acid/Clones/pico/pico-sdk/src/rp2_common/pico_stdio_usb/stdio_usb_descriptors.c.o
                0x0000000010004c88                tud_descriptor_configuration_cb
 .text.tud_descriptor_string_cb
                0x0000000010004c90       0x6c CMakeFiles/John-ADC-Git.dir/home/acid/Clones/pico/pico-sdk/src/rp2_common/pico_stdio_usb/stdio_usb_descriptors.c.o
                0x0000000010004c90                tud_descriptor_string_cb
 .text._retrieve_unique_id_on_boot
                0x0000000010004cfc       0x10 CMakeFiles/John-ADC-Git.dir/home/acid/Clones/pico/pico-sdk/src/rp2_common/pico_unique_id/unique_id.c.o
 .text.pico_get_unique_board_id_string
                0x0000000010004d0c       0x60 CMakeFiles/John-ADC-Git.dir/home/acid/Clones/pico/pico-sdk/src/rp2_common/pico_unique_id/unique_id.c.o
                0x0000000010004d0c                pico_get_unique_board_id_string
 .text.flash_get_unique_id
                0x0000000010004d6c       0x46 CMakeFiles/John-ADC-Git.dir/home/acid/Clones/pico/pico-sdk/src/rp2_common/hardware_flash/flash.c.o
                0x0000000010004d6c                flash_get_unique_id
 *fill*         0x0000000010004db2        0x2 
 .text._hw_endpoint_alloc
                0x0000000010004db4       0x70 CMakeFiles/John-ADC-Git.dir/home/acid/Clones/pico/pico-sdk/lib/tinyusb/src/portable/raspberrypi/rp2040/dcd_rp2040.c.o
 .text.hw_endpoint_init
                0x0000000010004e24       0xc4 CMakeFiles/John-ADC-Git.dir/home/acid/Clones/pico/pico-sdk/lib/tinyusb/src/portable/raspberrypi/rp2040/dcd_rp2040.c.o
 .text.hw_endpoint_xfer
                0x0000000010004ee8       0x20 CMakeFiles/John-ADC-Git.dir/home/acid/Clones/pico/pico-sdk/lib/tinyusb/src/portable/raspberrypi/rp2040/dcd_rp2040.c.o
 .text.dcd_int_enable
                0x0000000010004f08       0x2c CMakeFiles/John-ADC-Git.dir/home/acid/Clones/pico/pico-sdk/lib/tinyusb/src/portable/raspberrypi/rp2040/dcd_rp2040.c.o
                0x0000000010004f08                dcd_int_enable
 .text.dcd_set_address
                0x0000000010004f34       0x2c CMakeFiles/John-ADC-Git.dir/home/acid/Clones/pico/pico-sdk/lib/tinyusb/src/portable/raspberrypi/rp2040/dcd_rp2040.c.o
                0x0000000010004f34                dcd_set_address
 .text.dcd_connect
                0x0000000010004f60       0x10 CMakeFiles/John-ADC-Git.dir/home/acid/Clones/pico/pico-sdk/lib/tinyusb/src/portable/raspberrypi/rp2040/dcd_rp2040.c.o
                0x0000000010004f60                dcd_connect
 .text.dcd_init
                0x0000000010004f70       0x80 CMakeFiles/John-ADC-Git.dir/home/acid/Clones/pico/pico-sdk/lib/tinyusb/src/portable/raspberrypi/rp2040/dcd_rp2040.c.o
                0x0000000010004f70                dcd_init
 .text.dcd_sof_enable
                0x0000000010004ff0       0x1c CMakeFiles/John-ADC-Git.dir/home/acid/Clones/pico/pico-sdk/lib/tinyusb/src/portable/raspberrypi/rp2040/dcd_rp2040.c.o
                0x0000000010004ff0                dcd_sof_enable
 .text.dcd_edpt0_status_complete
                0x000000001000500c       0x1c CMakeFiles/John-ADC-Git.dir/home/acid/Clones/pico/pico-sdk/lib/tinyusb/src/portable/raspberrypi/rp2040/dcd_rp2040.c.o
                0x000000001000500c                dcd_edpt0_status_complete
 .text.dcd_edpt_open
                0x0000000010005028       0x40 CMakeFiles/John-ADC-Git.dir/home/acid/Clones/pico/pico-sdk/lib/tinyusb/src/portable/raspberrypi/rp2040/dcd_rp2040.c.o
                0x0000000010005028                dcd_edpt_open
 .text.dcd_edpt_close_all
                0x0000000010005068        0x8 CMakeFiles/John-ADC-Git.dir/home/acid/Clones/pico/pico-sdk/lib/tinyusb/src/portable/raspberrypi/rp2040/dcd_rp2040.c.o
                0x0000000010005068                dcd_edpt_close_all
 .text.dcd_edpt_xfer
                0x0000000010005070       0x30 CMakeFiles/John-ADC-Git.dir/home/acid/Clones/pico/pico-sdk/lib/tinyusb/src/portable/raspberrypi/rp2040/dcd_rp2040.c.o
                0x0000000010005070                dcd_edpt_xfer
 .text.dcd_edpt_stall
                0x00000000100050a0       0x3c CMakeFiles/John-ADC-Git.dir/home/acid/Clones/pico/pico-sdk/lib/tinyusb/src/portable/raspberrypi/rp2040/dcd_rp2040.c.o
                0x00000000100050a0                dcd_edpt_stall
 .text.dcd_edpt_clear_stall
                0x00000000100050dc       0x30 CMakeFiles/John-ADC-Git.dir/home/acid/Clones/pico/pico-sdk/lib/tinyusb/src/portable/raspberrypi/rp2040/dcd_rp2040.c.o
                0x00000000100050dc                dcd_edpt_clear_stall
 .text.unaligned_memcpy
                0x000000001000510c       0x14 CMakeFiles/John-ADC-Git.dir/home/acid/Clones/pico/pico-sdk/lib/tinyusb/src/portable/raspberrypi/rp2040/rp2040_usb.c.o
 .text.rp2040_usb_init
                0x0000000010005120       0x44 CMakeFiles/John-ADC-Git.dir/home/acid/Clones/pico/pico-sdk/lib/tinyusb/src/portable/raspberrypi/rp2040/rp2040_usb.c.o
                0x0000000010005120                rp2040_usb_init
 .text.hw_endpoint_xfer_start
                0x0000000010005164       0x60 CMakeFiles/John-ADC-Git.dir/home/acid/Clones/pico/pico-sdk/lib/tinyusb/src/portable/raspberrypi/rp2040/rp2040_usb.c.o
                0x0000000010005164                hw_endpoint_xfer_start
 .text.configuration_reset
                0x00000000100051c4       0x84 CMakeFiles/John-ADC-Git.dir/home/acid/Clones/pico/pico-sdk/lib/tinyusb/src/device/usbd.c.o
 .text.usbd_reset
                0x0000000010005248        0xc CMakeFiles/John-ADC-Git.dir/home/acid/Clones/pico/pico-sdk/lib/tinyusb/src/device/usbd.c.o
 .text.invoke_class_control
                0x0000000010005254       0x1a CMakeFiles/John-ADC-Git.dir/home/acid/Clones/pico/pico-sdk/lib/tinyusb/src/device/usbd.c.o
 *fill*         0x000000001000526e        0x2 
 .text.process_set_config
                0x0000000010005270      0x19c CMakeFiles/John-ADC-Git.dir/home/acid/Clones/pico/pico-sdk/lib/tinyusb/src/device/usbd.c.o
 .text.tud_event_hook_cb
                0x000000001000540c        0x2 CMakeFiles/John-ADC-Git.dir/home/acid/Clones/pico/pico-sdk/lib/tinyusb/src/device/usbd.c.o
                0x000000001000540c                tud_event_hook_cb
 .text.tud_sof_cb
                0x000000001000540e        0x2 CMakeFiles/John-ADC-Git.dir/home/acid/Clones/pico/pico-sdk/lib/tinyusb/src/device/usbd.c.o
                0x000000001000540e                tud_sof_cb
 .text.tud_descriptor_device_qualifier_cb
                0x0000000010005410        0x4 CMakeFiles/John-ADC-Git.dir/home/acid/Clones/pico/pico-sdk/lib/tinyusb/src/device/usbd.c.o
                0x0000000010005410                tud_descriptor_device_qualifier_cb
 .text.tud_descriptor_other_speed_configuration_cb
                0x0000000010005414        0x4 CMakeFiles/John-ADC-Git.dir/home/acid/Clones/pico/pico-sdk/lib/tinyusb/src/device/usbd.c.o
                0x0000000010005414                tud_descriptor_other_speed_configuration_cb
 .text.process_get_descriptor
                0x0000000010005418       0xe0 CMakeFiles/John-ADC-Git.dir/home/acid/Clones/pico/pico-sdk/lib/tinyusb/src/device/usbd.c.o
 .text.tud_mount_cb
                0x00000000100054f8        0x2 CMakeFiles/John-ADC-Git.dir/home/acid/Clones/pico/pico-sdk/lib/tinyusb/src/device/usbd.c.o
                0x00000000100054f8                tud_mount_cb
 .text.tud_umount_cb
                0x00000000100054fa        0x2 CMakeFiles/John-ADC-Git.dir/home/acid/Clones/pico/pico-sdk/lib/tinyusb/src/device/usbd.c.o
                0x00000000100054fa                tud_umount_cb
 .text.tud_suspend_cb
                0x00000000100054fc        0x2 CMakeFiles/John-ADC-Git.dir/home/acid/Clones/pico/pico-sdk/lib/tinyusb/src/device/usbd.c.o
                0x00000000100054fc                tud_suspend_cb
 .text.tud_resume_cb
                0x00000000100054fe        0x2 CMakeFiles/John-ADC-Git.dir/home/acid/Clones/pico/pico-sdk/lib/tinyusb/src/device/usbd.c.o
                0x00000000100054fe                tud_resume_cb
 .text.tud_mounted
                0x0000000010005500       0x10 CMakeFiles/John-ADC-Git.dir/home/acid/Clones/pico/pico-sdk/lib/tinyusb/src/device/usbd.c.o
                0x0000000010005500                tud_mounted
 .text.tud_suspended
                0x0000000010005510       0x10 CMakeFiles/John-ADC-Git.dir/home/acid/Clones/pico/pico-sdk/lib/tinyusb/src/device/usbd.c.o
                0x0000000010005510                tud_suspended
 .text.tud_inited
                0x0000000010005520       0x14 CMakeFiles/John-ADC-Git.dir/home/acid/Clones/pico/pico-sdk/lib/tinyusb/src/device/usbd.c.o
                0x0000000010005520                tud_inited
 .text.tud_init
                0x0000000010005534       0xdc CMakeFiles/John-ADC-Git.dir/home/acid/Clones/pico/pico-sdk/lib/tinyusb/src/device/usbd.c.o
                0x0000000010005534                tud_init
 .text.usbd_edpt_open
                0x0000000010005610       0x60 CMakeFiles/John-ADC-Git.dir/home/acid/Clones/pico/pico-sdk/lib/tinyusb/src/device/usbd.c.o
                0x0000000010005610                usbd_edpt_open
 .text.usbd_open_edpt_pair
                0x0000000010005670       0x8c CMakeFiles/John-ADC-Git.dir/home/acid/Clones/pico/pico-sdk/lib/tinyusb/src/device/usbd.c.o
                0x0000000010005670                usbd_open_edpt_pair
 .text.usbd_edpt_claim
                0x00000000100056fc       0x28 CMakeFiles/John-ADC-Git.dir/home/acid/Clones/pico/pico-sdk/lib/tinyusb/src/device/usbd.c.o
                0x00000000100056fc                usbd_edpt_claim
 .text.usbd_edpt_release
                0x0000000010005724       0x28 CMakeFiles/John-ADC-Git.dir/home/acid/Clones/pico/pico-sdk/lib/tinyusb/src/device/usbd.c.o
                0x0000000010005724                usbd_edpt_release
 .text.usbd_edpt_xfer
                0x000000001000574c       0x88 CMakeFiles/John-ADC-Git.dir/home/acid/Clones/pico/pico-sdk/lib/tinyusb/src/device/usbd.c.o
                0x000000001000574c                usbd_edpt_xfer
 .text.usbd_edpt_stall
                0x00000000100057d4       0x34 CMakeFiles/John-ADC-Git.dir/home/acid/Clones/pico/pico-sdk/lib/tinyusb/src/device/usbd.c.o
                0x00000000100057d4                usbd_edpt_stall
 .text.usbd_edpt_clear_stall
                0x0000000010005808       0x34 CMakeFiles/John-ADC-Git.dir/home/acid/Clones/pico/pico-sdk/lib/tinyusb/src/device/usbd.c.o
                0x0000000010005808                usbd_edpt_clear_stall
 .text.usbd_edpt_stalled
                0x000000001000583c       0x1c CMakeFiles/John-ADC-Git.dir/home/acid/Clones/pico/pico-sdk/lib/tinyusb/src/device/usbd.c.o
                0x000000001000583c                usbd_edpt_stalled
 .text.process_control_request
                0x0000000010005858      0x394 CMakeFiles/John-ADC-Git.dir/home/acid/Clones/pico/pico-sdk/lib/tinyusb/src/device/usbd.c.o
 .text.tud_task_ext
                0x0000000010005bec      0x1d4 CMakeFiles/John-ADC-Git.dir/home/acid/Clones/pico/pico-sdk/lib/tinyusb/src/device/usbd.c.o
                0x0000000010005bec                tud_task_ext
 .text._data_stage_xact
                0x0000000010005dc0       0x60 CMakeFiles/John-ADC-Git.dir/home/acid/Clones/pico/pico-sdk/lib/tinyusb/src/device/usbd_control.c.o
 .text.tud_control_status
                0x0000000010005e20       0x38 CMakeFiles/John-ADC-Git.dir/home/acid/Clones/pico/pico-sdk/lib/tinyusb/src/device/usbd_control.c.o
                0x0000000010005e20                tud_control_status
 .text.tud_control_xfer
                0x0000000010005e58       0xa8 CMakeFiles/John-ADC-Git.dir/home/acid/Clones/pico/pico-sdk/lib/tinyusb/src/device/usbd_control.c.o
                0x0000000010005e58                tud_control_xfer
 .text.usbd_control_reset
                0x0000000010005f00       0x14 CMakeFiles/John-ADC-Git.dir/home/acid/Clones/pico/pico-sdk/lib/tinyusb/src/device/usbd_control.c.o
                0x0000000010005f00                usbd_control_reset
 .text.usbd_control_set_complete_callback
                0x0000000010005f14        0xc CMakeFiles/John-ADC-Git.dir/home/acid/Clones/pico/pico-sdk/lib/tinyusb/src/device/usbd_control.c.o
                0x0000000010005f14                usbd_control_set_complete_callback
 .text.usbd_control_set_request
                0x0000000010005f20       0x1c CMakeFiles/John-ADC-Git.dir/home/acid/Clones/pico/pico-sdk/lib/tinyusb/src/device/usbd_control.c.o
                0x0000000010005f20                usbd_control_set_request
 .text.usbd_control_xfer_cb
                0x0000000010005f3c       0xf4 CMakeFiles/John-ADC-Git.dir/home/acid/Clones/pico/pico-sdk/lib/tinyusb/src/device/usbd_control.c.o
                0x0000000010005f3c                usbd_control_xfer_cb
 .text._prep_out_transaction
                0x0000000010006030       0x70 CMakeFiles/John-ADC-Git.dir/home/acid/Clones/pico/pico-sdk/lib/tinyusb/src/class/cdc/cdc_device.c.o
 .text.tud_cdc_n_connected
                0x00000000100060a0       0x48 CMakeFiles/John-ADC-Git.dir/home/acid/Clones/pico/pico-sdk/lib/tinyusb/src/class/cdc/cdc_device.c.o
                0x00000000100060a0                tud_cdc_n_connected
 .text.tud_cdc_n_available
                0x00000000100060e8       0x20 CMakeFiles/John-ADC-Git.dir/home/acid/Clones/pico/pico-sdk/lib/tinyusb/src/class/cdc/cdc_device.c.o
                0x00000000100060e8                tud_cdc_n_available
 .text.tud_cdc_n_read
                0x0000000010006108       0x40 CMakeFiles/John-ADC-Git.dir/home/acid/Clones/pico/pico-sdk/lib/tinyusb/src/class/cdc/cdc_device.c.o
                0x0000000010006108                tud_cdc_n_read
 .text.tud_cdc_n_write_flush
                0x0000000010006148       0xdc CMakeFiles/John-ADC-Git.dir/home/acid/Clones/pico/pico-sdk/lib/tinyusb/src/class/cdc/cdc_device.c.o
                0x0000000010006148                tud_cdc_n_write_flush
 .text.tud_cdc_n_write
                0x0000000010006224       0x4c CMakeFiles/John-ADC-Git.dir/home/acid/Clones/pico/pico-sdk/lib/tinyusb/src/class/cdc/cdc_device.c.o
                0x0000000010006224                tud_cdc_n_write
 .text.tud_cdc_n_write_available
                0x0000000010006270       0x20 CMakeFiles/John-ADC-Git.dir/home/acid/Clones/pico/pico-sdk/lib/tinyusb/src/class/cdc/cdc_device.c.o
                0x0000000010006270                tud_cdc_n_write_available
 .text.cdcd_init
                0x0000000010006290       0xc8 CMakeFiles/John-ADC-Git.dir/home/acid/Clones/pico/pico-sdk/lib/tinyusb/src/class/cdc/cdc_device.c.o
                0x0000000010006290                cdcd_init
 .text.cdcd_deinit
                0x0000000010006358       0x5c CMakeFiles/John-ADC-Git.dir/home/acid/Clones/pico/pico-sdk/lib/tinyusb/src/class/cdc/cdc_device.c.o
                0x0000000010006358                cdcd_deinit
 .text.cdcd_reset
                0x00000000100063b4       0x88 CMakeFiles/John-ADC-Git.dir/home/acid/Clones/pico/pico-sdk/lib/tinyusb/src/class/cdc/cdc_device.c.o
                0x00000000100063b4                cdcd_reset
 .text.cdcd_open
                0x000000001000643c      0x104 CMakeFiles/John-ADC-Git.dir/home/acid/Clones/pico/pico-sdk/lib/tinyusb/src/class/cdc/cdc_device.c.o
                0x000000001000643c                cdcd_open
 .text.cdcd_control_xfer_cb
                0x0000000010006540      0x130 CMakeFiles/John-ADC-Git.dir/home/acid/Clones/pico/pico-sdk/lib/tinyusb/src/class/cdc/cdc_device.c.o
                0x0000000010006540                cdcd_control_xfer_cb
 .text.cdcd_xfer_cb
                0x0000000010006670      0x140 CMakeFiles/John-ADC-Git.dir/home/acid/Clones/pico/pico-sdk/lib/tinyusb/src/class/cdc/cdc_device.c.o
                0x0000000010006670                cdcd_xfer_cb
 .text._prep_out_transaction
                0x00000000100067b0       0x3a CMakeFiles/John-ADC-Git.dir/home/acid/Clones/pico/pico-sdk/lib/tinyusb/src/class/vendor/vendor_device.c.o
 *fill*         0x00000000100067ea        0x2 
 .text.tud_vendor_n_write_flush
                0x00000000100067ec       0xcc CMakeFiles/John-ADC-Git.dir/home/acid/Clones/pico/pico-sdk/lib/tinyusb/src/class/vendor/vendor_device.c.o
                0x00000000100067ec                tud_vendor_n_write_flush
 .text.vendord_init
                0x00000000100068b8       0xa0 CMakeFiles/John-ADC-Git.dir/home/acid/Clones/pico/pico-sdk/lib/tinyusb/src/class/vendor/vendor_device.c.o
                0x00000000100068b8                vendord_init
 .text.vendord_deinit
                0x0000000010006958       0x50 CMakeFiles/John-ADC-Git.dir/home/acid/Clones/pico/pico-sdk/lib/tinyusb/src/class/vendor/vendor_device.c.o
                0x0000000010006958                vendord_deinit
 .text.vendord_reset
                0x00000000100069a8       0x38 CMakeFiles/John-ADC-Git.dir/home/acid/Clones/pico/pico-sdk/lib/tinyusb/src/class/vendor/vendor_device.c.o
                0x00000000100069a8                vendord_reset
 .text.vendord_open
                0x00000000100069e0       0xd8 CMakeFiles/John-ADC-Git.dir/home/acid/Clones/pico/pico-sdk/lib/tinyusb/src/class/vendor/vendor_device.c.o
                0x00000000100069e0                vendord_open
 .text.vendord_xfer_cb
                0x0000000010006ab8       0xc8 CMakeFiles/John-ADC-Git.dir/home/acid/Clones/pico/pico-sdk/lib/tinyusb/src/class/vendor/vendor_device.c.o
                0x0000000010006ab8                vendord_xfer_cb
 .text.tusb_init
                0x0000000010006b80       0x24 CMakeFiles/John-ADC-Git.dir/home/acid/Clones/pico/pico-sdk/lib/tinyusb/src/tusb.c.o
                0x0000000010006b80                tusb_init
 .text.tu_edpt_claim
                0x0000000010006ba4       0x50 CMakeFiles/John-ADC-Git.dir/home/acid/Clones/pico/pico-sdk/lib/tinyusb/src/tusb.c.o
                0x0000000010006ba4                tu_edpt_claim
 .text.tu_edpt_release
                0x0000000010006bf4       0x3c CMakeFiles/John-ADC-Git.dir/home/acid/Clones/pico/pico-sdk/lib/tinyusb/src/tusb.c.o
                0x0000000010006bf4                tu_edpt_release
 .text.tu_edpt_validate
                0x0000000010006c30       0xac CMakeFiles/John-ADC-Git.dir/home/acid/Clones/pico/pico-sdk/lib/tinyusb/src/tusb.c.o
                0x0000000010006c30                tu_edpt_validate
 .text.tu_edpt_bind_driver
                0x0000000010006cdc       0x26 CMakeFiles/John-ADC-Git.dir/home/acid/Clones/pico/pico-sdk/lib/tinyusb/src/tusb.c.o
                0x0000000010006cdc                tu_edpt_bind_driver
 .text.advance_index
                0x0000000010006d02       0x1a CMakeFiles/John-ADC-Git.dir/home/acid/Clones/pico/pico-sdk/lib/tinyusb/src/common/tusb_fifo.c.o
 .text._tu_fifo_peek
                0x0000000010006d1c       0x56 CMakeFiles/John-ADC-Git.dir/home/acid/Clones/pico/pico-sdk/lib/tinyusb/src/common/tusb_fifo.c.o
 .text._ff_pull_n
                0x0000000010006d72       0x68 CMakeFiles/John-ADC-Git.dir/home/acid/Clones/pico/pico-sdk/lib/tinyusb/src/common/tusb_fifo.c.o
 .text._tu_fifo_peek_n
                0x0000000010006dda       0x6a CMakeFiles/John-ADC-Git.dir/home/acid/Clones/pico/pico-sdk/lib/tinyusb/src/common/tusb_fifo.c.o
 .text._tu_fifo_read_n
                0x0000000010006e44       0x4e CMakeFiles/John-ADC-Git.dir/home/acid/Clones/pico/pico-sdk/lib/tinyusb/src/common/tusb_fifo.c.o
 .text._ff_push_n
                0x0000000010006e92       0x68 CMakeFiles/John-ADC-Git.dir/home/acid/Clones/pico/pico-sdk/lib/tinyusb/src/common/tusb_fifo.c.o
 .text._tu_fifo_write_n
                0x0000000010006efa       0xf0 CMakeFiles/John-ADC-Git.dir/home/acid/Clones/pico/pico-sdk/lib/tinyusb/src/common/tusb_fifo.c.o
 .text.tu_fifo_config
                0x0000000010006fea       0x7c CMakeFiles/John-ADC-Git.dir/home/acid/Clones/pico/pico-sdk/lib/tinyusb/src/common/tusb_fifo.c.o
                0x0000000010006fea                tu_fifo_config
 .text.tu_fifo_count
                0x0000000010007066       0x2a CMakeFiles/John-ADC-Git.dir/home/acid/Clones/pico/pico-sdk/lib/tinyusb/src/common/tusb_fifo.c.o
                0x0000000010007066                tu_fifo_count
 .text.tu_fifo_empty
                0x0000000010007090       0x10 CMakeFiles/John-ADC-Git.dir/home/acid/Clones/pico/pico-sdk/lib/tinyusb/src/common/tusb_fifo.c.o
                0x0000000010007090                tu_fifo_empty
 .text.tu_fifo_full
                0x00000000100070a0       0x28 CMakeFiles/John-ADC-Git.dir/home/acid/Clones/pico/pico-sdk/lib/tinyusb/src/common/tusb_fifo.c.o
                0x00000000100070a0                tu_fifo_full
 .text.tu_fifo_remaining
                0x00000000100070c8       0x2c CMakeFiles/John-ADC-Git.dir/home/acid/Clones/pico/pico-sdk/lib/tinyusb/src/common/tusb_fifo.c.o
                0x00000000100070c8                tu_fifo_remaining
 .text.tu_fifo_read
                0x00000000100070f4       0x42 CMakeFiles/John-ADC-Git.dir/home/acid/Clones/pico/pico-sdk/lib/tinyusb/src/common/tusb_fifo.c.o
                0x00000000100070f4                tu_fifo_read
 .text.tu_fifo_read_n
                0x0000000010007136        0xa CMakeFiles/John-ADC-Git.dir/home/acid/Clones/pico/pico-sdk/lib/tinyusb/src/common/tusb_fifo.c.o
                0x0000000010007136                tu_fifo_read_n
 .text.tu_fifo_write
                0x0000000010007140       0x64 CMakeFiles/John-ADC-Git.dir/home/acid/Clones/pico/pico-sdk/lib/tinyusb/src/common/tusb_fifo.c.o
                0x0000000010007140                tu_fifo_write
 .text.tu_fifo_write_n
                0x00000000100071a4        0xa CMakeFiles/John-ADC-Git.dir/home/acid/Clones/pico/pico-sdk/lib/tinyusb/src/common/tusb_fifo.c.o
                0x00000000100071a4                tu_fifo_write_n
 .text.tu_fifo_clear
                0x00000000100071ae       0x3e CMakeFiles/John-ADC-Git.dir/home/acid/Clones/pico/pico-sdk/lib/tinyusb/src/common/tusb_fifo.c.o
                0x00000000100071ae                tu_fifo_clear
 .text.tu_fifo_set_overwritable
                0x00000000100071ec       0x46 CMakeFiles/John-ADC-Git.dir/home/acid/Clones/pico/pico-sdk/lib/tinyusb/src/common/tusb_fifo.c.o
                0x00000000100071ec                tu_fifo_set_overwritable
 *fill*         0x0000000010007232        0x2 
 .text.spi_set_baudrate
                0x0000000010007234       0xb4 CMakeFiles/John-ADC-Git.dir/home/acid/Clones/pico/pico-sdk/src/rp2_common/hardware_spi/spi.c.o
                0x0000000010007234                spi_set_baudrate
 .text.spi_init
                0x00000000100072e8       0x8c CMakeFiles/John-ADC-Git.dir/home/acid/Clones/pico/pico-sdk/src/rp2_common/hardware_spi/spi.c.o
                0x00000000100072e8                spi_init
 .text.dma_claim_unused_channel
                0x0000000010007374       0x20 CMakeFiles/John-ADC-Git.dir/home/acid/Clones/pico/pico-sdk/src/rp2_common/hardware_dma/dma.c.o
                0x0000000010007374                dma_claim_unused_channel
 .text.core1_trampoline
                0x0000000010007394        0x2 CMakeFiles/John-ADC-Git.dir/home/acid/Clones/pico/pico-sdk/src/rp2_common/pico_multicore/multicore.c.o
 .text.core1_wrapper
                0x0000000010007396        0xc CMakeFiles/John-ADC-Git.dir/home/acid/Clones/pico/pico-sdk/src/rp2_common/pico_multicore/multicore.c.o
                0x0000000010007396                core1_wrapper
 .text.multicore_fifo_push_blocking
                0x00000000100073a2       0x14 CMakeFiles/John-ADC-Git.dir/home/acid/Clones/pico/pico-sdk/src/rp2_common/pico_multicore/multicore.c.o
                0x00000000100073a2                multicore_fifo_push_blocking
 .text.multicore_fifo_pop_blocking
                0x00000000100073b6       0x16 CMakeFiles/John-ADC-Git.dir/home/acid/Clones/pico/pico-sdk/src/rp2_common/pico_multicore/multicore.c.o
                0x00000000100073b6                multicore_fifo_pop_blocking
 .text.multicore_launch_core1_raw
                0x00000000100073cc       0x6e CMakeFiles/John-ADC-Git.dir/home/acid/Clones/pico/pico-sdk/src/rp2_common/pico_multicore/multicore.c.o
                0x00000000100073cc                multicore_launch_core1_raw
 *fill*         0x000000001000743a        0x2 
 .text.multicore_launch_core1_with_stack
                0x000000001000743c       0x50 CMakeFiles/John-ADC-Git.dir/home/acid/Clones/pico/pico-sdk/src/rp2_common/pico_multicore/multicore.c.o
                0x000000001000743c                multicore_launch_core1_with_stack
 .text.multicore_launch_core1
                0x000000001000748c       0x24 CMakeFiles/John-ADC-Git.dir/home/acid/Clones/pico/pico-sdk/src/rp2_common/pico_multicore/multicore.c.o
                0x000000001000748c                multicore_launch_core1
 .text.__sflush_r
                0x00000000100074b0      0x140 /home/acid/pico/gcc-arm-none-eabi-10.3-2021.10/bin/../lib/gcc/arm-none-eabi/10.3.1/../../../../arm-none-eabi/lib/thumb/v6-m/nofp/libg.a(lib_a-fflush.o)
                0x00000000100074b0                __sflush_r
 .text._fflush_r
                0x00000000100075f0       0x6c /home/acid/pico/gcc-arm-none-eabi-10.3-2021.10/bin/../lib/gcc/arm-none-eabi/10.3.1/../../../../arm-none-eabi/lib/thumb/v6-m/nofp/libg.a(lib_a-fflush.o)
                0x00000000100075f0                _fflush_r
 .text.fflush   0x000000001000765c       0x78 /home/acid/pico/gcc-arm-none-eabi-10.3-2021.10/bin/../lib/gcc/arm-none-eabi/10.3.1/../../../../arm-none-eabi/lib/thumb/v6-m/nofp/libg.a(lib_a-fflush.o)
                0x000000001000765c                fflush
 .text._cleanup_r
                0x00000000100076d4       0x10 /home/acid/pico/gcc-arm-none-eabi-10.3-2021.10/bin/../lib/gcc/arm-none-eabi/10.3.1/../../../../arm-none-eabi/lib/thumb/v6-m/nofp/libg.a(lib_a-findfp.o)
                0x00000000100076d4                _cleanup_r
 .text.__sinit  0x00000000100076e4      0x120 /home/acid/pico/gcc-arm-none-eabi-10.3-2021.10/bin/../lib/gcc/arm-none-eabi/10.3.1/../../../../arm-none-eabi/lib/thumb/v6-m/nofp/libg.a(lib_a-findfp.o)
                0x00000000100076e4                __sinit
 .text.__sfp_lock_acquire
                0x0000000010007804       0x10 /home/acid/pico/gcc-arm-none-eabi-10.3-2021.10/bin/../lib/gcc/arm-none-eabi/10.3.1/../../../../arm-none-eabi/lib/thumb/v6-m/nofp/libg.a(lib_a-findfp.o)
                0x0000000010007804                __sfp_lock_acquire
 .text.__sfp_lock_release
                0x0000000010007814       0x10 /home/acid/pico/gcc-arm-none-eabi-10.3-2021.10/bin/../lib/gcc/arm-none-eabi/10.3.1/../../../../arm-none-eabi/lib/thumb/v6-m/nofp/libg.a(lib_a-findfp.o)
                0x0000000010007814                __sfp_lock_release
 .text._malloc_trim_r
                0x0000000010007824       0x9c /home/acid/pico/gcc-arm-none-eabi-10.3-2021.10/bin/../lib/gcc/arm-none-eabi/10.3.1/../../../../arm-none-eabi/lib/thumb/v6-m/nofp/libg.a(lib_a-freer.o)
                0x0000000010007824                _malloc_trim_r
 .text._free_r  0x00000000100078c0      0x1c4 /home/acid/pico/gcc-arm-none-eabi-10.3-2021.10/bin/../lib/gcc/arm-none-eabi/10.3.1/../../../../arm-none-eabi/lib/thumb/v6-m/nofp/libg.a(lib_a-freer.o)
                0x00000000100078c0                _free_r
 .text._fwalk_reent
                0x0000000010007a84       0x48 /home/acid/pico/gcc-arm-none-eabi-10.3-2021.10/bin/../lib/gcc/arm-none-eabi/10.3.1/../../../../arm-none-eabi/lib/thumb/v6-m/nofp/libg.a(lib_a-fwalk.o)
                0x0000000010007a84                _fwalk_reent
 .text._fwrite_r
                0x0000000010007acc       0xb0 /home/acid/pico/gcc-arm-none-eabi-10.3-2021.10/bin/../lib/gcc/arm-none-eabi/10.3.1/../../../../arm-none-eabi/lib/thumb/v6-m/nofp/libg.a(lib_a-fwrite.o)
                0x0000000010007acc                _fwrite_r
 .text.fwrite   0x0000000010007b7c       0x20 /home/acid/pico/gcc-arm-none-eabi-10.3-2021.10/bin/../lib/gcc/arm-none-eabi/10.3.1/../../../../arm-none-eabi/lib/thumb/v6-m/nofp/libg.a(lib_a-fwrite.o)
                0x0000000010007b7c                fwrite
 .text.__retarget_lock_init_recursive
                0x0000000010007b9c        0x4 /home/acid/pico/gcc-arm-none-eabi-10.3-2021.10/bin/../lib/gcc/arm-none-eabi/10.3.1/../../../../arm-none-eabi/lib/thumb/v6-m/nofp/libg.a(lib_a-lock.o)
                0x0000000010007b9c                __retarget_lock_init_recursive
 .text.__retarget_lock_close_recursive
                0x0000000010007ba0        0x4 /home/acid/pico/gcc-arm-none-eabi-10.3-2021.10/bin/../lib/gcc/arm-none-eabi/10.3.1/../../../../arm-none-eabi/lib/thumb/v6-m/nofp/libg.a(lib_a-lock.o)
                0x0000000010007ba0                __retarget_lock_close_recursive
 .text.__retarget_lock_acquire_recursive
                0x0000000010007ba4        0x4 /home/acid/pico/gcc-arm-none-eabi-10.3-2021.10/bin/../lib/gcc/arm-none-eabi/10.3.1/../../../../arm-none-eabi/lib/thumb/v6-m/nofp/libg.a(lib_a-lock.o)
                0x0000000010007ba4                __retarget_lock_acquire_recursive
 .text.__retarget_lock_release_recursive
                0x0000000010007ba8        0x4 /home/acid/pico/gcc-arm-none-eabi-10.3-2021.10/bin/../lib/gcc/arm-none-eabi/10.3.1/../../../../arm-none-eabi/lib/thumb/v6-m/nofp/libg.a(lib_a-lock.o)
                0x0000000010007ba8                __retarget_lock_release_recursive
 .text._malloc_r
                0x0000000010007bac      0x584 /home/acid/pico/gcc-arm-none-eabi-10.3-2021.10/bin/../lib/gcc/arm-none-eabi/10.3.1/../../../../arm-none-eabi/lib/thumb/v6-m/nofp/libg.a(lib_a-mallocr.o)
                0x0000000010007bac                _malloc_r
 .text.__malloc_lock
                0x0000000010008130       0x10 /home/acid/pico/gcc-arm-none-eabi-10.3-2021.10/bin/../lib/gcc/arm-none-eabi/10.3.1/../../../../arm-none-eabi/lib/thumb/v6-m/nofp/libg.a(lib_a-mlock.o)
                0x0000000010008130                __malloc_lock
 .text.__malloc_unlock
                0x0000000010008140       0x10 /home/acid/pico/gcc-arm-none-eabi-10.3-2021.10/bin/../lib/gcc/arm-none-eabi/10.3.1/../../../../arm-none-eabi/lib/thumb/v6-m/nofp/libg.a(lib_a-mlock.o)
                0x0000000010008140                __malloc_unlock
 .text._realloc_r
                0x0000000010008150      0x354 /home/acid/pico/gcc-arm-none-eabi-10.3-2021.10/bin/../lib/gcc/arm-none-eabi/10.3.1/../../../../arm-none-eabi/lib/thumb/v6-m/nofp/libg.a(lib_a-reallocr.o)
                0x0000000010008150                _realloc_r
 .text._sbrk_r  0x00000000100084a4       0x24 /home/acid/pico/gcc-arm-none-eabi-10.3-2021.10/bin/../lib/gcc/arm-none-eabi/10.3.1/../../../../arm-none-eabi/lib/thumb/v6-m/nofp/libg.a(lib_a-sbrkr.o)
                0x00000000100084a4                _sbrk_r
 .text.__sread  0x00000000100084c8       0x28 /home/acid/pico/gcc-arm-none-eabi-10.3-2021.10/bin/../lib/gcc/arm-none-eabi/10.3.1/../../../../arm-none-eabi/lib/thumb/v6-m/nofp/libg.a(lib_a-stdio.o)
                0x00000000100084c8                __sread
 .text.__swrite
                0x00000000100084f0       0x40 /home/acid/pico/gcc-arm-none-eabi-10.3-2021.10/bin/../lib/gcc/arm-none-eabi/10.3.1/../../../../arm-none-eabi/lib/thumb/v6-m/nofp/libg.a(lib_a-stdio.o)
                0x00000000100084f0                __swrite
 .text.__sseek  0x0000000010008530       0x2c /home/acid/pico/gcc-arm-none-eabi-10.3-2021.10/bin/../lib/gcc/arm-none-eabi/10.3.1/../../../../arm-none-eabi/lib/thumb/v6-m/nofp/libg.a(lib_a-stdio.o)
                0x0000000010008530                __sseek
 .text.__sclose
                0x000000001000855c        0xc /home/acid/pico/gcc-arm-none-eabi-10.3-2021.10/bin/../lib/gcc/arm-none-eabi/10.3.1/../../../../arm-none-eabi/lib/thumb/v6-m/nofp/libg.a(lib_a-stdio.o)
                0x000000001000855c                __sclose
 .text.strlen   0x0000000010008568       0x5c /home/acid/pico/gcc-arm-none-eabi-10.3-2021.10/bin/../lib/gcc/arm-none-eabi/10.3.1/../../../../arm-none-eabi/lib/thumb/v6-m/nofp/libg.a(lib_a-strlen-stub.o)
                0x0000000010008568                strlen
 .text._write_r
                0x00000000100085c4       0x28 /home/acid/pico/gcc-arm-none-eabi-10.3-2021.10/bin/../lib/gcc/arm-none-eabi/10.3.1/../../../../arm-none-eabi/lib/thumb/v6-m/nofp/libg.a(lib_a-writer.o)
                0x00000000100085c4                _write_r
 .text._close_r
                0x00000000100085ec       0x24 /home/acid/pico/gcc-arm-none-eabi-10.3-2021.10/bin/../lib/gcc/arm-none-eabi/10.3.1/../../../../arm-none-eabi/lib/thumb/v6-m/nofp/libg.a(lib_a-closer.o)
                0x00000000100085ec                _close_r
 .text._fclose_r
                0x0000000010008610       0xdc /home/acid/pico/gcc-arm-none-eabi-10.3-2021.10/bin/../lib/gcc/arm-none-eabi/10.3.1/../../../../arm-none-eabi/lib/thumb/v6-m/nofp/libg.a(lib_a-fclose.o)
                0x0000000010008610                _fclose_r
 .text.__sfvwrite_r
                0x00000000100086ec      0x2f4 /home/acid/pico/gcc-arm-none-eabi-10.3-2021.10/bin/../lib/gcc/arm-none-eabi/10.3.1/../../../../arm-none-eabi/lib/thumb/v6-m/nofp/libg.a(lib_a-fvwrite.o)
                0x00000000100086ec                __sfvwrite_r
 .text._lseek_r
                0x00000000100089e0       0x28 /home/acid/pico/gcc-arm-none-eabi-10.3-2021.10/bin/../lib/gcc/arm-none-eabi/10.3.1/../../../../arm-none-eabi/lib/thumb/v6-m/nofp/libg.a(lib_a-lseekr.o)
                0x00000000100089e0                _lseek_r
 .text.memchr   0x0000000010008a08       0x74 /home/acid/pico/gcc-arm-none-eabi-10.3-2021.10/bin/../lib/gcc/arm-none-eabi/10.3.1/../../../../arm-none-eabi/lib/thumb/v6-m/nofp/libg.a(lib_a-memchr-stub.o)
                0x0000000010008a08                memchr
 .text.memmove  0x0000000010008a7c       0xac /home/acid/pico/gcc-arm-none-eabi-10.3-2021.10/bin/../lib/gcc/arm-none-eabi/10.3.1/../../../../arm-none-eabi/lib/thumb/v6-m/nofp/libg.a(lib_a-memmove.o)
                0x0000000010008a7c                memmove
 .text._read_r  0x0000000010008b28       0x28 /home/acid/pico/gcc-arm-none-eabi-10.3-2021.10/bin/../lib/gcc/arm-none-eabi/10.3.1/../../../../arm-none-eabi/lib/thumb/v6-m/nofp/libg.a(lib_a-readr.o)
                0x0000000010008b28                _read_r
 .text.__swsetup_r
                0x0000000010008b50       0xdc /home/acid/pico/gcc-arm-none-eabi-10.3-2021.10/bin/../lib/gcc/arm-none-eabi/10.3.1/../../../../arm-none-eabi/lib/thumb/v6-m/nofp/libg.a(lib_a-wsetup.o)
                0x0000000010008b50                __swsetup_r
 .text.__smakebuf_r
                0x0000000010008c2c       0xe4 /home/acid/pico/gcc-arm-none-eabi-10.3-2021.10/bin/../lib/gcc/arm-none-eabi/10.3.1/../../../../arm-none-eabi/lib/thumb/v6-m/nofp/libg.a(lib_a-makebuf.o)
                0x0000000010008c2c                __smakebuf_r
 .text._fstat_r
                0x0000000010008d10       0x28 /home/acid/pico/gcc-arm-none-eabi-10.3-2021.10/bin/../lib/gcc/arm-none-eabi/10.3.1/../../../../arm-none-eabi/lib/thumb/v6-m/nofp/libg.a(lib_a-fstatr.o)
                0x0000000010008d10                _fstat_r
 .text._isatty_r
                0x0000000010008d38       0x24 /home/acid/pico/gcc-arm-none-eabi-10.3-2021.10/bin/../lib/gcc/arm-none-eabi/10.3.1/../../../../arm-none-eabi/lib/thumb/v6-m/nofp/libg.a(lib_a-isattyr.o)
                0x0000000010008d38                _isatty_r
 *(.fini)
 .fini          0x0000000010008d5c        0x4 /home/acid/pico/gcc-arm-none-eabi-10.3-2021.10/bin/../lib/gcc/arm-none-eabi/10.3.1/thumb/v6-m/nofp/crti.o
                0x0000000010008d5c                _fini
 .fini.__stub   0x0000000010008d60       0xf0 linker stubs
 *crtbegin.o(.ctors)
 *crtbegin?.o(.ctors)
 *(EXCLUDE_FILE(*crtend.o *crtend?.o) .ctors)
 *(SORT_BY_NAME(.ctors.*))
 *(.ctors)
 *crtbegin.o(.dtors)
 *crtbegin?.o(.dtors)
 *(EXCLUDE_FILE(*crtend.o *crtend?.o) .dtors)
 *(SORT_BY_NAME(.dtors.*))
 *(.dtors)
                0x0000000010008e50                . = ALIGN (0x4)
                0x0000000010008e50                PROVIDE (__preinit_array_start = .)
 *(SORT_BY_NAME(.preinit_array.*))
 .preinit_array.00100
                0x0000000010008e50        0x4 CMakeFiles/John-ADC-Git.dir/home/acid/Clones/pico/pico-sdk/src/rp2_common/pico_runtime_init/runtime_init.c.o
                0x0000000010008e50                __pre_init_runtime_init_early_resets
 .preinit_array.00101
                0x0000000010008e54        0x4 CMakeFiles/John-ADC-Git.dir/home/acid/Clones/pico/pico-sdk/src/rp2_common/pico_runtime_init/runtime_init.c.o
                0x0000000010008e54                __pre_init_runtime_init_usb_power_down
 .preinit_array.00275
                0x0000000010008e58        0x4 CMakeFiles/John-ADC-Git.dir/home/acid/Clones/pico/pico-sdk/src/rp2_common/pico_bit_ops/bit_ops_aeabi.S.o
 .preinit_array.00300
                0x0000000010008e5c        0x4 CMakeFiles/John-ADC-Git.dir/home/acid/Clones/pico/pico-sdk/src/rp2_common/pico_mem_ops/mem_ops_aeabi.S.o
 .preinit_array.00350
                0x0000000010008e60        0x4 CMakeFiles/John-ADC-Git.dir/home/acid/Clones/pico/pico-sdk/src/rp2_common/pico_double/double_aeabi_rp2040.S.o
 .preinit_array.00350
                0x0000000010008e64        0x4 CMakeFiles/John-ADC-Git.dir/home/acid/Clones/pico/pico-sdk/src/rp2_common/pico_float/float_aeabi_rp2040.S.o
 .preinit_array.00500
                0x0000000010008e68        0x4 CMakeFiles/John-ADC-Git.dir/home/acid/Clones/pico/pico-sdk/src/rp2_common/pico_runtime_init/runtime_init.c.o
                0x0000000010008e68                __pre_init_runtime_init_clocks
 .preinit_array.00600
                0x0000000010008e6c        0x4 CMakeFiles/John-ADC-Git.dir/home/acid/Clones/pico/pico-sdk/src/rp2_common/pico_runtime_init/runtime_init.c.o
                0x0000000010008e6c                __pre_init_runtime_init_post_clock_resets
 .preinit_array.00700
                0x0000000010008e70        0x4 CMakeFiles/John-ADC-Git.dir/home/acid/Clones/pico/pico-sdk/src/rp2_common/pico_runtime_init/runtime_init.c.o
                0x0000000010008e70                __pre_init_runtime_init_rp2040_gpio_ie_disable
 .preinit_array.01000
                0x0000000010008e74        0x4 CMakeFiles/John-ADC-Git.dir/home/acid/Clones/pico/pico-sdk/src/rp2_common/pico_runtime_init/runtime_init.c.o
                0x0000000010008e74                __pre_init_runtime_init_spin_locks_reset
 .preinit_array.01100
                0x0000000010008e78        0x4 CMakeFiles/John-ADC-Git.dir/home/acid/Clones/pico/pico-sdk/src/common/pico_sync/mutex.c.o
                0x0000000010008e78                __pre_init_runtime_init_mutex
 .preinit_array.10080
                0x0000000010008e7c        0x4 CMakeFiles/John-ADC-Git.dir/home/acid/Clones/pico/pico-sdk/src/rp2_common/pico_runtime_init/runtime_init.c.o
                0x0000000010008e7c                __pre_init_runtime_init_install_ram_vector_table
 .preinit_array.11000
                0x0000000010008e80        0x4 CMakeFiles/John-ADC-Git.dir/home/acid/Clones/pico/pico-sdk/src/common/pico_time/time.c.o
                0x0000000010008e80                __pre_init_runtime_init_default_alarm_pool
 .preinit_array.YYYYY
                0x0000000010008e84        0x4 CMakeFiles/John-ADC-Git.dir/home/acid/Clones/pico/pico-sdk/src/rp2_common/pico_runtime/runtime.c.o
                0x0000000010008e84                __pre_init_first_per_core_initializer
 .preinit_array.ZZZZZ.01200
                0x0000000010008e88        0x4 CMakeFiles/John-ADC-Git.dir/home/acid/Clones/pico/pico-sdk/src/rp2_common/hardware_irq/irq.c.o
                0x0000000010008e88                __pre_init_runtime_init_per_core_irq_priorities
 *(.preinit_array)
                0x0000000010008e8c                PROVIDE (__preinit_array_end = .)
                0x0000000010008e8c                . = ALIGN (0x4)
                0x0000000010008e8c                PROVIDE (__init_array_start = .)
 *(SORT_BY_NAME(.init_array.*))
 .init_array.01000
                0x0000000010008e8c        0x4 CMakeFiles/John-ADC-Git.dir/home/acid/Clones/pico/pico-sdk/src/rp2_common/pico_unique_id/unique_id.c.o
 *(.init_array)
 .init_array    0x0000000010008e90        0x4 /home/acid/pico/gcc-arm-none-eabi-10.3-2021.10/bin/../lib/gcc/arm-none-eabi/10.3.1/thumb/v6-m/nofp/crtbegin.o
                0x0000000010008e94                PROVIDE (__init_array_end = .)
                0x0000000010008e94                . = ALIGN (0x4)
                [!provide]                        PROVIDE (__fini_array_start = .)
 *(SORT_BY_NAME(.fini_array.*))
 *(.fini_array)
                [!provide]                        PROVIDE (__fini_array_end = .)
 *(.eh_frame*)
 .eh_frame      0x0000000010008e94        0x0 /home/acid/pico/gcc-arm-none-eabi-10.3-2021.10/bin/../lib/gcc/arm-none-eabi/10.3.1/thumb/v6-m/nofp/crtbegin.o
                0x0000000010008e94                . = ALIGN (0x4)

.glue_7         0x0000000010008e94        0x0
 .glue_7        0x0000000010008e94        0x0 linker stubs

.glue_7t        0x0000000010008e94        0x0
 .glue_7t       0x0000000010008e94        0x0 linker stubs

.vfp11_veneer   0x0000000010008e94        0x0
 .vfp11_veneer  0x0000000010008e94        0x0 linker stubs

.v4_bx          0x0000000010008e94        0x0
 .v4_bx         0x0000000010008e94        0x0 linker stubs

.iplt           0x0000000010008e94        0x0
 .iplt          0x0000000010008e94        0x0 /home/acid/pico/gcc-arm-none-eabi-10.3-2021.10/bin/../lib/gcc/arm-none-eabi/10.3.1/thumb/v6-m/nofp/crtbegin.o

.rodata         0x0000000010008e98     0x18c4
 *(EXCLUDE_FILE(*libm.a: *libc.a:*lib_a-mem*.o *libgcc.a:) .rodata*)
 .rodata.drdy_handler.str1.4
                0x0000000010008e98       0x38 CMakeFiles/John-ADC-Git.dir/main.c.o
 .rodata.core1_main.str1.4
                0x0000000010008ed0       0x73 CMakeFiles/John-ADC-Git.dir/main.c.o
 *fill*         0x0000000010008f43        0x1 
 .rodata.read_reg.str1.4
                0x0000000010008f44        0x4 CMakeFiles/John-ADC-Git.dir/main.c.o
 .rodata.verify_config.str1.4
                0x0000000010008f48       0xd6 CMakeFiles/John-ADC-Git.dir/main.c.o
 *fill*         0x000000001000901e        0x2 
 .rodata.main.str1.4
                0x0000000010009020       0x93 CMakeFiles/John-ADC-Git.dir/main.c.o
 *fill*         0x00000000100090b3        0x1 
 .rodata        0x00000000100090b4        0x3 CMakeFiles/John-ADC-Git.dir/main.c.o
 *fill*         0x00000000100090b7        0x1 
 .rodata.__func__.3
                0x00000000100090b8       0x1c CMakeFiles/John-ADC-Git.dir/main.c.o
 .rodata.gpio_set_irq_enabled.str1.4
                0x00000000100090d4       0x70 CMakeFiles/John-ADC-Git.dir/home/acid/Clones/pico/pico-sdk/src/rp2_common/hardware_gpio/gpio.c.o
 .rodata.__func__.4
                0x0000000010009144       0x15 CMakeFiles/John-ADC-Git.dir/home/acid/Clones/pico/pico-sdk/src/rp2_common/hardware_gpio/gpio.c.o
 *fill*         0x0000000010009159        0x3 
 .rodata.rp2040_chip_version.str1.4
                0x000000001000915c       0x79 CMakeFiles/John-ADC-Git.dir/home/acid/Clones/pico/pico-sdk/src/rp2040/pico_platform/platform.c.o
 *fill*         0x00000000100091d5        0x3 
 .rodata.__func__.0
                0x00000000100091d8       0x14 CMakeFiles/John-ADC-Git.dir/home/acid/Clones/pico/pico-sdk/src/rp2040/pico_platform/platform.c.o
 .rodata.panic.str1.4
                0x00000000100091ec       0x10 CMakeFiles/John-ADC-Git.dir/home/acid/Clones/pico/pico-sdk/src/rp2_common/pico_platform_panic/panic.c.o
                                         0x12 (size before relaxing)
 .rodata.spin_lock_claim_unused.str1.4
                0x00000000100091fc       0x1b CMakeFiles/John-ADC-Git.dir/home/acid/Clones/pico/pico-sdk/src/rp2_common/hardware_sync/sync.c.o
 *fill*         0x0000000010009217        0x1 
 .rodata.spin_lock_init.str1.4
                0x0000000010009218       0x74 CMakeFiles/John-ADC-Git.dir/home/acid/Clones/pico/pico-sdk/src/rp2_common/hardware_sync_spin_lock/sync_spin_lock.c.o
 .rodata.__func__.0
                0x000000001000928c        0xf CMakeFiles/John-ADC-Git.dir/home/acid/Clones/pico/pico-sdk/src/rp2_common/hardware_sync_spin_lock/sync_spin_lock.c.o
 *fill*         0x000000001000929b        0x1 
 .rodata.make_j_16.str1.4
                0x000000001000929c       0x72 CMakeFiles/John-ADC-Git.dir/home/acid/Clones/pico/pico-sdk/src/rp2_common/hardware_irq/irq.c.o
 *fill*         0x000000001000930e        0x2 
 .rodata.insert_bl_32.str1.4
                0x0000000010009310       0x10 CMakeFiles/John-ADC-Git.dir/home/acid/Clones/pico/pico-sdk/src/rp2_common/hardware_irq/irq.c.o
 .rodata.irq_set_exclusive_handler.str1.4
                0x0000000010009320       0x36 CMakeFiles/John-ADC-Git.dir/home/acid/Clones/pico/pico-sdk/src/rp2_common/hardware_irq/irq.c.o
 *fill*         0x0000000010009356        0x2 
 .rodata.irq_add_shared_handler.str1.4
                0x0000000010009358       0xe9 CMakeFiles/John-ADC-Git.dir/home/acid/Clones/pico/pico-sdk/src/rp2_common/hardware_irq/irq.c.o
 *fill*         0x0000000010009441        0x3 
 .rodata.irq_remove_handler.str1.4
                0x0000000010009444       0x3a CMakeFiles/John-ADC-Git.dir/home/acid/Clones/pico/pico-sdk/src/rp2_common/hardware_irq/irq.c.o
 *fill*         0x000000001000947e        0x2 
 .rodata.irq_add_tail_to_free_list.str1.4
                0x0000000010009480       0x3a CMakeFiles/John-ADC-Git.dir/home/acid/Clones/pico/pico-sdk/src/rp2_common/hardware_irq/irq.c.o
 *fill*         0x00000000100094ba        0x2 
 .rodata.user_irq_claim_unused.str1.4
                0x00000000100094bc       0x1b CMakeFiles/John-ADC-Git.dir/home/acid/Clones/pico/pico-sdk/src/rp2_common/hardware_irq/irq.c.o
 *fill*         0x00000000100094d7        0x1 
 .rodata.__func__.0
                0x00000000100094d8       0x1a CMakeFiles/John-ADC-Git.dir/home/acid/Clones/pico/pico-sdk/src/rp2_common/hardware_irq/irq.c.o
 *fill*         0x00000000100094f2        0x2 
 .rodata.__func__.1
                0x00000000100094f4        0xd CMakeFiles/John-ADC-Git.dir/home/acid/Clones/pico/pico-sdk/src/rp2_common/hardware_irq/irq.c.o
 *fill*         0x0000000010009501        0x3 
 .rodata.__func__.2