Archive member included to satisfy reference by file (symbol)

/usr/lib/gcc/arm-none-eabi/14.2.0/thumb/v6-m/nofp/libgcc.a(_dvmd_tls.o)
                              CMakeFiles/John-ACD-Code.dir/home/acid/Clones/pico/pico-sdk/src/rp2_common/pico_divider/divider_hardware.S.o (__aeabi_idiv0)
/usr/lib/gcc/arm-none-eabi/14.2.0/../../../../arm-none-eabi/lib/thumb/v6-m/nofp/libg.a(libc_a-atexit.o)
                              /usr/lib/gcc/arm-none-eabi/14.2.0/../../../../arm-none-eabi/lib/thumb/v6-m/nofp/crt0.o (atexit)
/usr/lib/gcc/arm-none-eabi/14.2.0/../../../../arm-none-eabi/lib/thumb/v6-m/nofp/libg.a(libc_a-calloc.o)
                              CMakeFiles/John-ACD-Code.dir/home/acid/Clones/pico/pico-sdk/src/rp2_common/pico_malloc/malloc.c.o (calloc)
/usr/lib/gcc/arm-none-eabi/14.2.0/../../../../arm-none-eabi/lib/thumb/v6-m/nofp/libg.a(libc_a-callocr.o)
                              /usr/lib/gcc/arm-none-eabi/14.2.0/../../../../arm-none-eabi/lib/thumb/v6-m/nofp/libg.a(libc_a-calloc.o) (_calloc_r)
/usr/lib/gcc/arm-none-eabi/14.2.0/../../../../arm-none-eabi/lib/thumb/v6-m/nofp/libg.a(libc_a-malloc.o)
                              CMakeFiles/John-ACD-Code.dir/home/acid/Clones/pico/pico-sdk/src/rp2_common/pico_malloc/malloc.c.o (malloc)
/usr/lib/gcc/arm-none-eabi/14.2.0/../../../../arm-none-eabi/lib/thumb/v6-m/nofp/libg.a(libc_a-mallocr.o)
                              /usr/lib/gcc/arm-none-eabi/14.2.0/../../../../arm-none-eabi/lib/thumb/v6-m/nofp/libg.a(libc_a-callocr.o) (_malloc_r)
/usr/lib/gcc/arm-none-eabi/14.2.0/../../../../arm-none-eabi/lib/thumb/v6-m/nofp/libg.a(libc_a-mlock.o)
                              /usr/lib/gcc/arm-none-eabi/14.2.0/../../../../arm-none-eabi/lib/thumb/v6-m/nofp/libg.a(libc_a-mallocr.o) (__malloc_lock)
/usr/lib/gcc/arm-none-eabi/14.2.0/../../../../arm-none-eabi/lib/thumb/v6-m/nofp/libg.a(libc_a-realloc.o)
                              CMakeFiles/John-ACD-Code.dir/home/acid/Clones/pico/pico-sdk/src/rp2_common/pico_malloc/malloc.c.o (realloc)
/usr/lib/gcc/arm-none-eabi/14.2.0/../../../../arm-none-eabi/lib/thumb/v6-m/nofp/libg.a(libc_a-reallocr.o)
                              /usr/lib/gcc/arm-none-eabi/14.2.0/../../../../arm-none-eabi/lib/thumb/v6-m/nofp/libg.a(libc_a-realloc.o) (_realloc_r)
/usr/lib/gcc/arm-none-eabi/14.2.0/../../../../arm-none-eabi/lib/thumb/v6-m/nofp/libg.a(libc_a-ctype_.o)
                              CMakeFiles/John-ACD-Code.dir/home/acid/Clones/pico/pico-sdk/lib/tinyusb/src/tusb.c.o (_ctype_)
/usr/lib/gcc/arm-none-eabi/14.2.0/../../../../arm-none-eabi/lib/thumb/v6-m/nofp/libg.a(libc_a-memcmp.o)
                              CMakeFiles/John-ACD-Code.dir/home/acid/Clones/pico/pico-sdk/src/rp2_common/pico_atomic/atomic.c.o (memcmp)
/usr/lib/gcc/arm-none-eabi/14.2.0/../../../../arm-none-eabi/lib/thumb/v6-m/nofp/libg.a(libc_a-memmove.o)
                              /usr/lib/gcc/arm-none-eabi/14.2.0/../../../../arm-none-eabi/lib/thumb/v6-m/nofp/libg.a(libc_a-reallocr.o) (memmove)
/usr/lib/gcc/arm-none-eabi/14.2.0/../../../../arm-none-eabi/lib/thumb/v6-m/nofp/libg.a(libc_a-lcltime_r.o)
                              CMakeFiles/John-ACD-Code.dir/home/acid/Clones/pico/pico-sdk/src/common/pico_util/datetime.c.o (localtime_r)
/usr/lib/gcc/arm-none-eabi/14.2.0/../../../../arm-none-eabi/lib/thumb/v6-m/nofp/libg.a(libc_a-mktime.o)
                              CMakeFiles/John-ACD-Code.dir/home/acid/Clones/pico/pico-sdk/src/common/pico_util/datetime.c.o (mktime)
/usr/lib/gcc/arm-none-eabi/14.2.0/../../../../arm-none-eabi/lib/thumb/v6-m/nofp/libg.a(libc_a-month_lengths.o)
                              /usr/lib/gcc/arm-none-eabi/14.2.0/../../../../arm-none-eabi/lib/thumb/v6-m/nofp/libg.a(libc_a-lcltime_r.o) (__month_lengths)
/usr/lib/gcc/arm-none-eabi/14.2.0/../../../../arm-none-eabi/lib/thumb/v6-m/nofp/libg.a(libc_a-tzcalc_limits.o)
                              /usr/lib/gcc/arm-none-eabi/14.2.0/../../../../arm-none-eabi/lib/thumb/v6-m/nofp/libg.a(libc_a-lcltime_r.o) (__tzcalc_limits)
/usr/lib/gcc/arm-none-eabi/14.2.0/../../../../arm-none-eabi/lib/thumb/v6-m/nofp/libg.a(libc_a-tzlock.o)
                              /usr/lib/gcc/arm-none-eabi/14.2.0/../../../../arm-none-eabi/lib/thumb/v6-m/nofp/libg.a(libc_a-lcltime_r.o) (__tz_lock)
/usr/lib/gcc/arm-none-eabi/14.2.0/../../../../arm-none-eabi/lib/thumb/v6-m/nofp/libg.a(libc_a-tzset.o)
                              /usr/lib/gcc/arm-none-eabi/14.2.0/../../../../arm-none-eabi/lib/thumb/v6-m/nofp/libg.a(libc_a-lcltime_r.o) (_tzset_unlocked)
/usr/lib/gcc/arm-none-eabi/14.2.0/../../../../arm-none-eabi/lib/thumb/v6-m/nofp/libg.a(libc_a-tzset_r.o)
                              /usr/lib/gcc/arm-none-eabi/14.2.0/../../../../arm-none-eabi/lib/thumb/v6-m/nofp/libg.a(libc_a-tzset.o) (_tzset_unlocked_r)
/usr/lib/gcc/arm-none-eabi/14.2.0/../../../../arm-none-eabi/lib/thumb/v6-m/nofp/libg.a(libc_a-tzvars.o)
[...]
Memory Configuration

Name             Origin             Length             Attributes
FLASH            0x10000000         0x00200000         xr
RAM              0x20000000         0x00040000         xrw
SCRATCH_X        0x20040000         0x00001000         xrw
SCRATCH_Y        0x20041000         0x00001000         xrw
*default*        0x00000000         0xffffffff

Linker script and memory map

LOAD /usr/lib/gcc/arm-none-eabi/14.2.0/thumb/v6-m/nofp/crti.o
LOAD /usr/lib/gcc/arm-none-eabi/14.2.0/thumb/v6-m/nofp/crtbegin.o
LOAD /usr/lib/gcc/arm-none-eabi/14.2.0/../../../../arm-none-eabi/lib/thumb/v6-m/nofp/crt0.o

.flash_begin    0x10000000        0x0
                0x10000000                        __flash_binary_start = .

.boot2          0x10000000      0x100
                0x10000000                        __boot2_start__ = .
 *(.boot2)
 .boot2         0x10000000      0x100 pico-sdk/src/rp2040/boot_stage2/CMakeFiles/bs2_default_library.dir/bs2_default_padded_checksummed.S.o
                0x10000100                        __boot2_end__ = .
                0x00000001                        ASSERT (((__boot2_end__ - __boot2_start__) == 0x100), ERROR: Pico second stage bootloader must be 256 bytes in size)

.text           0x10000100     0x6920
                0x10000100                        __logical_binary_start = .
 *(.vectors)
 .vectors       0x10000100       0xd4 CMakeFiles/John-ACD-Code.dir/home/acid/Clones/pico/pico-sdk/src/rp2_common/pico_crt0/crt0.S.o
                0x10000100                __vectors
                0x10000100                __VECTOR_TABLE
                0x100001c0                isr_irq30
                0x100001c0                __unhandled_user_irq
                0x100001c0                isr_irq13
                0x100001c0                isr_irq27
                0x100001c0                isr_irq31
                0x100001c0                isr_irq5
                0x100001c0                isr_irq11
                0x100001c0                isr_irq23
                0x100001c0                isr_irq18
                0x100001c0                isr_irq28
                0x100001c0                isr_irq19
                0x100001c0                isr_irq0
                0x100001c0                isr_irq6
                0x100001c0                isr_irq22
                0x100001c0                isr_irq17
                0x100001c0                isr_irq14
                0x100001c0                __vectors_end
                0x100001c0                __default_isrs_start
                0x100001c0                isr_irq2
                0x100001c0                isr_irq10
                0x100001c0                isr_irq8
                0x100001c0                isr_irq24
                0x100001c0                isr_irq1
                0x100001c0                isr_irq7
                0x100001c0                isr_irq21
                0x100001c0                isr_irq20
                0x100001c0                isr_irq15
                0x100001c0                isr_irq25
                0x100001c0                isr_irq4
                0x100001c0                isr_irq16
                0x100001c0                isr_irq29
                0x100001c0                isr_irq26
                0x100001c0                isr_irq3
                0x100001c0                isr_irq12
                0x100001c0                isr_irq9
                0x100001c6                unhandled_user_irq_num_in_r0
                0x100001c8                isr_invalid
                0x100001ca                isr_nmi
                0x100001cc                isr_hardfault
                0x100001ce                isr_svcall
                0x100001d0                isr_pendsv
                0x100001d2                isr_systick
                0x100001d4                __default_isrs_end
 *(.binary_info_header)
 .binary_info_header
                0x100001d4       0x14 CMakeFiles/John-ACD-Code.dir/home/acid/Clones/pico/pico-sdk/src/rp2_common/pico_crt0/crt0.S.o
                0x100001e8                        __binary_info_header_end = .
 *(.embedded_block)
                0x100001e8                        __embedded_block_end = .
 *(.reset)
 .reset         0x100001e8       0x9c CMakeFiles/John-ACD-Code.dir/home/acid/Clones/pico/pico-sdk/src/rp2_common/pico_crt0/crt0.S.o
                0x100001e8                _entry_point
 *(.init)
 .init          0x10000284        0x4 /usr/lib/gcc/arm-none-eabi/14.2.0/thumb/v6-m/nofp/crti.o
                0x10000284                _init
 *(EXCLUDE_FILE(*libm.a: *libc.a:*lib_a-mem*.o *libgcc.a:) .text*)
 .text.frame_dummy
                0x10000288       0x20 /usr/lib/gcc/arm-none-eabi/14.2.0/thumb/v6-m/nofp/crtbegin.o
 .text.channel_config_set_chain_to
                0x100002a8       0x34 CMakeFiles/John-ACD-Code.dir/main.c.o
 .text.dma_channel_get_default_config
                0x100002dc       0x74 CMakeFiles/John-ACD-Code.dir/main.c.o
 .text.channel_config_set_dreq
                0x10000350       0x34 CMakeFiles/John-ACD-Code.dir/main.c.o
 .text.tud_mount_cb
                0x10000384        0x2 CMakeFiles/John-ACD-Code.dir/main.c.o
                0x10000384                tud_mount_cb
 .text.tud_umount_cb
                0x10000386        0x2 CMakeFiles/John-ACD-Code.dir/main.c.o
                0x10000386                tud_umount_cb
 .text.tud_suspend_cb
                0x10000388        0x2 CMakeFiles/John-ACD-Code.dir/main.c.o
                0x10000388                tud_suspend_cb
 .text.tud_resume_cb
                0x1000038a        0x2 CMakeFiles/John-ACD-Code.dir/main.c.o
                0x1000038a                tud_resume_cb
 .text.tud_descriptor_device_cb
                0x1000038c        0x8 CMakeFiles/John-ACD-Code.dir/main.c.o
                0x1000038c                tud_descriptor_device_cb
 .text.tud_descriptor_configuration_cb
                0x10000394        0x8 CMakeFiles/John-ACD-Code.dir/main.c.o
                0x10000394                tud_descriptor_configuration_cb
 .text.tud_descriptor_string_cb
                0x1000039c       0x5c CMakeFiles/John-ACD-Code.dir/main.c.o
                0x1000039c                tud_descriptor_string_cb
 .text.read_adc_dma
                0x100003f8      0x104 CMakeFiles/John-ACD-Code.dir/main.c.o
                0x100003f8                read_adc_dma
 .text.main     0x100004fc      0x114 CMakeFiles/John-ACD-Code.dir/main.c.o
                0x100004fc                main
 .text.gpio_set_function
                0x10000610       0x34 CMakeFiles/John-ACD-Code.dir/home/acid/Clones/pico/pico-sdk/src/rp2_common/hardware_gpio/gpio.c.o
                0x10000610                gpio_set_function
 .text.gpio_init
                0x10000644       0x16 CMakeFiles/John-ACD-Code.dir/home/acid/Clones/pico/pico-sdk/src/rp2_common/hardware_gpio/gpio.c.o
                0x10000644                gpio_init
 *fill*         0x1000065a        0x2 
 .text.rp2040_chip_version
                0x1000065c       0x54 CMakeFiles/John-ACD-Code.dir/home/acid/Clones/pico/pico-sdk/src/rp2040/pico_platform/platform.c.o
                0x1000065c                rp2040_chip_version
 .text.panic    0x100006b0       0x30 CMakeFiles/John-ACD-Code.dir/home/acid/Clones/pico/pico-sdk/src/rp2_common/pico_platform_panic/panic.c.o
                0x100006b0                panic
 .text.hw_claim_lock
                0x100006e0       0x18 CMakeFiles/John-ACD-Code.dir/home/acid/Clones/pico/pico-sdk/src/common/hardware_claim/claim.c.o
                0x100006e0                hw_claim_lock
 .text.hw_claim_unlock
                0x100006f8       0x14 CMakeFiles/John-ACD-Code.dir/home/acid/Clones/pico/pico-sdk/src/common/hardware_claim/claim.c.o
                0x100006f8                hw_claim_unlock
 .text.hw_claim_or_assert
                0x1000070c       0x32 CMakeFiles/John-ACD-Code.dir/home/acid/Clones/pico/pico-sdk/src/common/hardware_claim/claim.c.o
                0x1000070c                hw_claim_or_assert
 .text.hw_claim_unused_from_range
                0x1000073e       0x50 CMakeFiles/John-ACD-Code.dir/home/acid/Clones/pico/pico-sdk/src/common/hardware_claim/claim.c.o
                0x1000073e                hw_claim_unused_from_range
 *fill*         0x1000078e        0x2 
 .text.next_striped_spin_lock_num
                0x10000790       0x1c CMakeFiles/John-ACD-Code.dir/home/acid/Clones/pico/pico-sdk/src/rp2_common/hardware_sync/sync.c.o
                0x10000790                next_striped_spin_lock_num
 .text.spin_lock_claim_unused
                0x100007ac       0x24 CMakeFiles/John-ACD-Code.dir/home/acid/Clones/pico/pico-sdk/src/rp2_common/hardware_sync/sync.c.o
                0x100007ac                spin_lock_claim_unused
 .text.spin_locks_reset
                0x100007d0       0x20 CMakeFiles/John-ACD-Code.dir/home/acid/Clones/pico/pico-sdk/src/rp2_common/hardware_sync_spin_lock/sync_spin_lock.c.o
                0x100007d0                spin_locks_reset
 .text.set_raw_irq_handler_and_unlock
                0x100007f0       0x28 CMakeFiles/John-ACD-Code.dir/home/acid/Clones/pico/pico-sdk/src/rp2_common/hardware_irq/irq.c.o
 .text.nvic_ipr0
                0x10000818        0x8 CMakeFiles/John-ACD-Code.dir/home/acid/Clones/pico/pico-sdk/src/rp2_common/hardware_irq/irq.c.o
 .text.runtime_init_per_core_irq_priorities
                0x10000820       0x1c CMakeFiles/John-ACD-Code.dir/home/acid/Clones/pico/pico-sdk/src/rp2_common/hardware_irq/irq.c.o
                0x10000820                runtime_init_per_core_irq_priorities
 .text.resolve_j_16
                0x1000083c       0x30 CMakeFiles/John-ACD-Code.dir/home/acid/Clones/pico/pico-sdk/src/rp2_common/hardware_irq/irq.c.o
 .text.make_j_16
                0x1000086c       0x48 CMakeFiles/John-ACD-Code.dir/home/acid/Clones/pico/pico-sdk/src/rp2_common/hardware_irq/irq.c.o
 .text.insert_bl_32
                0x100008b4       0x40 CMakeFiles/John-ACD-Code.dir/home/acid/Clones/pico/pico-sdk/src/rp2_common/hardware_irq/irq.c.o
 .text.irq_is_enabled
                0x100008f4       0x18 CMakeFiles/John-ACD-Code.dir/home/acid/Clones/pico/pico-sdk/src/rp2_common/hardware_irq/irq.c.o
                0x100008f4                irq_is_enabled
 .text.irq_set_mask_n_enabled
                0x1000090c       0x1c CMakeFiles/John-ACD-Code.dir/home/acid/Clones/pico/pico-sdk/src/rp2_common/hardware_irq/irq.c.o
                0x1000090c                irq_set_mask_n_enabled
 .text.irq_set_enabled
                0x10000928       0x14 CMakeFiles/John-ACD-Code.dir/home/acid/Clones/pico/pico-sdk/src/rp2_common/hardware_irq/irq.c.o
                0x10000928                irq_set_enabled
 .text.irq_get_vtable_handler
                0x1000093c       0x10 CMakeFiles/John-ACD-Code.dir/home/acid/Clones/pico/pico-sdk/src/rp2_common/hardware_irq/irq.c.o
                0x1000093c                irq_get_vtable_handler
 .text.irq_set_exclusive_handler
                0x1000094c       0x54 CMakeFiles/John-ACD-Code.dir/home/acid/Clones/pico/pico-sdk/src/rp2_common/hardware_irq/irq.c.o
                0x1000094c                irq_set_exclusive_handler
 .text.irq_add_shared_handler
                0x100009a0      0x218 CMakeFiles/John-ACD-Code.dir/home/acid/Clones/pico/pico-sdk/src/rp2_common/hardware_irq/irq.c.o
                0x100009a0                irq_add_shared_handler
 .text.irq_remove_handler
                0x10000bb8      0x18c CMakeFiles/John-ACD-Code.dir/home/acid/Clones/pico/pico-sdk/src/rp2_common/hardware_irq/irq.c.o
                0x10000bb8                irq_remove_handler
 .text.irq_add_tail_to_free_list
                0x10000d44       0xf4 CMakeFiles/John-ACD-Code.dir/home/acid/Clones/pico/pico-sdk/src/rp2_common/hardware_irq/irq.c.o
                0x10000d44                irq_add_tail_to_free_list
 .text.lock_init
                0x10000e38       0x10 CMakeFiles/John-ACD-Code.dir/home/acid/Clones/pico/pico-sdk/src/common/pico_sync/lock_core.c.o
                0x10000e38                lock_init
 .text.mutex_init
                0x10000e48       0x1a CMakeFiles/John-ACD-Code.dir/home/acid/Clones/pico/pico-sdk/src/common/pico_sync/mutex.c.o
                0x10000e48                mutex_init
 .text.recursive_mutex_init
                0x10000e62       0x1e CMakeFiles/John-ACD-Code.dir/home/acid/Clones/pico/pico-sdk/src/common/pico_sync/mutex.c.o
                0x10000e62                recursive_mutex_init
 .text.runtime_init_mutex
                0x10000e80       0x4c CMakeFiles/John-ACD-Code.dir/home/acid/Clones/pico/pico-sdk/src/common/pico_sync/mutex.c.o
                0x10000e80                runtime_init_mutex
 .text.critical_section_init_with_lock_num
                0x10000ecc       0x14 CMakeFiles/John-ACD-Code.dir/home/acid/Clones/pico/pico-sdk/src/common/pico_sync/critical_section.c.o
                0x10000ecc                critical_section_init_with_lock_num
 .text.critical_section_init
                0x10000ee0       0x14 CMakeFiles/John-ACD-Code.dir/home/acid/Clones/pico/pico-sdk/src/common/pico_sync/critical_section.c.o
                0x10000ee0                critical_section_init
 .text.ta_set_timeout
                0x10000ef4       0x24 CMakeFiles/John-ACD-Code.dir/home/acid/Clones/pico/pico-sdk/src/common/pico_time/time.c.o
 .text.make_alarm_id
                0x10000f18        0x6 CMakeFiles/John-ACD-Code.dir/home/acid/Clones/pico/pico-sdk/src/common/pico_time/time.c.o
 *fill*         0x10000f1e        0x2 
 .text.sleep_until_callback
                0x10000f20       0x30 CMakeFiles/John-ACD-Code.dir/home/acid/Clones/pico/pico-sdk/src/common/pico_time/time.c.o
 .text.alarm_pool_irq_handler
                0x10000f50      0x2f0 CMakeFiles/John-ACD-Code.dir/home/acid/Clones/pico/pico-sdk/src/common/pico_time/time.c.o
 .text.ta_enable_irq_handler
                0x10001240       0x2c CMakeFiles/John-ACD-Code.dir/home/acid/Clones/pico/pico-sdk/src/common/pico_time/time.c.o
 .text.alarm_pool_post_alloc_init
                0x1000126c       0x78 CMakeFiles/John-ACD-Code.dir/home/acid/Clones/pico/pico-sdk/src/common/pico_time/time.c.o
 .text.alarm_pool_get_default
                0x100012e4       0x2c CMakeFiles/John-ACD-Code.dir/home/acid/Clones/pico/pico-sdk/src/common/pico_time/time.c.o
                0x100012e4                alarm_pool_get_default
 .text.alarm_pool_add_alarm_at_force_in_context
                0x10001310       0xa4 CMakeFiles/John-ACD-Code.dir/home/acid/Clones/pico/pico-sdk/src/common/pico_time/time.c.o
                0x10001310                alarm_pool_add_alarm_at_force_in_context
 .text.alarm_pool_add_alarm_at
                0x100013b4       0x3c CMakeFiles/John-ACD-Code.dir/home/acid/Clones/pico/pico-sdk/src/common/pico_time/time.c.o
                0x100013b4                alarm_pool_add_alarm_at
 .text.add_alarm_at
                0x100013f0       0x2e CMakeFiles/John-ACD-Code.dir/home/acid/Clones/pico/pico-sdk/src/common/pico_time/time.c.o
 *fill*         0x1000141e        0x2 
 .text.alarm_pool_cancel_alarm
                0x10001420       0x78 CMakeFiles/John-ACD-Code.dir/home/acid/Clones/pico/pico-sdk/src/common/pico_time/time.c.o
                0x10001420                alarm_pool_cancel_alarm
 .text.cancel_alarm
                0x10001498       0x10 CMakeFiles/John-ACD-Code.dir/home/acid/Clones/pico/pico-sdk/src/common/pico_time/time.c.o
 .text.alarm_pool_core_num
                0x100014a8        0x4 CMakeFiles/John-ACD-Code.dir/home/acid/Clones/pico/pico-sdk/src/common/pico_time/time.c.o
                0x100014a8                alarm_pool_core_num
 .text.best_effort_wfe_or_timeout
                0x100014ac      0x11c CMakeFiles/John-ACD-Code.dir/home/acid/Clones/pico/pico-sdk/src/common/pico_time/time.c.o
                0x100014ac                best_effort_wfe_or_timeout
 .text.alarm_pool_get_default_timer
                0x100015c8        0x8 CMakeFiles/John-ACD-Code.dir/home/acid/Clones/pico/pico-sdk/src/common/pico_time/time.c.o
                0x100015c8                alarm_pool_get_default_timer
 .text.runtime_init_default_alarm_pool
                0x100015d0       0x38 CMakeFiles/John-ACD-Code.dir/home/acid/Clones/pico/pico-sdk/src/common/pico_time/time.c.o
                0x100015d0                runtime_init_default_alarm_pool
 .text.timer_hardware_alarm_claim
                0x10001608       0x14 CMakeFiles/John-ACD-Code.dir/home/acid/Clones/pico/pico-sdk/src/rp2_common/hardware_timer/timer.c.o
                0x10001608                timer_hardware_alarm_claim
 .text.timer_time_us_64
                0x1000161c       0x10 CMakeFiles/John-ACD-Code.dir/home/acid/Clones/pico/pico-sdk/src/rp2_common/hardware_timer/timer.c.o
                0x1000161c                timer_time_us_64
 .text.timer_busy_wait_until
                0x1000162c       0x1a CMakeFiles/John-ACD-Code.dir/home/acid/Clones/pico/pico-sdk/src/rp2_common/hardware_timer/timer.c.o
                0x1000162c                timer_busy_wait_until
 .text.timer_busy_wait_us
                0x10001646       0x38 CMakeFiles/John-ACD-Code.dir/home/acid/Clones/pico/pico-sdk/src/rp2_common/hardware_timer/timer.c.o
                0x10001646                timer_busy_wait_us
 *fill*         0x1000167e        0x2 
 .text.time_us_64
                0x10001680       0x10 CMakeFiles/John-ACD-Code.dir/home/acid/Clones/pico/pico-sdk/src/rp2_common/hardware_timer/timer.c.o
                0x10001680                time_us_64
 .text.busy_wait_us
                0x10001690       0x14 CMakeFiles/John-ACD-Code.dir/home/acid/Clones/pico/pico-sdk/src/rp2_common/hardware_timer/timer.c.o
                0x10001690                busy_wait_us
 .text.uart_unreset
                0x100016a4       0x2c CMakeFiles/John-ACD-Code.dir/home/acid/Clones/pico/pico-sdk/src/rp2_common/hardware_uart/uart.c.o
 .text.uart_disable_before_lcr_write
                0x100016d0       0x48 CMakeFiles/John-ACD-Code.dir/home/acid/Clones/pico/pico-sdk/src/rp2_common/hardware_uart/uart.c.o
 .text.uart_write_lcr_bits_masked
                0x10001718       0x20 CMakeFiles/John-ACD-Code.dir/home/acid/Clones/pico/pico-sdk/src/rp2_common/hardware_uart/uart.c.o
 .text.uart_set_baudrate
                0x10001738       0x5c CMakeFiles/John-ACD-Code.dir/home/acid/Clones/pico/pico-sdk/src/rp2_common/hardware_uart/uart.c.o
                0x10001738                uart_set_baudrate
 .text.uart_set_translate_crlf
                0x10001794       0x28 CMakeFiles/John-ACD-Code.dir/home/acid/Clones/pico/pico-sdk/src/rp2_common/hardware_uart/uart.c.o
                0x10001794                uart_set_translate_crlf
 .text.uart_init
                0x100017bc       0x64 CMakeFiles/John-ACD-Code.dir/home/acid/Clones/pico/pico-sdk/src/rp2_common/hardware_uart/uart.c.o
                0x100017bc                uart_init
 .text.clock_configure_internal
                0x10001820       0xc4 CMakeFiles/John-ACD-Code.dir/home/acid/Clones/pico/pico-sdk/src/rp2_common/hardware_clocks/clocks.c.o
 .text.clock_configure_int_divider
                0x100018e4       0x28 CMakeFiles/John-ACD-Code.dir/home/acid/Clones/pico/pico-sdk/src/rp2_common/hardware_clocks/clocks.c.o
                0x100018e4                clock_configure_int_divider
 .text.clock_configure_undivided
                0x1000190c       0x12 CMakeFiles/John-ACD-Code.dir/home/acid/Clones/pico/pico-sdk/src/rp2_common/hardware_clocks/clocks.c.o
                0x1000190c                clock_configure_undivided
 *fill*         0x1000191e        0x2 
 .text.clock_get_hz
                0x10001920        0xc CMakeFiles/John-ACD-Code.dir/home/acid/Clones/pico/pico-sdk/src/rp2_common/hardware_clocks/clocks.c.o
                0x10001920                clock_get_hz
 .text.pll_init
                0x1000192c      0x124 CMakeFiles/John-ACD-Code.dir/home/acid/Clones/pico/pico-sdk/src/rp2_common/hardware_pll/pll.c.o
                0x1000192c                pll_init
 .text.tick_start
                0x10001a50       0x10 CMakeFiles/John-ACD-Code.dir/home/acid/Clones/pico/pico-sdk/src/rp2_common/hardware_ticks/ticks.c.o
                0x10001a50                tick_start
 .text.rom_func_lookup
                0x10001a60       0x10 CMakeFiles/John-ACD-Code.dir/home/acid/Clones/pico/pico-sdk/src/rp2_common/pico_bootrom/bootrom.c.o
                0x10001a60                rom_func_lookup
 .text.rom_data_lookup
                0x10001a70       0x10 CMakeFiles/John-ACD-Code.dir/home/acid/Clones/pico/pico-sdk/src/rp2_common/pico_bootrom/bootrom.c.o
                0x10001a70                rom_data_lookup
 .text.rom_funcs_lookup
                0x10001a80       0x36 CMakeFiles/John-ACD-Code.dir/home/acid/Clones/pico/pico-sdk/src/rp2_common/pico_bootrom/bootrom.c.o
                0x10001a80                rom_funcs_lookup
 *fill*         0x10001ab6        0x2 
 .text.xosc_init
                0x10001ab8       0x2c CMakeFiles/John-ACD-Code.dir/home/acid/Clones/pico/pico-sdk/src/rp2_common/hardware_xosc/xosc.c.o
                0x10001ab8                xosc_init
 .text.runtime_run_initializers_from
                0x10001ae4       0x18 CMakeFiles/John-ACD-Code.dir/home/acid/Clones/pico/pico-sdk/src/rp2_common/pico_runtime/runtime.c.o
 .text.first_per_core_initializer
                0x10001afc        0x2 CMakeFiles/John-ACD-Code.dir/home/acid/Clones/pico/pico-sdk/src/rp2_common/pico_runtime/runtime.c.o
 *fill*         0x10001afe        0x2 
 .text.runtime_run_initializers
                0x10001b00       0x10 CMakeFiles/John-ACD-Code.dir/home/acid/Clones/pico/pico-sdk/src/rp2_common/pico_runtime/runtime.c.o
                0x10001b00                runtime_run_initializers
 .text.runtime_init_early_resets
                0x10001b10       0x2c CMakeFiles/John-ACD-Code.dir/home/acid/Clones/pico/pico-sdk/src/rp2_common/pico_runtime_init/runtime_init.c.o
                0x10001b10                runtime_init_early_resets
 .text.runtime_init_usb_power_down
                0x10001b3c       0x1c CMakeFiles/John-ACD-Code.dir/home/acid/Clones/pico/pico-sdk/src/rp2_common/pico_runtime_init/runtime_init.c.o
                0x10001b3c                runtime_init_usb_power_down
 .text.runtime_init_post_clock_resets
                0x10001b58       0x20 CMakeFiles/John-ACD-Code.dir/home/acid/Clones/pico/pico-sdk/src/rp2_common/pico_runtime_init/runtime_init.c.o
                0x10001b58                runtime_init_post_clock_resets
 .text.runtime_init_rp2040_gpio_ie_disable
                0x10001b78       0x14 CMakeFiles/John-ACD-Code.dir/home/acid/Clones/pico/pico-sdk/src/rp2_common/pico_runtime_init/runtime_init.c.o
                0x10001b78                runtime_init_rp2040_gpio_ie_disable
 .text.runtime_init_spin_locks_reset
                0x10001b8c        0x8 CMakeFiles/John-ACD-Code.dir/home/acid/Clones/pico/pico-sdk/src/rp2_common/pico_runtime_init/runtime_init.c.o
                0x10001b8c                runtime_init_spin_locks_reset
 .text.runtime_init_install_ram_vector_table
                0x10001b94       0x48 CMakeFiles/John-ACD-Code.dir/home/acid/Clones/pico/pico-sdk/src/rp2_common/pico_runtime_init/runtime_init.c.o
                0x10001b94                runtime_init_install_ram_vector_table
 .text.start_all_ticks
                0x10001bdc       0x28 CMakeFiles/John-ACD-Code.dir/home/acid/Clones/pico/pico-sdk/src/rp2_common/pico_runtime_init/runtime_init_clocks.c.o
 .text.runtime_init_clocks
                0x10001c04       0xcc CMakeFiles/John-ACD-Code.dir/home/acid/Clones/pico/pico-sdk/src/rp2_common/pico_runtime_init/runtime_init_clocks.c.o
                0x10001c04                runtime_init_clocks
 .text          0x10001cd0       0x10 CMakeFiles/John-ACD-Code.dir/home/acid/Clones/pico/pico-sdk/src/rp2_common/pico_bit_ops/bit_ops_aeabi.S.o
 .text.__wrap___aeabi_idiv
                0x10001ce0       0x50 CMakeFiles/John-ACD-Code.dir/home/acid/Clones/pico/pico-sdk/src/rp2_common/pico_divider/divider_hardware.S.o
                0x10001ce0                __wrap___aeabi_idivmod
                0x10001ce0                divmod_s32s32
                0x10001ce0                div_s32s32
                0x10001ce0                __wrap___aeabi_idiv
                0x10001ce8                divmod_s32s32_unsafe
                0x10001d14                divmod_s32s32_savestate
 .text.__wrap___aeabi_uidiv
                0x10001d30       0x4c CMakeFiles/John-ACD-Code.dir/home/acid/Clones/pico/pico-sdk/src/rp2_common/pico_divider/divider_hardware.S.o
                0x10001d30                __wrap___aeabi_uidiv
                0x10001d30                __wrap___aeabi_uidivmod
                0x10001d30                div_u32u32
                0x10001d30                divmod_u32u32
                0x10001d38                divmod_u32u32_unsafe
                0x10001d60                divmod_u32u32_savestate
 .text.__wrap___aeabi_ldiv
                0x10001d7c      0x424 CMakeFiles/John-ACD-Code.dir/home/acid/Clones/pico/pico-sdk/src/rp2_common/pico_divider/divider_hardware.S.o
                0x10001d7c                div_s64s64
                0x10001d7c                divmod_s64s64
                0x10001d7c                __wrap___aeabi_ldivmod
                0x10001dac                div_u64u64
                0x10001dac                divmod_u64u64
                0x10001dac                __wrap___aeabi_uldivmod
                0x10001dbc                divmod_u64u64_savestate
                0x10001ddc                divmod_s64s64_unsafe
                0x10001e64                divmod_u64u64_unsafe
 .text.__wrap___aeabi_darithmetic
                0x100021a0       0x80 CMakeFiles/John-ACD-Code.dir/home/acid/Clones/pico/pico-sdk/src/rp2_common/pico_double/double_aeabi_rp2040.S.o
                0x100021a0                __wrap___aeabi_drsub
                0x100021a6                __wrap___aeabi_dsub
                0x100021b8                __wrap___aeabi_dadd
                0x100021ca                __wrap___aeabi_ddiv
                0x10002206                __wrap___aeabi_dmul
 .text.__wrap___aeabi_cdcmple
                0x10002220       0x6c CMakeFiles/John-ACD-Code.dir/home/acid/Clones/pico/pico-sdk/src/rp2_common/pico_double/double_aeabi_rp2040.S.o
                0x10002220                __wrap___aeabi_cdrcmple
                0x10002230                __wrap___aeabi_cdcmple
                0x10002230                __wrap___aeabi_cdcmpeq
 .text.__wrap___aeabi_dcmplt
                0x1000228c        0xc CMakeFiles/John-ACD-Code.dir/home/acid/Clones/pico/pico-sdk/src/rp2_common/pico_double/double_aeabi_rp2040.S.o
                0x1000228c                __wrap___aeabi_dcmplt
 .text.__wrap___aeabi_dcmple
                0x10002298       0x10 CMakeFiles/John-ACD-Code.dir/home/acid/Clones/pico/pico-sdk/src/rp2_common/pico_double/double_aeabi_rp2040.S.o
                0x10002298                __wrap___aeabi_dcmple
 .text.__wrap___aeabi_dcmpge
                0x100022a8       0x10 CMakeFiles/John-ACD-Code.dir/home/acid/Clones/pico/pico-sdk/src/rp2_common/pico_double/double_aeabi_rp2040.S.o
                0x100022a8                __wrap___aeabi_dcmpge
 .text.__wrap___aeabi_dcmpgt
                0x100022b8        0xa CMakeFiles/John-ACD-Code.dir/home/acid/Clones/pico/pico-sdk/src/rp2_common/pico_double/double_aeabi_rp2040.S.o
                0x100022b8                __wrap___aeabi_dcmpgt
 .text.__wrap___aeabi_dcmpun
                0x100022c2       0x18 CMakeFiles/John-ACD-Code.dir/home/acid/Clones/pico/pico-sdk/src/rp2_common/pico_double/double_aeabi_rp2040.S.o
                0x100022c2                __wrap___aeabi_dcmpun
 *fill*         0x100022da        0x2 
 .text.__wrap___aeabi_i2d
                0x100022dc       0x38 CMakeFiles/John-ACD-Code.dir/home/acid/Clones/pico/pico-sdk/src/rp2_common/pico_double/double_aeabi_rp2040.S.o
                0x100022dc                __wrap___aeabi_ui2d
                0x100022dc                uint2double
                0x100022e4                __wrap___aeabi_i2d
                0x100022e4                int2double
 .text.__wrap___aeabi_d2iz
                0x10002314       0x48 CMakeFiles/John-ACD-Code.dir/home/acid/Clones/pico/pico-sdk/src/rp2_common/pico_double/double_aeabi_rp2040.S.o
                0x10002314                __wrap___aeabi_d2iz
                0x10002314                double2int_z
 .text.__wrap___aeabi_d2uiz
                0x1000235c       0x18 CMakeFiles/John-ACD-Code.dir/home/acid/Clones/pico/pico-sdk/src/rp2_common/pico_double/double_aeabi_rp2040.S.o
                0x1000235c                double2uint_z
                0x1000235c                double2uint
                0x1000235c                __wrap___aeabi_d2uiz
 .text.__aeabi_double_init
                0x10002374       0xcc CMakeFiles/John-ACD-Code.dir/home/acid/Clones/pico/pico-sdk/src/rp2_common/pico_double/double_init_rom_rp2040.c.o
                0x10002374                __aeabi_double_init
 .text.double_table_shim_on_use_helper
                0x10002440       0x34 CMakeFiles/John-ACD-Code.dir/home/acid/Clones/pico/pico-sdk/src/rp2_common/pico_double/double_v1_rom_shim_rp2040.S.o
                0x10002440                double_table_shim_on_use_helper
 .text.__wrap___aeabi_dsub
                0x10002474       0x10 CMakeFiles/John-ACD-Code.dir/home/acid/Clones/pico/pico-sdk/src/rp2_common/pico_double/double_v1_rom_shim_rp2040.S.o
                0x10002474                drsub_shim
                0x1000247a                dsub_shim
 .text.dadd_shim
                0x10002484      0x15c CMakeFiles/John-ACD-Code.dir/home/acid/Clones/pico/pico-sdk/src/rp2_common/pico_double/double_v1_rom_shim_rp2040.S.o
                0x10002484                dadd_shim
 .text.dmul_shim
                0x100025e0      0x15c CMakeFiles/John-ACD-Code.dir/home/acid/Clones/pico/pico-sdk/src/rp2_common/pico_double/double_v1_rom_shim_rp2040.S.o
                0x100025e0                dmul_shim
 .text.ddiv_shim
                0x1000273c      0x1b0 CMakeFiles/John-ACD-Code.dir/home/acid/Clones/pico/pico-sdk/src/rp2_common/pico_double/double_v1_rom_shim_rp2040.S.o
                0x1000273c                ddiv_shim
 .text.double2uint_shim
                0x100028ec        0xe CMakeFiles/John-ACD-Code.dir/home/acid/Clones/pico/pico-sdk/src/rp2_common/pico_double/double_v1_rom_shim_rp2040.S.o
                0x100028ec                double2uint_shim
                0x100028ee                double2ufix_shim
 *fill*         0x100028fa        0x2 
 .text.double2uint64_shim
                0x100028fc       0x70 CMakeFiles/John-ACD-Code.dir/home/acid/Clones/pico/pico-sdk/src/rp2_common/pico_double/double_v1_rom_shim_rp2040.S.o
                0x100028fc                double2uint64_shim
                0x100028fe                double2ufix64_shim
                0x1000291e                d2fix_a
 .text.dunpacks
                0x1000296c       0x3c CMakeFiles/John-ACD-Code.dir/home/acid/Clones/pico/pico-sdk/src/rp2_common/pico_double/double_v1_rom_shim_rp2040.S.o
                0x1000296c                dunpacks
 .text.__aeabi_lmul
                0x100029a8       0x32 CMakeFiles/John-ACD-Code.dir/home/acid/Clones/pico/pico-sdk/src/rp2_common/pico_int64_ops/pico_int64_ops_aeabi.S.o
                0x100029a8                __wrap___aeabi_lmul
 *fill*         0x100029da        0x2 
 .text.__aeabi_float_init
                0x100029dc       0xfc CMakeFiles/John-ACD-Code.dir/home/acid/Clones/pico/pico-sdk/src/rp2_common/pico_float/float_init_rom_rp2040.c.o
                0x100029dc                __aeabi_float_init
 .text.float_table_shim_on_use_helper
                0x10002ad8       0x34 CMakeFiles/John-ACD-Code.dir/home/acid/Clones/pico/pico-sdk/src/rp2_common/pico_float/float_v1_rom_shim_rp2040.S.o
                0x10002ad8                float_table_shim_on_use_helper
 .text          0x10002b0c       0x10 CMakeFiles/John-ACD-Code.dir/home/acid/Clones/pico/pico-sdk/src/rp2_common/pico_mem_ops/mem_ops_aeabi.S.o
                0x10002b0c                __aeabi_mem_init
 .text.memset   0x10002b1c        0xc CMakeFiles/John-ACD-Code.dir/home/acid/Clones/pico/pico-sdk/src/rp2_common/pico_mem_ops/mem_ops_aeabi.S.o
                0x10002b1c                __wrap_memset
 .text.memcpy   0x10002b28        0xc CMakeFiles/John-ACD-Code.dir/home/acid/Clones/pico/pico-sdk/src/rp2_common/pico_mem_ops/mem_ops_aeabi.S.o
                0x10002b28                __wrap___aeabi_memcpy
                0x10002b28                __wrap_memcpy
 .text._out_null
                0x10002b34        0x2 CMakeFiles/John-ACD-Code.dir/home/acid/Clones/pico/pico-sdk/src/rp2_common/pico_printf/printf.c.o
 .text._out_fct
                0x10002b36        0xe CMakeFiles/John-ACD-Code.dir/home/acid/Clones/pico/pico-sdk/src/rp2_common/pico_printf/printf.c.o
 .text._atoi    0x10002b44       0x24 CMakeFiles/John-ACD-Code.dir/home/acid/Clones/pico/pico-sdk/src/rp2_common/pico_printf/printf.c.o
 .text._out_rev
                0x10002b68       0xb0 CMakeFiles/John-ACD-Code.dir/home/acid/Clones/pico/pico-sdk/src/rp2_common/pico_printf/printf.c.o
 .text._ntoa_format
                0x10002c18      0x10e CMakeFiles/John-ACD-Code.dir/home/acid/Clones/pico/pico-sdk/src/rp2_common/pico_printf/printf.c.o
 .text._ntoa_long
                0x10002d26       0xbc CMakeFiles/John-ACD-Code.dir/home/acid/Clones/pico/pico-sdk/src/rp2_common/pico_printf/printf.c.o
 .text._ntoa_long_long
                0x10002de2      0x10e CMakeFiles/John-ACD-Code.dir/home/acid/Clones/pico/pico-sdk/src/rp2_common/pico_printf/printf.c.o
 .text._etoa    0x10002ef0      0x424 CMakeFiles/John-ACD-Code.dir/home/acid/Clones/pico/pico-sdk/src/rp2_common/pico_printf/printf.c.o
 .text._ftoa    0x10003314      0x348 CMakeFiles/John-ACD-Code.dir/home/acid/Clones/pico/pico-sdk/src/rp2_common/pico_printf/printf.c.o
 .text._vsnprintf
                0x1000365c      0x6a4 CMakeFiles/John-ACD-Code.dir/home/acid/Clones/pico/pico-sdk/src/rp2_common/pico_printf/printf.c.o
 .text.vfctprintf
                0x10003d00       0x24 CMakeFiles/John-ACD-Code.dir/home/acid/Clones/pico/pico-sdk/src/rp2_common/pico_printf/printf.c.o
                0x10003d00                vfctprintf
 .text._exit    0x10003d24        0x4 CMakeFiles/John-ACD-Code.dir/home/acid/Clones/pico/pico-sdk/src/rp2_common/pico_clib_interface/newlib_interface.c.o
                0x10003d24                _exit
 .text.exit     0x10003d28        0x6 CMakeFiles/John-ACD-Code.dir/home/acid/Clones/pico/pico-sdk/src/rp2_common/pico_clib_interface/newlib_interface.c.o
                0x10003d28                exit
 *fill*         0x10003d2e        0x2 
 .text.__assert_func
                0x10003d30       0x38 CMakeFiles/John-ACD-Code.dir/home/acid/Clones/pico/pico-sdk/src/rp2_common/pico_clib_interface/newlib_interface.c.o
                0x10003d30                __assert_func
 .text.runtime_init
                0x10003d68       0x28 CMakeFiles/John-ACD-Code.dir/home/acid/Clones/pico/pico-sdk/src/rp2_common/pico_clib_interface/newlib_interface.c.o
                0x10003d68                runtime_init
 .text.stdio_out_chars_no_crlf
                0x10003d90        0xe CMakeFiles/John-ACD-Code.dir/home/acid/Clones/pico/pico-sdk/src/rp2_common/pico_stdio/stdio.c.o
 *fill*         0x10003d9e        0x2 
 .text.stdio_out_chars_crlf
                0x10003da0       0x80 CMakeFiles/John-ACD-Code.dir/home/acid/Clones/pico/pico-sdk/src/rp2_common/pico_stdio/stdio.c.o
 .text.stdio_stack_buffer_flush
                0x10003e20       0x44 CMakeFiles/John-ACD-Code.dir/home/acid/Clones/pico/pico-sdk/src/rp2_common/pico_stdio/stdio.c.o
 .text.stdio_buffered_printer
                0x10003e64       0x20 CMakeFiles/John-ACD-Code.dir/home/acid/Clones/pico/pico-sdk/src/rp2_common/pico_stdio/stdio.c.o
 .text.stdout_serialize_begin
                0x10003e84       0x30 CMakeFiles/John-ACD-Code.dir/home/acid/Clones/pico/pico-sdk/src/rp2_common/pico_stdio/stdio.c.o
                0x10003e84                stdout_serialize_begin
 .text.stdout_serialize_end
                0x10003eb4       0x10 CMakeFiles/John-ACD-Code.dir/home/acid/Clones/pico/pico-sdk/src/rp2_common/pico_stdio/stdio.c.o
                0x10003eb4                stdout_serialize_end
 .text.stdio_put_string
                0x10003ec4       0x94 CMakeFiles/John-ACD-Code.dir/home/acid/Clones/pico/pico-sdk/src/rp2_common/pico_stdio/stdio.c.o
                0x10003ec4                stdio_put_string
 .text.stdio_set_driver_enabled
                0x10003f58       0x30 CMakeFiles/John-ACD-Code.dir/home/acid/Clones/pico/pico-sdk/src/rp2_common/pico_stdio/stdio.c.o
                0x10003f58                stdio_set_driver_enabled
 .text.stdio_flush
                0x10003f88       0x20 CMakeFiles/John-ACD-Code.dir/home/acid/Clones/pico/pico-sdk/src/rp2_common/pico_stdio/stdio.c.o
                0x10003f88                stdio_flush
 .text.stdio_init_all
                0x10003fa8        0xe CMakeFiles/John-ACD-Code.dir/home/acid/Clones/pico/pico-sdk/src/rp2_common/pico_stdio/stdio.c.o
                0x10003fa8                stdio_init_all
 .text.__wrap_puts
                0x10003fb6       0x1e CMakeFiles/John-ACD-Code.dir/home/acid/Clones/pico/pico-sdk/src/rp2_common/pico_stdio/stdio.c.o
                0x10003fb6                __wrap_puts
                0x10003fb6                stdio_puts
 .text.__wrap_vprintf
                0x10003fd4       0x40 CMakeFiles/John-ACD-Code.dir/home/acid/Clones/pico/pico-sdk/src/rp2_common/pico_stdio/stdio.c.o
                0x10003fd4                __wrap_vprintf
                0x10003fd4                stdio_vprintf
 .text.__wrap_printf
                0x10004014       0x18 CMakeFiles/John-ACD-Code.dir/home/acid/Clones/pico/pico-sdk/src/rp2_common/pico_stdio/stdio.c.o
                0x10004014                stdio_printf
                0x10004014                __wrap_printf
 .text.uart_putc
                0x1000402c       0x60 CMakeFiles/John-ACD-Code.dir/home/acid/Clones/pico/pico-sdk/src/rp2_common/pico_stdio_uart/stdio_uart.c.o
 .text.uart_getc
                0x1000408c       0x24 CMakeFiles/John-ACD-Code.dir/home/acid/Clones/pico/pico-sdk/src/rp2_common/pico_stdio_uart/stdio_uart.c.o
 .text.stdio_uart_out_chars
                0x100040b0       0x20 CMakeFiles/John-ACD-Code.dir/home/acid/Clones/pico/pico-sdk/src/rp2_common/pico_stdio_uart/stdio_uart.c.o
 .text.stdio_uart_in_chars
                0x100040d0       0x5c CMakeFiles/John-ACD-Code.dir/home/acid/Clones/pico/pico-sdk/src/rp2_common/pico_stdio_uart/stdio_uart.c.o
                0x100040d0                stdio_uart_in_chars
 .text.on_uart_rx
                0x1000412c       0x28 CMakeFiles/John-ACD-Code.dir/home/acid/Clones/pico/pico-sdk/src/rp2_common/pico_stdio_uart/stdio_uart.c.o
 .text.stdio_uart_out_flush
                0x10004154       0x10 CMakeFiles/John-ACD-Code.dir/home/acid/Clones/pico/pico-sdk/src/rp2_common/pico_stdio_uart/stdio_uart.c.o
 .text.stdio_uart_set_chars_available_callback
                0x10004164       0x90 CMakeFiles/John-ACD-Code.dir/home/acid/Clones/pico/pico-sdk/src/rp2_common/pico_stdio_uart/stdio_uart.c.o
 .text.stdio_uart_init_full
                0x100041f4       0x44 CMakeFiles/John-ACD-Code.dir/home/acid/Clones/pico/pico-sdk/src/rp2_common/pico_stdio_uart/stdio_uart.c.o
                0x100041f4                stdio_uart_init_full
 .text.stdio_uart_init
                0x10004238       0x30 CMakeFiles/John-ACD-Code.dir/home/acid/Clones/pico/pico-sdk/src/rp2_common/pico_stdio_uart/stdio_uart.c.o
                0x10004238                stdio_uart_init
 .text.stdio_usb_set_chars_available_callback
                0x10004268       0x14 CMakeFiles/John-ACD-Code.dir/home/acid/Clones/pico/pico-sdk/src/rp2_common/pico_stdio_usb/stdio_usb.c.o
                0x10004268                stdio_usb_set_chars_available_callback
 .text.stdio_usb_out_flush
                0x1000427c       0x4c CMakeFiles/John-ACD-Code.dir/home/acid/Clones/pico/pico-sdk/src/rp2_common/pico_stdio_usb/stdio_usb.c.o
 .text.stdio_usb_init
                0x100042c8       0x70 CMakeFiles/John-ACD-Code.dir/home/acid/Clones/pico/pico-sdk/src/rp2_common/pico_stdio_usb/stdio_usb.c.o
                0x100042c8                stdio_usb_init
 .text.stdio_usb_connected
                0x10004338        0xa CMakeFiles/John-ACD-Code.dir/home/acid/Clones/pico/pico-sdk/src/rp2_common/pico_stdio_usb/stdio_usb.c.o
                0x10004338                stdio_usb_connected
 *fill*         0x10004342        0x2 
 .text.stdio_usb_in_chars
                0x10004344       0x98 CMakeFiles/John-ACD-Code.dir/home/acid/Clones/pico/pico-sdk/src/rp2_common/pico_stdio_usb/stdio_usb.c.o
                0x10004344                stdio_usb_in_chars
 .text.stdio_usb_out_chars
                0x100043dc       0xe8 CMakeFiles/John-ACD-Code.dir/home/acid/Clones/pico/pico-sdk/src/rp2_common/pico_stdio_usb/stdio_usb.c.o
 .text._retrieve_unique_id_on_boot
                0x100044c4       0x10 CMakeFiles/John-ACD-Code.dir/home/acid/Clones/pico/pico-sdk/src/rp2_common/pico_unique_id/unique_id.c.o
 .text.flash_get_unique_id
                0x100044d4       0x40 CMakeFiles/John-ACD-Code.dir/home/acid/Clones/pico/pico-sdk/src/rp2_common/hardware_flash/flash.c.o
                0x100044d4                flash_get_unique_id
 .text.hw_endpoint_init
                0x10004514       0xc0 CMakeFiles/John-ACD-Code.dir/home/acid/Clones/pico/pico-sdk/lib/tinyusb/src/portable/raspberrypi/rp2040/dcd_rp2040.c.o
 .text.hw_endpoint_alloc
                0x100045d4       0x48 CMakeFiles/John-ACD-Code.dir/home/acid/Clones/pico/pico-sdk/lib/tinyusb/src/portable/raspberrypi/rp2040/dcd_rp2040.c.o
 .text.hw_endpoint_open
                0x1000461c       0x50 CMakeFiles/John-ACD-Code.dir/home/acid/Clones/pico/pico-sdk/lib/tinyusb/src/portable/raspberrypi/rp2040/dcd_rp2040.c.o
 .text.hw_endpoint_xfer
                0x1000466c       0x20 CMakeFiles/John-ACD-Code.dir/home/acid/Clones/pico/pico-sdk/lib/tinyusb/src/portable/raspberrypi/rp2040/dcd_rp2040.c.o
 .text.dcd_int_enable
                0x1000468c       0x2c CMakeFiles/John-ACD-Code.dir/home/acid/Clones/pico/pico-sdk/lib/tinyusb/src/portable/raspberrypi/rp2040/dcd_rp2040.c.o
                0x1000468c                dcd_int_enable
 .text.dcd_set_address
                0x100046b8       0x2c CMakeFiles/John-ACD-Code.dir/home/acid/Clones/pico/pico-sdk/lib/tinyusb/src/portable/raspberrypi/rp2040/dcd_rp2040.c.o
                0x100046b8                dcd_set_address
 .text.dcd_connect
                0x100046e4       0x10 CMakeFiles/John-ACD-Code.dir/home/acid/Clones/pico/pico-sdk/lib/tinyusb/src/portable/raspberrypi/rp2040/dcd_rp2040.c.o
                0x100046e4                dcd_connect
 .text.dcd_init
                0x100046f4       0x80 CMakeFiles/John-ACD-Code.dir/home/acid/Clones/pico/pico-sdk/lib/tinyusb/src/portable/raspberrypi/rp2040/dcd_rp2040.c.o
                0x100046f4                dcd_init
 .text.dcd_sof_enable
                0x10004774       0x1c CMakeFiles/John-ACD-Code.dir/home/acid/Clones/pico/pico-sdk/lib/tinyusb/src/portable/raspberrypi/rp2040/dcd_rp2040.c.o
                0x10004774                dcd_sof_enable
 .text.dcd_edpt0_status_complete
                0x10004790       0x1c CMakeFiles/John-ACD-Code.dir/home/acid/Clones/pico/pico-sdk/lib/tinyusb/src/portable/raspberrypi/rp2040/dcd_rp2040.c.o
                0x10004790                dcd_edpt0_status_complete
 .text.dcd_edpt_open
                0x100047ac       0x26 CMakeFiles/John-ACD-Code.dir/home/acid/Clones/pico/pico-sdk/lib/tinyusb/src/portable/raspberrypi/rp2040/dcd_rp2040.c.o
                0x100047ac                dcd_edpt_open
 .text.dcd_edpt_close_all
                0x100047d2        0x8 CMakeFiles/John-ACD-Code.dir/home/acid/Clones/pico/pico-sdk/lib/tinyusb/src/portable/raspberrypi/rp2040/dcd_rp2040.c.o
                0x100047d2                dcd_edpt_close_all
 *fill*         0x100047da        0x2 
 .text.dcd_edpt_xfer
                0x100047dc       0x30 CMakeFiles/John-ACD-Code.dir/home/acid/Clones/pico/pico-sdk/lib/tinyusb/src/portable/raspberrypi/rp2040/dcd_rp2040.c.o
                0x100047dc                dcd_edpt_xfer
 .text.dcd_edpt_stall
                0x1000480c       0x3c CMakeFiles/John-ACD-Code.dir/home/acid/Clones/pico/pico-sdk/lib/tinyusb/src/portable/raspberrypi/rp2040/dcd_rp2040.c.o
                0x1000480c                dcd_edpt_stall
 .text.dcd_edpt_clear_stall
                0x10004848       0x30 CMakeFiles/John-ACD-Code.dir/home/acid/Clones/pico/pico-sdk/lib/tinyusb/src/portable/raspberrypi/rp2040/dcd_rp2040.c.o
                0x10004848                dcd_edpt_clear_stall
 .text.unaligned_memcpy
                0x10004878       0x14 CMakeFiles/John-ACD-Code.dir/home/acid/Clones/pico/pico-sdk/lib/tinyusb/src/portable/raspberrypi/rp2040/rp2040_usb.c.o
 .text.rp2040_usb_init
                0x1000488c       0x44 CMakeFiles/John-ACD-Code.dir/home/acid/Clones/pico/pico-sdk/lib/tinyusb/src/portable/raspberrypi/rp2040/rp2040_usb.c.o
                0x1000488c                rp2040_usb_init
 .text.hw_endpoint_xfer_start
                0x100048d0       0x60 CMakeFiles/John-ACD-Code.dir/home/acid/Clones/pico/pico-sdk/lib/tinyusb/src/portable/raspberrypi/rp2040/rp2040_usb.c.o
                0x100048d0                hw_endpoint_xfer_start
 .text.tud_vendor_control_xfer_cb
                0x10004930        0x4 CMakeFiles/John-ACD-Code.dir/home/acid/Clones/pico/pico-sdk/lib/tinyusb/src/device/usbd.c.o
                0x10004930                tud_vendor_control_xfer_cb
 .text.configuration_reset
                0x10004934       0x7c CMakeFiles/John-ACD-Code.dir/home/acid/Clones/pico/pico-sdk/lib/tinyusb/src/device/usbd.c.o
 .text.usbd_reset
                0x100049b0        0xc CMakeFiles/John-ACD-Code.dir/home/acid/Clones/pico/pico-sdk/lib/tinyusb/src/device/usbd.c.o
 .text.invoke_class_control
                0x100049bc       0x1a CMakeFiles/John-ACD-Code.dir/home/acid/Clones/pico/pico-sdk/lib/tinyusb/src/device/usbd.c.o
 *fill*         0x100049d6        0x2 
 .text.process_set_config
                0x100049d8      0x190 CMakeFiles/John-ACD-Code.dir/home/acid/Clones/pico/pico-sdk/lib/tinyusb/src/device/usbd.c.o
 .text.tud_event_hook_cb
                0x10004b68        0x2 CMakeFiles/John-ACD-Code.dir/home/acid/Clones/pico/pico-sdk/lib/tinyusb/src/device/usbd.c.o
                0x10004b68                tud_event_hook_cb
 .text.tud_sof_cb
                0x10004b6a        0x2 CMakeFiles/John-ACD-Code.dir/home/acid/Clones/pico/pico-sdk/lib/tinyusb/src/device/usbd.c.o
                0x10004b6a                tud_sof_cb
 .text.tud_descriptor_bos_cb
                0x10004b6c        0x4 CMakeFiles/John-ACD-Code.dir/home/acid/Clones/pico/pico-sdk/lib/tinyusb/src/device/usbd.c.o
                0x10004b6c                tud_descriptor_bos_cb
 .text.tud_descriptor_device_qualifier_cb
                0x10004b70        0x4 CMakeFiles/John-ACD-Code.dir/home/acid/Clones/pico/pico-sdk/lib/tinyusb/src/device/usbd.c.o
                0x10004b70                tud_descriptor_device_qualifier_cb
 .text.tud_descriptor_other_speed_configuration_cb
                0x10004b74        0x4 CMakeFiles/John-ACD-Code.dir/home/acid/Clones/pico/pico-sdk/lib/tinyusb/src/device/usbd.c.o
                0x10004b74                tud_descriptor_other_speed_configuration_cb
 .text.process_get_descriptor
                0x10004b78       0xe0 CMakeFiles/John-ACD-Code.dir/home/acid/Clones/pico/pico-sdk/lib/tinyusb/src/device/usbd.c.o
 .text.tud_mounted
                0x10004c58       0x10 CMakeFiles/John-ACD-Code.dir/home/acid/Clones/pico/pico-sdk/lib/tinyusb/src/device/usbd.c.o
                0x10004c58                tud_mounted
 .text.tud_suspended
                0x10004c68       0x10 CMakeFiles/John-ACD-Code.dir/home/acid/Clones/pico/pico-sdk/lib/tinyusb/src/device/usbd.c.o
                0x10004c68                tud_suspended
 .text.tud_inited
                0x10004c78       0x14 CMakeFiles/John-ACD-Code.dir/home/acid/Clones/pico/pico-sdk/lib/tinyusb/src/device/usbd.c.o
                0x10004c78                tud_inited
 .text.tud_rhport_init
                0x10004c8c       0xf8 CMakeFiles/John-ACD-Code.dir/home/acid/Clones/pico/pico-sdk/lib/tinyusb/src/device/usbd.c.o
                0x10004c8c                tud_rhport_init
 .text.usbd_edpt_open
                0x10004d84       0x60 CMakeFiles/John-ACD-Code.dir/home/acid/Clones/pico/pico-sdk/lib/tinyusb/src/device/usbd.c.o
                0x10004d84                usbd_edpt_open
 .text.usbd_open_edpt_pair
                0x10004de4       0x88 CMakeFiles/John-ACD-Code.dir/home/acid/Clones/pico/pico-sdk/lib/tinyusb/src/device/usbd.c.o
                0x10004de4                usbd_open_edpt_pair
 .text.usbd_edpt_claim
                0x10004e6c       0x28 CMakeFiles/John-ACD-Code.dir/home/acid/Clones/pico/pico-sdk/lib/tinyusb/src/device/usbd.c.o
                0x10004e6c                usbd_edpt_claim
 .text.usbd_edpt_release
                0x10004e94       0x28 CMakeFiles/John-ACD-Code.dir/home/acid/Clones/pico/pico-sdk/lib/tinyusb/src/device/usbd.c.o
                0x10004e94                usbd_edpt_release
 .text.usbd_edpt_xfer
                0x10004ebc       0x88 CMakeFiles/John-ACD-Code.dir/home/acid/Clones/pico/pico-sdk/lib/tinyusb/src/device/usbd.c.o
                0x10004ebc                usbd_edpt_xfer
 .text.usbd_edpt_stall
                0x10004f44       0x34 CMakeFiles/John-ACD-Code.dir/home/acid/Clones/pico/pico-sdk/lib/tinyusb/src/device/usbd.c.o
                0x10004f44                usbd_edpt_stall
 .text.usbd_edpt_clear_stall
                0x10004f78       0x34 CMakeFiles/John-ACD-Code.dir/home/acid/Clones/pico/pico-sdk/lib/tinyusb/src/device/usbd.c.o
                0x10004f78                usbd_edpt_clear_stall
 .text.usbd_edpt_stalled
                0x10004fac       0x1c CMakeFiles/John-ACD-Code.dir/home/acid/Clones/pico/pico-sdk/lib/tinyusb/src/device/usbd.c.o
                0x10004fac                usbd_edpt_stalled
 .text.process_control_request
                0x10004fc8      0x37c CMakeFiles/John-ACD-Code.dir/home/acid/Clones/pico/pico-sdk/lib/tinyusb/src/device/usbd.c.o
 .text.tud_task_ext
                0x10005344      0x1d0 CMakeFiles/John-ACD-Code.dir/home/acid/Clones/pico/pico-sdk/lib/tinyusb/src/device/usbd.c.o
                0x10005344                tud_task_ext
 .text.status_stage_xact
                0x10005514       0x1a CMakeFiles/John-ACD-Code.dir/home/acid/Clones/pico/pico-sdk/lib/tinyusb/src/device/usbd_control.c.o
 *fill*         0x1000552e        0x2 
 .text.data_stage_xact
                0x10005530       0x60 CMakeFiles/John-ACD-Code.dir/home/acid/Clones/pico/pico-sdk/lib/tinyusb/src/device/usbd_control.c.o
 .text.tud_control_status
                0x10005590       0x28 CMakeFiles/John-ACD-Code.dir/home/acid/Clones/pico/pico-sdk/lib/tinyusb/src/device/usbd_control.c.o
                0x10005590                tud_control_status
 .text.tud_control_xfer
                0x100055b8       0x98 CMakeFiles/John-ACD-Code.dir/home/acid/Clones/pico/pico-sdk/lib/tinyusb/src/device/usbd_control.c.o
                0x100055b8                tud_control_xfer
 .text.usbd_control_reset
                0x10005650       0x14 CMakeFiles/John-ACD-Code.dir/home/acid/Clones/pico/pico-sdk/lib/tinyusb/src/device/usbd_control.c.o
                0x10005650                usbd_control_reset
 .text.usbd_control_set_complete_callback
                0x10005664        0xc CMakeFiles/John-ACD-Code.dir/home/acid/Clones/pico/pico-sdk/lib/tinyusb/src/device/usbd_control.c.o
                0x10005664                usbd_control_set_complete_callback
 .text.usbd_control_set_request
                0x10005670       0x1c CMakeFiles/John-ACD-Code.dir/home/acid/Clones/pico/pico-sdk/lib/tinyusb/src/device/usbd_control.c.o
                0x10005670                usbd_control_set_request
 .text.usbd_control_xfer_cb
                0x1000568c       0xe0 CMakeFiles/John-ACD-Code.dir/home/acid/Clones/pico/pico-sdk/lib/tinyusb/src/device/usbd_control.c.o
                0x1000568c                usbd_control_xfer_cb
 .text._prep_out_transaction
                0x1000576c       0xb4 CMakeFiles/John-ACD-Code.dir/home/acid/Clones/pico/pico-sdk/lib/tinyusb/src/class/cdc/cdc_device.c.o
 .text.tud_cdc_n_connected
                0x10005820       0x3c CMakeFiles/John-ACD-Code.dir/home/acid/Clones/pico/pico-sdk/lib/tinyusb/src/class/cdc/cdc_device.c.o
                0x10005820                tud_cdc_n_connected
 .text.tud_cdc_n_available
                0x1000585c       0x1c CMakeFiles/John-ACD-Code.dir/home/acid/Clones/pico/pico-sdk/lib/tinyusb/src/class/cdc/cdc_device.c.o
                0x1000585c                tud_cdc_n_available
 .text.tud_cdc_n_read
                0x10005878       0x3c CMakeFiles/John-ACD-Code.dir/home/acid/Clones/pico/pico-sdk/lib/tinyusb/src/class/cdc/cdc_device.c.o
                0x10005878                tud_cdc_n_read
 .text.tud_cdc_n_write_flush
                0x100058b4       0xc8 CMakeFiles/John-ACD-Code.dir/home/acid/Clones/pico/pico-sdk/lib/tinyusb/src/class/cdc/cdc_device.c.o
                0x100058b4                tud_cdc_n_write_flush
 .text.tud_cdc_n_write
                0x1000597c       0x4c CMakeFiles/John-ACD-Code.dir/home/acid/Clones/pico/pico-sdk/lib/tinyusb/src/class/cdc/cdc_device.c.o
                0x1000597c                tud_cdc_n_write
 .text.tud_cdc_n_write_available
                0x100059c8       0x20 CMakeFiles/John-ACD-Code.dir/home/acid/Clones/pico/pico-sdk/lib/tinyusb/src/class/cdc/cdc_device.c.o
                0x100059c8                tud_cdc_n_write_available
 .text.cdcd_init
                0x100059e8       0xe8 CMakeFiles/John-ACD-Code.dir/home/acid/Clones/pico/pico-sdk/lib/tinyusb/src/class/cdc/cdc_device.c.o
                0x100059e8                cdcd_init
 .text.cdcd_deinit
                0x10005ad0       0x5c CMakeFiles/John-ACD-Code.dir/home/acid/Clones/pico/pico-sdk/lib/tinyusb/src/class/cdc/cdc_device.c.o
                0x10005ad0                cdcd_deinit
 .text.cdcd_reset
                0x10005b2c       0x88 CMakeFiles/John-ACD-Code.dir/home/acid/Clones/pico/pico-sdk/lib/tinyusb/src/class/cdc/cdc_device.c.o
                0x10005b2c                cdcd_reset
 .text.cdcd_open
                0x10005bb4       0xf4 CMakeFiles/John-ACD-Code.dir/home/acid/Clones/pico/pico-sdk/lib/tinyusb/src/class/cdc/cdc_device.c.o
                0x10005bb4                cdcd_open
 .text.cdcd_control_xfer_cb
                0x10005ca8      0x144 CMakeFiles/John-ACD-Code.dir/home/acid/Clones/pico/pico-sdk/lib/tinyusb/src/class/cdc/cdc_device.c.o
                0x10005ca8                cdcd_control_xfer_cb
 .text.cdcd_xfer_cb
                0x10005dec      0x150 CMakeFiles/John-ACD-Code.dir/home/acid/Clones/pico/pico-sdk/lib/tinyusb/src/class/cdc/cdc_device.c.o
                0x10005dec                cdcd_xfer_cb
 .text.tusb_rhport_init
                0x10005f3c       0x78 CMakeFiles/John-ACD-Code.dir/home/acid/Clones/pico/pico-sdk/lib/tinyusb/src/tusb.c.o
                0x10005f3c                tusb_rhport_init
 .text.tu_edpt_claim
                0x10005fb4       0x50 CMakeFiles/John-ACD-Code.dir/home/acid/Clones/pico/pico-sdk/lib/tinyusb/src/tusb.c.o
                0x10005fb4                tu_edpt_claim
 .text.tu_edpt_release
                0x10006004       0x38 CMakeFiles/John-ACD-Code.dir/home/acid/Clones/pico/pico-sdk/lib/tinyusb/src/tusb.c.o
                0x10006004                tu_edpt_release
 .text.tu_edpt_validate
                0x1000603c       0xac CMakeFiles/John-ACD-Code.dir/home/acid/Clones/pico/pico-sdk/lib/tinyusb/src/tusb.c.o
                0x1000603c                tu_edpt_validate
 .text.tu_edpt_bind_driver
                0x100060e8       0x26 CMakeFiles/John-ACD-Code.dir/home/acid/Clones/pico/pico-sdk/lib/tinyusb/src/tusb.c.o
                0x100060e8                tu_edpt_bind_driver
 .text.advance_index
                0x1000610e       0x1a CMakeFiles/John-ACD-Code.dir/home/acid/Clones/pico/pico-sdk/lib/tinyusb/src/common/tusb_fifo.c.o
 .text._tu_fifo_peek
                0x10006128       0x56 CMakeFiles/John-ACD-Code.dir/home/acid/Clones/pico/pico-sdk/lib/tinyusb/src/common/tusb_fifo.c.o
 .text._ff_pull_n
                0x1000617e       0x68 CMakeFiles/John-ACD-Code.dir/home/acid/Clones/pico/pico-sdk/lib/tinyusb/src/common/tusb_fifo.c.o
 .text._tu_fifo_peek_n
                0x100061e6       0x6a CMakeFiles/John-ACD-Code.dir/home/acid/Clones/pico/pico-sdk/lib/tinyusb/src/common/tusb_fifo.c.o
 .text._tu_fifo_read_n
                0x10006250       0x4e CMakeFiles/John-ACD-Code.dir/home/acid/Clones/pico/pico-sdk/lib/tinyusb/src/common/tusb_fifo.c.o
 .text._ff_push_n
                0x1000629e       0x68 CMakeFiles/John-ACD-Code.dir/home/acid/Clones/pico/pico-sdk/lib/tinyusb/src/common/tusb_fifo.c.o
 .text._tu_fifo_write_n
                0x10006306       0xf0 CMakeFiles/John-ACD-Code.dir/home/acid/Clones/pico/pico-sdk/lib/tinyusb/src/common/tusb_fifo.c.o
 .text.tu_fifo_config
                0x100063f6       0x7c CMakeFiles/John-ACD-Code.dir/home/acid/Clones/pico/pico-sdk/lib/tinyusb/src/common/tusb_fifo.c.o
                0x100063f6                tu_fifo_config
 .text.tu_fifo_count
                0x10006472       0x2c CMakeFiles/John-ACD-Code.dir/home/acid/Clones/pico/pico-sdk/lib/tinyusb/src/common/tusb_fifo.c.o
                0x10006472                tu_fifo_count
 .text.tu_fifo_empty
                0x1000649e        0xe CMakeFiles/John-ACD-Code.dir/home/acid/Clones/pico/pico-sdk/lib/tinyusb/src/common/tusb_fifo.c.o
                0x1000649e                tu_fifo_empty
 .text.tu_fifo_full
                0x100064ac       0x2a CMakeFiles/John-ACD-Code.dir/home/acid/Clones/pico/pico-sdk/lib/tinyusb/src/common/tusb_fifo.c.o
                0x100064ac                tu_fifo_full
 .text.tu_fifo_remaining
                0x100064d6       0x2e CMakeFiles/John-ACD-Code.dir/home/acid/Clones/pico/pico-sdk/lib/tinyusb/src/common/tusb_fifo.c.o
                0x100064d6                tu_fifo_remaining
 .text.tu_fifo_read
                0x10006504       0x42 CMakeFiles/John-ACD-Code.dir/home/acid/Clones/pico/pico-sdk/lib/tinyusb/src/common/tusb_fifo.c.o
                0x10006504                tu_fifo_read
 .text.tu_fifo_read_n
                0x10006546        0xa CMakeFiles/John-ACD-Code.dir/home/acid/Clones/pico/pico-sdk/lib/tinyusb/src/common/tusb_fifo.c.o
                0x10006546                tu_fifo_read_n
 .text.tu_fifo_write
                0x10006550       0x64 CMakeFiles/John-ACD-Code.dir/home/acid/Clones/pico/pico-sdk/lib/tinyusb/src/common/tusb_fifo.c.o
                0x10006550                tu_fifo_write
 .text.tu_fifo_write_n
                0x100065b4        0xa CMakeFiles/John-ACD-Code.dir/home/acid/Clones/pico/pico-sdk/lib/tinyusb/src/common/tusb_fifo.c.o
                0x100065b4                tu_fifo_write_n
 .text.tu_fifo_clear
                0x100065be       0x3e CMakeFiles/John-ACD-Code.dir/home/acid/Clones/pico/pico-sdk/lib/tinyusb/src/common/tusb_fifo.c.o
                0x100065be                tu_fifo_clear
 .text.tu_fifo_set_overwritable
                0x100065fc       0x46 CMakeFiles/John-ACD-Code.dir/home/acid/Clones/pico/pico-sdk/lib/tinyusb/src/common/tusb_fifo.c.o
                0x100065fc                tu_fifo_set_overwritable
 *fill*         0x10006642        0x2 
 .text.spi_unreset
                0x10006644       0x2c CMakeFiles/John-ACD-Code.dir/home/acid/Clones/pico/pico-sdk/src/rp2_common/hardware_spi/spi.c.o
 .text.spi_set_baudrate
                0x10006670       0xb4 CMakeFiles/John-ACD-Code.dir/home/acid/Clones/pico/pico-sdk/src/rp2_common/hardware_spi/spi.c.o
                0x10006670                spi_set_baudrate
 .text.spi_init
                0x10006724       0x70 CMakeFiles/John-ACD-Code.dir/home/acid/Clones/pico/pico-sdk/src/rp2_common/hardware_spi/spi.c.o
                0x10006724                spi_init
 .text.dma_claim_unused_channel
                0x10006794       0x24 CMakeFiles/John-ACD-Code.dir/home/acid/Clones/pico/pico-sdk/src/rp2_common/hardware_dma/dma.c.o
                0x10006794                dma_claim_unused_channel
 .text.atexit   0x100067b8       0x10 /usr/lib/gcc/arm-none-eabi/14.2.0/../../../../arm-none-eabi/lib/thumb/v6-m/nofp/libg.a(libc_a-atexit.o)
                0x100067b8                atexit
 .text.__libc_fini_array
                0x100067c8       0x28 /usr/lib/gcc/arm-none-eabi/14.2.0/../../../../arm-none-eabi/lib/thumb/v6-m/nofp/libg.a(libc_a-fini.o)
                0x100067c8                __libc_fini_array
 .text.__retarget_lock_acquire_recursive
                0x100067f0        0x4 /usr/lib/gcc/arm-none-eabi/14.2.0/../../../../arm-none-eabi/lib/thumb/v6-m/nofp/libg.a(libc_a-lock.o)
                0x100067f0                __retarget_lock_acquire_recursive
 .text.__retarget_lock_release_recursive
                0x100067f4        0x4 /usr/lib/gcc/arm-none-eabi/14.2.0/../../../../arm-none-eabi/lib/thumb/v6-m/nofp/libg.a(libc_a-lock.o)
                0x100067f4                __retarget_lock_release_recursive
 .text.strlen   0x100067f8       0x5c /usr/lib/gcc/arm-none-eabi/14.2.0/../../../../arm-none-eabi/lib/thumb/v6-m/nofp/libg.a(libc_a-strlen-stub.o)
                0x100067f8                strlen
 .text.__register_exitproc
                0x10006854       0xa8 /usr/lib/gcc/arm-none-eabi/14.2.0/../../../../arm-none-eabi/lib/thumb/v6-m/nofp/libg.a(libc_a-__atexit.o)
                0x10006854                __register_exitproc
 .text.startup.register_fini
                0x100068fc       0x18 /usr/lib/gcc/arm-none-eabi/14.2.0/../../../../arm-none-eabi/lib/thumb/v6-m/nofp/libg.a(libc_a-__call_atexit.o)
 *(.fini)
 .fini          0x10006914        0x4 /usr/lib/gcc/arm-none-eabi/14.2.0/thumb/v6-m/nofp/crti.o
                0x10006914                _fini
 .fini.__stub   0x10006918       0xc0 linker stubs
 *crtbegin.o(.ctors)
 *crtbegin?.o(.ctors)
 *(EXCLUDE_FILE(*crtend.o *crtend?.o) .ctors)
 *(SORT_BY_NAME(.ctors.*))
 *(.ctors)
 *crtbegin.o(.dtors)
 *crtbegin?.o(.dtors)
 *(EXCLUDE_FILE(*crtend.o *crtend?.o) .dtors)
 *(SORT_BY_NAME(.dtors.*))
 *(.dtors)
                0x100069d8                        . = ALIGN (0x4)
                0x100069d8                        PROVIDE (__preinit_array_start = .)
 *(SORT_BY_NAME(.preinit_array.*))
 .preinit_array.00100
                0x100069d8        0x4 CMakeFiles/John-ACD-Code.dir/home/acid/Clones/pico/pico-sdk/src/rp2_common/pico_runtime_init/runtime_init.c.o
                0x100069d8                __pre_init_runtime_init_early_resets
 .preinit_array.00101
                0x100069dc        0x4 CMakeFiles/John-ACD-Code.dir/home/acid/Clones/pico/pico-sdk/src/rp2_common/pico_runtime_init/runtime_init.c.o
                0x100069dc                __pre_init_runtime_init_usb_power_down
 .preinit_array.00275
                0x100069e0        0x4 CMakeFiles/John-ACD-Code.dir/home/acid/Clones/pico/pico-sdk/src/rp2_common/pico_bit_ops/bit_ops_aeabi.S.o
 .preinit_array.00300
                0x100069e4        0x4 CMakeFiles/John-ACD-Code.dir/home/acid/Clones/pico/pico-sdk/src/rp2_common/pico_mem_ops/mem_ops_aeabi.S.o
 .preinit_array.00350
                0x100069e8        0x4 CMakeFiles/John-ACD-Code.dir/home/acid/Clones/pico/pico-sdk/src/rp2_common/pico_double/double_aeabi_rp2040.S.o
 .preinit_array.00350
                0x100069ec        0x4 CMakeFiles/John-ACD-Code.dir/home/acid/Clones/pico/pico-sdk/src/rp2_common/pico_float/float_aeabi_rp2040.S.o
 .preinit_array.00500
                0x100069f0        0x4 CMakeFiles/John-ACD-Code.dir/home/acid/Clones/pico/pico-sdk/src/rp2_common/pico_runtime_init/runtime_init.c.o
                0x100069f0                __pre_init_runtime_init_clocks
 .preinit_array.00600
                0x100069f4        0x4 CMakeFiles/John-ACD-Code.dir/home/acid/Clones/pico/pico-sdk/src/rp2_common/pico_runtime_init/runtime_init.c.o
                0x100069f4                __pre_init_runtime_init_post_clock_resets
 .preinit_array.00700
                0x100069f8        0x4 CMakeFiles/John-ACD-Code.dir/home/acid/Clones/pico/pico-sdk/src/rp2_common/pico_runtime_init/runtime_init.c.o
                0x100069f8                __pre_init_runtime_init_rp2040_gpio_ie_disable
 .preinit_array.01000
                0x100069fc        0x4 CMakeFiles/John-ACD-Code.dir/home/acid/Clones/pico/pico-sdk/src/rp2_common/pico_runtime_init/runtime_init.c.o
                0x100069fc                __pre_init_runtime_init_spin_locks_reset
 .preinit_array.01100
                0x10006a00        0x4 CMakeFiles/John-ACD-Code.dir/home/acid/Clones/pico/pico-sdk/src/common/pico_sync/mutex.c.o
                0x10006a00                __pre_init_runtime_init_mutex
 .preinit_array.10080
                0x10006a04        0x4 CMakeFiles/John-ACD-Code.dir/home/acid/Clones/pico/pico-sdk/src/rp2_common/pico_runtime_init/runtime_init.c.o
                0x10006a04                __pre_init_runtime_init_install_ram_vector_table
 .preinit_array.11000
                0x10006a08        0x4 CMakeFiles/John-ACD-Code.dir/home/acid/Clones/pico/pico-sdk/src/common/pico_time/time.c.o
                0x10006a08                __pre_init_runtime_init_default_alarm_pool
 .preinit_array.YYYYY
                0x10006a0c        0x4 CMakeFiles/John-ACD-Code.dir/home/acid/Clones/pico/pico-sdk/src/rp2_common/pico_runtime/runtime.c.o
                0x10006a0c                __pre_init_first_per_core_initializer
 .preinit_array.ZZZZZ.01200
                0x10006a10        0x4 CMakeFiles/John-ACD-Code.dir/home/acid/Clones/pico/pico-sdk/src/rp2_common/hardware_irq/irq.c.o
                0x10006a10                __pre_init_runtime_init_per_core_irq_priorities
 *(.preinit_array)
                0x10006a14                        PROVIDE (__preinit_array_end = .)
                0x10006a14                        . = ALIGN (0x4)
                0x10006a14                        PROVIDE (__init_array_start = .)
 *(SORT_BY_NAME(.init_array.*))
 .init_array.00000
                0x10006a14        0x4 /usr/lib/gcc/arm-none-eabi/14.2.0/../../../../arm-none-eabi/lib/thumb/v6-m/nofp/libg.a(libc_a-__call_atexit.o)
 .init_array.01000
                0x10006a18        0x4 CMakeFiles/John-ACD-Code.dir/home/acid/Clones/pico/pico-sdk/src/rp2_common/pico_unique_id/unique_id.c.o
 *(.init_array)
 .init_array    0x10006a1c        0x4 /usr/lib/gcc/arm-none-eabi/14.2.0/thumb/v6-m/nofp/crtbegin.o
                0x10006a20                        PROVIDE (__init_array_end = .)
                0x10006a20                        . = ALIGN (0x4)
                0x10006a20                        PROVIDE (__fini_array_start = .)
 *(SORT_BY_NAME(.fini_array.*))
 *(.fini_array)
                0x10006a20                        PROVIDE (__fini_array_end = .)
 *(.eh_frame*)
 .eh_frame      0x10006a20        0x0 /usr/lib/gcc/arm-none-eabi/14.2.0/thumb/v6-m/nofp/crtbegin.o
                0x10006a20                        . = ALIGN (0x4)

.glue_7         0x10006a20        0x0
 .glue_7        0x10006a20        0x0 linker stubs

.glue_7t        0x10006a20        0x0
 .glue_7t       0x10006a20        0x0 linker stubs

.vfp11_veneer   0x10006a20        0x0
 .vfp11_veneer  0x10006a20        0x0 linker stubs

.v4_bx          0x10006a20        0x0
 .v4_bx         0x10006a20        0x0 linker stubs

.iplt           0x10006a20        0x0
 .iplt          0x10006a20        0x0 /usr/lib/gcc/arm-none-eabi/14.2.0/thumb/v6-m/nofp/crtbegin.o

.rodata         0x10006a20     0x1380
 *(EXCLUDE_FILE(*libm.a: *libc.a:*lib_a-mem*.o *libgcc.a:) .rodata*)
 .rodata.channel_config_set_chain_to.str1.4
                0x10006a20      0xc88 CMakeFiles/John-ACD-Code.dir/main.c.o
                                 0x73 (size before relaxing)
 .rodata.channel_config_set_dreq.str1.4
                0x100076a8       0x13 CMakeFiles/John-ACD-Code.dir/main.c.o
 .rodata.__func__.1
                0x100076a8       0x18 CMakeFiles/John-ACD-Code.dir/main.c.o
 .rodata.__func__.3
                0x100076c0       0x1c CMakeFiles/John-ACD-Code.dir/main.c.o
 .rodata.str1.4
                0x100076dc       0x42 CMakeFiles/John-ACD-Code.dir/main.c.o
 .rodata.string_desc_arr
                0x100076dc       0x14 CMakeFiles/John-ACD-Code.dir/main.c.o
 .rodata.__compound_literal.0
                0x100076f0        0x2 CMakeFiles/John-ACD-Code.dir/main.c.o
 *fill*         0x100076f2        0x2 
 .rodata.desc_configuration
                0x100076f4       0x4b CMakeFiles/John-ACD-Code.dir/main.c.o
                0x100076f4                desc_configuration
 *fill*         0x1000773f        0x1 
 .rodata.desc_device
                0x10007740       0x12 CMakeFiles/John-ACD-Code.dir/main.c.o
                0x10007740                desc_device
 .rodata.rp2040_chip_version.str1.4
                0x10007752       0x79 CMakeFiles/John-ACD-Code.dir/home/acid/Clones/pico/pico-sdk/src/rp2040/pico_platform/platform.c.o
 *fill*         0x10007752        0x2 
 .rodata.__func__.0
                0x10007754       0x14 CMakeFiles/John-ACD-Code.dir/home/acid/Clones/pico/pico-sdk/src/rp2040/pico_platform/platform.c.o
 .rodata.panic.str1.4
                0x10007768       0x12 CMakeFiles/John-ACD-Code.dir/home/acid/Clones/pico/pico-sdk/src/rp2_common/pico_platform_panic/panic.c.o
 .rodata.spin_lock_claim_unused.str1.4
                0x10007768       0x1b CMakeFiles/John-ACD-Code.dir/home/acid/Clones/pico/pico-sdk/src/rp2_common/hardware_sync/sync.c.o
 .rodata.resolve_j_16.str1.4
                0x10007768       0x5a CMakeFiles/John-ACD-Code.dir/home/acid/Clones/pico/pico-sdk/src/rp2_common/hardware_irq/irq.c.o
 .rodata.make_j_16.str1.4
                0x10007768       0x30 CMakeFiles/John-ACD-Code.dir/home/acid/Clones/pico/pico-sdk/src/rp2_common/hardware_irq/irq.c.o
 .rodata.insert_bl_32.str1.4
                0x10007768       0x10 CMakeFiles/John-ACD-Code.dir/home/acid/Clones/pico/pico-sdk/src/rp2_common/hardware_irq/irq.c.o
 .rodata.irq_set_exclusive_handler.str1.4
                0x10007768       0x36 CMakeFiles/John-ACD-Code.dir/home/acid/Clones/pico/pico-sdk/src/rp2_common/hardware_irq/irq.c.o
 .rodata.irq_add_shared_handler.str1.4
                0x10007768       0xd2 CMakeFiles/John-ACD-Code.dir/home/acid/Clones/pico/pico-sdk/src/rp2_common/hardware_irq/irq.c.o
 .rodata.irq_remove_handler.str1.4
                0x10007768       0x3a CMakeFiles/John-ACD-Code.dir/home/acid/Clones/pico/pico-sdk/src/rp2_common/hardware_irq/irq.c.o
 .rodata.irq_add_tail_to_free_list.str1.4
                0x10007768       0x3a CMakeFiles/John-ACD-Code.dir/home/acid/Clones/pico/pico-sdk/src/rp2_common/hardware_irq/irq.c.o
 .rodata.__func__.0
                0x10007768       0x1a CMakeFiles/John-ACD-Code.dir/home/acid/Clones/pico/pico-sdk/src/rp2_common/hardware_irq/irq.c.o
 *fill*         0x10007782        0x2 
 .rodata.__func__.1
                0x10007784        0xd CMakeFiles/John-ACD-Code.dir/home/acid/Clones/pico/pico-sdk/src/rp2_common/hardware_irq/irq.c.o
 *fill*         0x10007791        0x3 
 .rodata.__func__.2
                0x10007794       0x13 CMakeFiles/John-ACD-Code.dir/home/acid/Clones/pico/pico-sdk/src/rp2_common/hardware_irq/irq.c.o
 *fill*         0x100077a7        0x1 
 .rodata.__func__.3
                0x100077a8        0xa CMakeFiles/John-ACD-Code.dir/home/acid/Clones/pico/pico-sdk/src/rp2_common/hardware_irq/irq.c.o
 *fill*         0x100077b2        0x2 
 .rodata.__func__.4
                0x100077b4        0xd CMakeFiles/John-ACD-Code.dir/home/acid/Clones/pico/pico-sdk/src/rp2_common/hardware_irq/irq.c.o
 *fill*         0x100077c1        0x3 
 .rodata.__func__.5
                0x100077c4       0x17 CMakeFiles/John-ACD-Code.dir/home/acid/Clones/pico/pico-sdk/src/rp2_common/hardware_irq/irq.c.o
 *fill*         0x100077db        0x1 
 .rodata.__func__.6
                0x100077dc       0x1a CMakeFiles/John-ACD-Code.dir/home/acid/Clones/pico/pico-sdk/src/rp2_common/hardware_irq/irq.c.o
 .rodata.runtime_init_mutex.str1.4
                0x100077f6       0x5d CMakeFiles/John-ACD-Code.dir/home/acid/Clones/pico/pico-sdk/src/common/pico_sync/mutex.c.o
 .rodata.str1.4
                0x100077f6       0x51 CMakeFiles/John-ACD-Code.dir/home/acid/Clones/pico/pico-sdk/src/common/pico_sync/mutex.c.o
 *fill*         0x100077f6        0x2 
 .rodata.__func__.1
                0x100077f8        0xb CMakeFiles/John-ACD-Code.dir/home/acid/Clones/pico/pico-sdk/src/common/pico_sync/mutex.c.o
 *fill*         0x10007803        0x1 
 .rodata.__func__.3
                0x10007804       0x18 CMakeFiles/John-ACD-Code.dir/home/acid/Clones/pico/pico-sdk/src/common/pico_sync/mutex.c.o
 .rodata.__func__.6
                0x1000781c       0x13 CMakeFiles/John-ACD-Code.dir/home/acid/Clones/pico/pico-sdk/src/common/pico_sync/mutex.c.o
 .rodata.alarm_pool_irq_handler.str1.4
                0x1000782f       0x68 CMakeFiles/John-ACD-Code.dir/home/acid/Clones/pico/pico-sdk/src/common/pico_time/time.c.o
 .rodata.alarm_pool_get_default.str1.4
                0x1000782f       0x21 CMakeFiles/John-ACD-Code.dir/home/acid/Clones/pico/pico-sdk/src/common/pico_time/time.c.o
 *fill*         0x1000782f        0x1 
 .rodata.__func__.1
                0x10007830       0x17 CMakeFiles/John-ACD-Code.dir/home/acid/Clones/pico/pico-sdk/src/common/pico_time/time.c.o
 *fill*         0x10007847        0x1 
 .rodata.__func__.2
                0x10007848       0x17 CMakeFiles/John-ACD-Code.dir/home/acid/Clones/pico/pico-sdk/src/common/pico_time/time.c.o
 .rodata.timer_hardware_alarm_claim.str1.4
                0x1000785f       0x22 CMakeFiles/John-ACD-Code.dir/home/acid/Clones/pico/pico-sdk/src/rp2_common/hardware_timer/timer.c.o
 .rodata.pll_init.str1.4
                0x1000785f      0x118 CMakeFiles/John-ACD-Code.dir/home/acid/Clones/pico/pico-sdk/src/rp2_common/hardware_pll/pll.c.o
 *fill*         0x1000785f        0x1 
 .rodata.__func__.0
                0x10007860        0x9 CMakeFiles/John-ACD-Code.dir/home/acid/Clones/pico/pico-sdk/src/rp2_common/hardware_pll/pll.c.o
 .rodata.__aeabi_double_init.str1.4
                0x10007869       0x98 CMakeFiles/John-ACD-Code.dir/home/acid/Clones/pico/pico-sdk/src/rp2_common/pico_double/double_init_rom_rp2040.c.o
 *fill*         0x10007869        0x3 
 .rodata.__func__.0
                0x1000786c       0x14 CMakeFiles/John-ACD-Code.dir/home/acid/Clones/pico/pico-sdk/src/rp2_common/pico_double/double_init_rom_rp2040.c.o
 .rodata.__aeabi_float_init.str1.4
                0x10007880       0x8a CMakeFiles/John-ACD-Code.dir/home/acid/Clones/pico/pico-sdk/src/rp2_common/pico_float/float_init_rom_rp2040.c.o
 .rodata.__func__.0
                0x10007880       0x13 CMakeFiles/John-ACD-Code.dir/home/acid/Clones/pico/pico-sdk/src/rp2_common/pico_float/float_init_rom_rp2040.c.o
 .rodata.str1.4
                0x10007893       0x44 CMakeFiles/John-ACD-Code.dir/home/acid/Clones/pico/pico-sdk/src/rp2_common/pico_standard_binary_info/standard_binary_info.c.o
 *fill*         0x10007893        0x1 
 .rodata.__bi_84
                0x10007894        0xc CMakeFiles/John-ACD-Code.dir/home/acid/Clones/pico/pico-sdk/src/rp2_common/pico_standard_binary_info/standard_binary_info.c.o
 .rodata.__bi_78
                0x100078a0        0xc CMakeFiles/John-ACD-Code.dir/home/acid/Clones/pico/pico-sdk/src/rp2_common/pico_standard_binary_info/standard_binary_info.c.o
 .rodata.__bi_54
                0x100078ac        0xc CMakeFiles/John-ACD-Code.dir/home/acid/Clones/pico/pico-sdk/src/rp2_common/pico_standard_binary_info/standard_binary_info.c.o
 .rodata.__bi_48
                0x100078b8        0xc CMakeFiles/John-ACD-Code.dir/home/acid/Clones/pico/pico-sdk/src/rp2_common/pico_standard_binary_info/standard_binary_info.c.o
 .rodata.__bi_42
                0x100078c4        0xc CMakeFiles/John-ACD-Code.dir/home/acid/Clones/pico/pico-sdk/src/rp2_common/pico_standard_binary_info/standard_binary_info.c.o
 .rodata.__bi_34
                0x100078d0        0xc CMakeFiles/John-ACD-Code.dir/home/acid/Clones/pico/pico-sdk/src/rp2_common/pico_standard_binary_info/standard_binary_info.c.o
 .rodata.__bi_26
                0x100078dc        0xc CMakeFiles/John-ACD-Code.dir/home/acid/Clones/pico/pico-sdk/src/rp2_common/pico_standard_binary_info/standard_binary_info.c.o
 .rodata._ftoa.str1.4
                0x100078e8       0x15 CMakeFiles/John-ACD-Code.dir/home/acid/Clones/pico/pico-sdk/src/rp2_common/pico_printf/printf.c.o
 .rodata._vsnprintf
                0x100078e8      0x19c CMakeFiles/John-ACD-Code.dir/home/acid/Clones/pico/pico-sdk/src/rp2_common/pico_printf/printf.c.o
 *fill*         0x10007a84        0x4 
 .rodata.pow10.0
                0x10007a88       0x50 CMakeFiles/John-ACD-Code.dir/home/acid/Clones/pico/pico-sdk/src/rp2_common/pico_printf/printf.c.o
 .rodata.__assert_func.str1.4
                0x10007ad8       0x43 CMakeFiles/John-ACD-Code.dir/home/acid/Clones/pico/pico-sdk/src/rp2_common/pico_clib_interface/newlib_interface.c.o
 .rodata.crlf_str.0
                0x10007ad8        0x2 CMakeFiles/John-ACD-Code.dir/home/acid/Clones/pico/pico-sdk/src/rp2_common/pico_stdio/stdio.c.o
 .rodata.str1.4
                0x10007ada       0x2c CMakeFiles/John-ACD-Code.dir/home/acid/Clones/pico/pico-sdk/src/rp2_common/pico_stdio_uart/stdio_uart.c.o
 *fill*         0x10007ada        0x2 
 .rodata.__bi_45.4
                0x10007adc        0xc CMakeFiles/John-ACD-Code.dir/home/acid/Clones/pico/pico-sdk/src/rp2_common/pico_stdio_uart/stdio_uart.c.o
 .rodata.__bi_49.5
                0x10007ae8        0x8 CMakeFiles/John-ACD-Code.dir/home/acid/Clones/pico/pico-sdk/src/rp2_common/pico_stdio_uart/stdio_uart.c.o
 .rodata.__bi_50.6
                0x10007af0        0x8 CMakeFiles/John-ACD-Code.dir/home/acid/Clones/pico/pico-sdk/src/rp2_common/pico_stdio_uart/stdio_uart.c.o
 .rodata.stdio_usb_init.str1.4
                0x10007af8       0x61 CMakeFiles/John-ACD-Code.dir/home/acid/Clones/pico/pico-sdk/src/rp2_common/pico_stdio_usb/stdio_usb.c.o
 .rodata.str1.4
                0x10007af8       0x13 CMakeFiles/John-ACD-Code.dir/home/acid/Clones/pico/pico-sdk/src/rp2_common/pico_stdio_usb/stdio_usb.c.o
 .rodata.__bi_202.1
                0x10007af8        0xc CMakeFiles/John-ACD-Code.dir/home/acid/Clones/pico/pico-sdk/src/rp2_common/pico_stdio_usb/stdio_usb.c.o
 .rodata.__func__.2
                0x10007b04        0xf CMakeFiles/John-ACD-Code.dir/home/acid/Clones/pico/pico-sdk/src/rp2_common/pico_stdio_usb/stdio_usb.c.o
 .rodata.str1.4
                0x10007b13      0x201 CMakeFiles/John-ACD-Code.dir/home/acid/Clones/pico/pico-sdk/src/rp2_common/hardware_flash/flash.c.o
 *fill*         0x10007b13        0x1 
 .rodata.__func__.0
                0x10007b14        0xd CMakeFiles/John-ACD-Code.dir/home/acid/Clones/pico/pico-sdk/src/rp2_common/hardware_flash/flash.c.o
 .rodata.hw_endpoint_alloc.str1.4
                0x10007b21       0x9d CMakeFiles/John-ACD-Code.dir/home/acid/Clones/pico/pico-sdk/lib/tinyusb/src/portable/raspberrypi/rp2040/dcd_rp2040.c.o
 .rodata.str1.4
                0x10007b21       0x14 CMakeFiles/John-ACD-Code.dir/home/acid/Clones/pico/pico-sdk/lib/tinyusb/src/portable/raspberrypi/rp2040/dcd_rp2040.c.o
 .rodata.dcd_int_enable.str1.4
                0x10007b21        0xc CMakeFiles/John-ACD-Code.dir/home/acid/Clones/pico/pico-sdk/lib/tinyusb/src/portable/raspberrypi/rp2040/dcd_rp2040.c.o
 *fill*         0x10007b21        0x3 
 .rodata.__func__.0
                0x10007b24        0xe CMakeFiles/John-ACD-Code.dir/home/acid/Clones/pico/pico-sdk/lib/tinyusb/src/portable/raspberrypi/rp2040/dcd_rp2040.c.o
 *fill*         0x10007b32        0x2 
 .rodata.__func__.3
                0x10007b34       0x10 CMakeFiles/John-ACD-Code.dir/home/acid/Clones/pico/pico-sdk/lib/tinyusb/src/portable/raspberrypi/rp2040/dcd_rp2040.c.o
 .rodata.__func__.5
                0x10007b44        0xf CMakeFiles/John-ACD-Code.dir/home/acid/Clones/pico/pico-sdk/lib/tinyusb/src/portable/raspberrypi/rp2040/dcd_rp2040.c.o
 *fill*         0x10007b53        0x1 
 .rodata.__func__.6
                0x10007b54       0x12 CMakeFiles/John-ACD-Code.dir/home/acid/Clones/pico/pico-sdk/lib/tinyusb/src/portable/raspberrypi/rp2040/dcd_rp2040.c.o
 *fill*         0x10007b66        0x2 
 .rodata.__func__.7
                0x10007b68        0x9 CMakeFiles/John-ACD-Code.dir/home/acid/Clones/pico/pico-sdk/lib/tinyusb/src/portable/raspberrypi/rp2040/dcd_rp2040.c.o
 .rodata.str1.4
                0x10007b71       0xe4 CMakeFiles/John-ACD-Code.dir/home/acid/Clones/pico/pico-sdk/lib/tinyusb/src/portable/raspberrypi/rp2040/rp2040_usb.c.o
 .rodata.hw_endpoint_xfer_start.str1.4
                0x10007b71       0x38 CMakeFiles/John-ACD-Code.dir/home/acid/Clones/pico/pico-sdk/lib/tinyusb/src/portable/raspberrypi/rp2040/rp2040_usb.c.o
 *fill*         0x10007b71        0x3 
 .rodata.__func__.0
                0x10007b74        0xf CMakeFiles/John-ACD-Code.dir/home/acid/Clones/pico/pico-sdk/lib/tinyusb/src/portable/raspberrypi/rp2040/rp2040_usb.c.o
 .rodata.configuration_reset.str1.4
                0x10007b83       0x17 CMakeFiles/John-ACD-Code.dir/home/acid/Clones/pico/pico-sdk/lib/tinyusb/src/device/usbd.c.o
 *fill*         0x10007b83        0x1 
 .rodata.process_get_descriptor
                0x10007b84       0x40 CMakeFiles/John-ACD-Code.dir/home/acid/Clones/pico/pico-sdk/lib/tinyusb/src/device/usbd.c.o
 .rodata        0x10007bc4       0x1c CMakeFiles/John-ACD-Code.dir/home/acid/Clones/pico/pico-sdk/lib/tinyusb/src/device/usbd.c.o
 .rodata.process_control_request
                0x10007be0       0x28 CMakeFiles/John-ACD-Code.dir/home/acid/Clones/pico/pico-sdk/lib/tinyusb/src/device/usbd.c.o
 .rodata.tud_task_ext
                0x10007c08       0x24 CMakeFiles/John-ACD-Code.dir/home/acid/Clones/pico/pico-sdk/lib/tinyusb/src/device/usbd.c.o
 .rodata.__func__.3
                0x10007c2c        0xf CMakeFiles/John-ACD-Code.dir/home/acid/Clones/pico/pico-sdk/lib/tinyusb/src/device/usbd.c.o
 *fill*         0x10007c3b        0x1 
 .rodata.__func__.4
                0x10007c3c        0xf CMakeFiles/John-ACD-Code.dir/home/acid/Clones/pico/pico-sdk/lib/tinyusb/src/device/usbd.c.o
 *fill*         0x10007c4b        0x1 
 .rodata.__func__.5
                0x10007c4c       0x14 CMakeFiles/John-ACD-Code.dir/home/acid/Clones/pico/pico-sdk/lib/tinyusb/src/device/usbd.c.o
 .rodata.__func__.6
                0x10007c60        0xc CMakeFiles/John-ACD-Code.dir/home/acid/Clones/pico/pico-sdk/lib/tinyusb/src/device/usbd.c.o
 .rodata.__func__.7
                0x10007c6c       0x17 CMakeFiles/John-ACD-Code.dir/home/acid/Clones/pico/pico-sdk/lib/tinyusb/src/device/usbd.c.o
 *fill*         0x10007c83        0x1 
 .rodata.__func__.8
                0x10007c84       0x13 CMakeFiles/John-ACD-Code.dir/home/acid/Clones/pico/pico-sdk/lib/tinyusb/src/device/usbd.c.o
 *fill*         0x10007c97        0x1 
 .rodata.__func__.9
                0x10007c98       0x18 CMakeFiles/John-ACD-Code.dir/home/acid/Clones/pico/pico-sdk/lib/tinyusb/src/device/usbd.c.o
 .rodata.__func__.10
                0x10007cb0       0x14 CMakeFiles/John-ACD-Code.dir/home/acid/Clones/pico/pico-sdk/lib/tinyusb/src/device/usbd.c.o
 .rodata.__func__.11
                0x10007cc4        0xd CMakeFiles/John-ACD-Code.dir/home/acid/Clones/pico/pico-sdk/lib/tinyusb/src/device/usbd.c.o
 *fill*         0x10007cd1        0x3 
 .rodata.__func__.12
                0x10007cd4       0x10 CMakeFiles/John-ACD-Code.dir/home/acid/Clones/pico/pico-sdk/lib/tinyusb/src/device/usbd.c.o
 .rodata._usbd_driver
                0x10007ce4       0x20 CMakeFiles/John-ACD-Code.dir/home/acid/Clones/pico/pico-sdk/lib/tinyusb/src/device/usbd.c.o
 .rodata.tud_control_xfer.str1.4
                0x10007d04       0x17 CMakeFiles/John-ACD-Code.dir/home/acid/Clones/pico/pico-sdk/lib/tinyusb/src/device/usbd_control.c.o
 .rodata.__func__.0
                0x10007d04       0x15 CMakeFiles/John-ACD-Code.dir/home/acid/Clones/pico/pico-sdk/lib/tinyusb/src/device/usbd_control.c.o
 *fill*         0x10007d19        0x3 
 .rodata.__func__.1
                0x10007d1c       0x11 CMakeFiles/John-ACD-Code.dir/home/acid/Clones/pico/pico-sdk/lib/tinyusb/src/device/usbd_control.c.o
 .rodata.tud_cdc_n_write_flush.str1.4
                0x10007d2d       0x17 CMakeFiles/John-ACD-Code.dir/home/acid/Clones/pico/pico-sdk/lib/tinyusb/src/class/cdc/cdc_device.c.o
 *fill*         0x10007d2d        0x3 
 .rodata.__func__.0
                0x10007d30        0xd CMakeFiles/John-ACD-Code.dir/home/acid/Clones/pico/pico-sdk/lib/tinyusb/src/class/cdc/cdc_device.c.o
 *fill*         0x10007d3d        0x3 
 .rodata.__func__.1
                0x10007d40        0xa CMakeFiles/John-ACD-Code.dir/home/acid/Clones/pico/pico-sdk/lib/tinyusb/src/class/cdc/cdc_device.c.o
 *fill*         0x10007d4a        0x2 
 .rodata.__func__.3
                0x10007d4c       0x16 CMakeFiles/John-ACD-Code.dir/home/acid/Clones/pico/pico-sdk/lib/tinyusb/src/class/cdc/cdc_device.c.o
 .rodata.tusb_rhport_init.str1.4
                0x10007d62       0x17 CMakeFiles/John-ACD-Code.dir/home/acid/Clones/pico/pico-sdk/lib/tinyusb/src/tusb.c.o
 *fill*         0x10007d62        0x2 
 .rodata.__func__.4
                0x10007d64       0x11 CMakeFiles/John-ACD-Code.dir/home/acid/Clones/pico/pico-sdk/lib/tinyusb/src/tusb.c.o
 *fill*         0x10007d75        0x3 
 .rodata.__func__.5
                0x10007d78       0x11 CMakeFiles/John-ACD-Code.dir/home/acid/Clones/pico/pico-sdk/lib/tinyusb/src/tusb.c.o
 .rodata.dma_claim_unused_channel.str1.4
                0x10007d89       0x1e CMakeFiles/John-ACD-Code.dir/home/acid/Clones/pico/pico-sdk/src/rp2_common/hardware_dma/dma.c.o
 .rodata.str1.4
                0x10007d89        0x4 CMakeFiles/John-ACD-Code.dir/home/acid/Clones/pico/pico-sdk/lib/tinyusb/hw/bsp/rp2040/family.c.o
 *fill*         0x10007d89        0x3 
 .rodata.__bi_153.0
                0x10007d8c        0xc CMakeFiles/John-ACD-Code.dir/home/acid/Clones/pico/pico-sdk/lib/tinyusb/hw/bsp/rp2040/family.c.o
 .rodata.__bi_163.1
                0x10007d98        0x8 CMakeFiles/John-ACD-Code.dir/home/acid/Clones/pico/pico-sdk/lib/tinyusb/hw/bsp/rp2040/family.c.o
                0x10007da0                        . = ALIGN (0x4)
 *(SORT_BY_ALIGNMENT(SORT_BY_NAME(.flashdata*)))
                0x10007da0                        . = ALIGN (0x4)

.ARM.extab
 *(.ARM.extab* .gnu.linkonce.armextab.*)
                0x10007da0                        __exidx_start = .

.ARM.exidx
 *(.ARM.exidx* .gnu.linkonce.armexidx.*)
                0x10007da0                        __exidx_end = .
                0x10007da0                        . = ALIGN (0x4)
                0x10007da0                        __binary_info_start = .

.binary_info    0x10007da0       0x34
 *(.binary_info.keep.*)
 .binary_info.keep.__bi_ptr84
                0x10007da0        0x4 CMakeFiles/John-ACD-Code.dir/home/acid/Clones/pico/pico-sdk/src/rp2_common/pico_standard_binary_info/standard_binary_info.c.o
 .binary_info.keep.__bi_ptr78
                0x10007da4        0x4 CMakeFiles/John-ACD-Code.dir/home/acid/Clones/pico/pico-sdk/src/rp2_common/pico_standard_binary_info/standard_binary_info.c.o
 .binary_info.keep.__bi_ptr54
                0x10007da8        0x4 CMakeFiles/John-ACD-Code.dir/home/acid/Clones/pico/pico-sdk/src/rp2_common/pico_standard_binary_info/standard_binary_info.c.o
 .binary_info.keep.__bi_ptr48
                0x10007dac        0x4 CMakeFiles/John-ACD-Code.dir/home/acid/Clones/pico/pico-sdk/src/rp2_common/pico_standard_binary_info/standard_binary_info.c.o
 .binary_info.keep.__bi_ptr42
                0x10007db0        0x4 CMakeFiles/John-ACD-Code.dir/home/acid/Clones/pico/pico-sdk/src/rp2_common/pico_standard_binary_info/standard_binary_info.c.o
 .binary_info.keep.__bi_ptr34
                0x10007db4        0x4 CMakeFiles/John-ACD-Code.dir/home/acid/Clones/pico/pico-sdk/src/rp2_common/pico_standard_binary_info/standard_binary_info.c.o
 .binary_info.keep.__bi_ptr26
                0x10007db8        0x4 CMakeFiles/John-ACD-Code.dir/home/acid/Clones/pico/pico-sdk/src/rp2_common/pico_standard_binary_info/standard_binary_info.c.o
 .binary_info.keep.__bi_ptr163
                0x10007dbc        0x4 CMakeFiles/John-ACD-Code.dir/home/acid/Clones/pico/pico-sdk/lib/tinyusb/hw/bsp/rp2040/family.c.o
 .binary_info.keep.__bi_ptr153
                0x10007dc0        0x4 CMakeFiles/John-ACD-Code.dir/home/acid/Clones/pico/pico-sdk/lib/tinyusb/hw/bsp/rp2040/family.c.o
 *(.binary_info.*)
 .binary_info.__bi_ptr50
                0x10007dc4        0x4 CMakeFiles/John-ACD-Code.dir/home/acid/Clones/pico/pico-sdk/src/rp2_common/pico_stdio_uart/stdio_uart.c.o
 .binary_info.__bi_ptr49
                0x10007dc8        0x4 CMakeFiles/John-ACD-Code.dir/home/acid/Clones/pico/pico-sdk/src/rp2_common/pico_stdio_uart/stdio_uart.c.o
 .binary_info.__bi_ptr45
                0x10007dcc        0x4 CMakeFiles/John-ACD-Code.dir/home/acid/Clones/pico/pico-sdk/src/rp2_common/pico_stdio_uart/stdio_uart.c.o
 .binary_info.__bi_ptr202
                0x10007dd0        0x4 CMakeFiles/John-ACD-Code.dir/home/acid/Clones/pico/pico-sdk/src/rp2_common/pico_stdio_usb/stdio_usb.c.o
                0x10007dd4                        __binary_info_end = .
                0x10007dd4                        . = ALIGN (0x4)

.ram_vector_table
                0x20000000       0xc0
 *(.ram_vector_table)
 .ram_vector_table
                0x20000000       0xc0 CMakeFiles/John-ACD-Code.dir/home/acid/Clones/pico/pico-sdk/src/rp2_common/pico_runtime_init/runtime_init.c.o
                0x20000000                ram_vector_table

.uninitialized_data
                0x200000c0        0x0
                0x200000c0                        . = ALIGN (0x4)
 *(.uninitialized_data*)

.data           0x200000c0      0xc0c load address 0x10007dd4
                0x200000c0                        __data_start__ = .
 *(vtable)
 *(.time_critical*)
 .time_critical.mutex_try_enter
                0x200000c0       0x48 CMakeFiles/John-ACD-Code.dir/home/acid/Clones/pico/pico-sdk/src/common/pico_sync/mutex.c.o
                0x200000c0                mutex_try_enter
 .time_critical.mutex_enter_block_until
                0x20000108       0x90 CMakeFiles/John-ACD-Code.dir/home/acid/Clones/pico/pico-sdk/src/common/pico_sync/mutex.c.o
                0x20000108                mutex_enter_block_until
 .time_critical.mutex_try_enter_block_until
                0x20000198       0x34 CMakeFiles/John-ACD-Code.dir/home/acid/Clones/pico/pico-sdk/src/common/pico_sync/mutex.c.o
                0x20000198                mutex_try_enter_block_until
 .time_critical.mutex_enter_timeout_ms
                0x200001cc       0x3c CMakeFiles/John-ACD-Code.dir/home/acid/Clones/pico/pico-sdk/src/common/pico_sync/mutex.c.o
                0x200001cc                mutex_enter_timeout_ms
 .time_critical.mutex_exit
                0x20000208       0x4c CMakeFiles/John-ACD-Code.dir/home/acid/Clones/pico/pico-sdk/src/common/pico_sync/mutex.c.o
                0x20000208                mutex_exit
 .time_critical.flash_init_boot2_copyout
                0x20000254       0x30 CMakeFiles/John-ACD-Code.dir/home/acid/Clones/pico/pico-sdk/src/rp2_common/hardware_flash/flash.c.o
 .time_critical.flash_enable_xip_via_boot2
                0x20000284        0xc CMakeFiles/John-ACD-Code.dir/home/acid/Clones/pico/pico-sdk/src/rp2_common/hardware_flash/flash.c.o
 .time_critical.flash_save_hardware_state
                0x20000290       0x1c CMakeFiles/John-ACD-Code.dir/home/acid/Clones/pico/pico-sdk/src/rp2_common/hardware_flash/flash.c.o
 .time_critical.flash_restore_hardware_state
                0x200002ac       0x20 CMakeFiles/John-ACD-Code.dir/home/acid/Clones/pico/pico-sdk/src/rp2_common/hardware_flash/flash.c.o
 .time_critical.flash_cs_force
                0x200002cc       0x28 CMakeFiles/John-ACD-Code.dir/home/acid/Clones/pico/pico-sdk/src/rp2_common/hardware_flash/flash.c.o
 .time_critical.flash_do_cmd
                0x200002f4       0xec CMakeFiles/John-ACD-Code.dir/home/acid/Clones/pico/pico-sdk/src/rp2_common/hardware_flash/flash.c.o
                0x200002f4                flash_do_cmd
 .time_critical.reset_non_control_endpoints
                0x200003e0       0x40 CMakeFiles/John-ACD-Code.dir/home/acid/Clones/pico/pico-sdk/lib/tinyusb/src/portable/raspberrypi/rp2040/dcd_rp2040.c.o
 .time_critical.hw_handle_buff_status
                0x20000420       0x9c CMakeFiles/John-ACD-Code.dir/home/acid/Clones/pico/pico-sdk/lib/tinyusb/src/portable/raspberrypi/rp2040/dcd_rp2040.c.o
 .time_critical.dcd_rp2040_irq
                0x200004bc      0x204 CMakeFiles/John-ACD-Code.dir/home/acid/Clones/pico/pico-sdk/lib/tinyusb/src/portable/raspberrypi/rp2040/dcd_rp2040.c.o
 .time_critical.prepare_ep_buffer
                0x200006c0       0x6c CMakeFiles/John-ACD-Code.dir/home/acid/Clones/pico/pico-sdk/lib/tinyusb/src/portable/raspberrypi/rp2040/rp2040_usb.c.o
 .time_critical.e15_is_bulkin_ep
                0x2000072c       0x2c CMakeFiles/John-ACD-Code.dir/home/acid/Clones/pico/pico-sdk/lib/tinyusb/src/portable/raspberrypi/rp2040/rp2040_usb.c.o
 .time_critical.e15_is_critical_frame_period
                0x20000758       0x30 CMakeFiles/John-ACD-Code.dir/home/acid/Clones/pico/pico-sdk/lib/tinyusb/src/portable/raspberrypi/rp2040/rp2040_usb.c.o
 .time_critical.sync_ep_buffer
                0x20000788       0x78 CMakeFiles/John-ACD-Code.dir/home/acid/Clones/pico/pico-sdk/lib/tinyusb/src/portable/raspberrypi/rp2040/rp2040_usb.c.o
 .time_critical._hw_endpoint_xfer_sync
                0x20000800       0x28 CMakeFiles/John-ACD-Code.dir/home/acid/Clones/pico/pico-sdk/lib/tinyusb/src/portable/raspberrypi/rp2040/rp2040_usb.c.o
 .time_critical.hw_endpoint_reset_transfer
                0x20000828        0xc CMakeFiles/John-ACD-Code.dir/home/acid/Clones/pico/pico-sdk/lib/tinyusb/src/portable/raspberrypi/rp2040/rp2040_usb.c.o
                0x20000828                hw_endpoint_reset_transfer
 .time_critical._hw_endpoint_buffer_control_update32
                0x20000834       0x4c CMakeFiles/John-ACD-Code.dir/home/acid/Clones/pico/pico-sdk/lib/tinyusb/src/portable/raspberrypi/rp2040/rp2040_usb.c.o
                0x20000834                _hw_endpoint_buffer_control_update32
 .time_critical.hw_endpoint_start_next_buffer
                0x20000880       0x7c CMakeFiles/John-ACD-Code.dir/home/acid/Clones/pico/pico-sdk/lib/tinyusb/src/portable/raspberrypi/rp2040/rp2040_usb.c.o